May 24 16:35:22 localhost rsyslogd: [origin software="rsyslogd" swVersion="7.2.6" x-pid="937" x-info="http://www.rsyslog.com"] start
May 24 16:35:22 localhost kernel: [    0.000000] Linux version 4.9.122.Ar-15576426.4224M (arastra@dhcp-242-154-160.sjc.aristanetworks.com) (gcc version 6.3.1 20170216 (Red Hat 6.3.1-3) (crosstool-NG 1.20.0) ) #1 SMP PREEMPT Thu Feb 20 17:13:24 PST 2020
May 24 16:35:22 localhost kernel: [    0.000000] Command line:  SWI=flash:/EOS-2GB-4.22.4M.swi CONSOLESPEED=9600 tsc=reliable pcie_ports=native reboot=p console=ttyS0 reboot=p block_drive=pci0000:00/0000:00:11.0/.*host./target.:0:0/.*$ net_ma1=pci0000:00/0000:00:14.6$ net_usb1=pci0000:00/0000:00:12.2/usb1/1-1/.*$ platform=raven Aboot=Aboot-norcal2-2.0.10-1458058 block_flash=pci0000:00/0000:00:12.[02]/usb.*$ block_usb1=pci0000:00/0000:00:13.[02]/usb.*$ log_buf_len=2M systemd.show_status=0 systemd.default_standard_output=tty dmamem=54M-NO_IOMMU_CMA hwaddr_ma1=00:1c:73:86:00:68 amd_iommu=off acpi=off processor.max_cstate=1 intel_idle.max_cstate=1  kexec_jump_back_entry=0x31451043
May 24 16:35:22 localhost kernel: [    0.000000] x86/fpu: Legacy x87 FPU detected.
May 24 16:35:22 localhost kernel: [    0.000000] e820: BIOS-provided physical RAM map:
May 24 16:35:22 localhost kernel: [    0.000000] BIOS-e820: [mem 0x0000000000000000-0x0000000000000fff] reserved
May 24 16:35:22 localhost kernel: [    0.000000] BIOS-e820: [mem 0x0000000000001000-0x000000000009ffff] usable
May 24 16:35:22 localhost kernel: [    0.000000] BIOS-e820: [mem 0x00000000000c0000-0x00000000bffeffff] usable
May 24 16:35:22 localhost kernel: [    0.000000] BIOS-e820: [mem 0x00000000bfff0000-0x00000000bfffffff] reserved
May 24 16:35:22 localhost kernel: [    0.000000] BIOS-e820: [mem 0x0000000100000000-0x000000013fffffff] usable
May 24 16:35:22 localhost kernel: [    0.000000] NX (Execute Disable) protection: active
May 24 16:35:22 localhost kernel: [    0.000000] DMI not present or invalid.
May 24 16:35:22 localhost kernel: [    0.000000] Kernel/User page tables isolation: disabled
May 24 16:35:22 localhost kernel: [    0.000000] AGP: No AGP bridge found
May 24 16:35:22 localhost kernel: [    0.000000] e820: last_pfn = 0x140000 max_arch_pfn = 0x400000000
May 24 16:35:22 localhost kernel: [    0.000000] x86/PAT: Configuration [0-7]: WB  WT  UC- UC  WB  WT  UC- UC  
May 24 16:35:22 localhost kernel: [    0.000000] e820: last_pfn = 0xbfff0 max_arch_pfn = 0x400000000
May 24 16:35:22 localhost kernel: [    0.000000] found SMP MP-table at [mem 0x000f0400-0x000f040f] mapped at [ffff8800000f0400]
May 24 16:35:22 localhost kernel: [    0.000000] Using GB pages for direct mapping
May 24 16:35:22 localhost kernel: [    0.000000] log_buf_len: 2097152 bytes
May 24 16:35:22 localhost kernel: [    0.000000] early log buf free: 5144(62%)
May 24 16:35:22 localhost kernel: [    0.000000] RAMDISK: [mem 0x7fdf8000-0x7fff4fff]
May 24 16:35:22 localhost kernel: [    0.000000] Reserving 34MB of memory at 848MB for crashkernel (System RAM: 4095MB)
May 24 16:35:22 localhost kernel: [    0.000000] cma: Reserved 56 MiB at 0x00000000bc400000
May 24 16:35:22 localhost kernel: [    0.000000] dmamem: CMA reserved start:0xbc400000 size:0x3800000
May 24 16:35:22 localhost kernel: [    0.000000] Zone ranges:
May 24 16:35:22 localhost kernel: [    0.000000]   DMA      [mem 0x0000000000001000-0x0000000000ffffff]
May 24 16:35:22 localhost kernel: [    0.000000]   DMA32    [mem 0x0000000001000000-0x00000000ffffffff]
May 24 16:35:22 localhost kernel: [    0.000000]   Normal   [mem 0x0000000100000000-0x000000013fffffff]
May 24 16:35:22 localhost kernel: [    0.000000] Movable zone start for each node
May 24 16:35:22 localhost kernel: [    0.000000] Early memory node ranges
May 24 16:35:22 localhost kernel: [    0.000000]   node   0: [mem 0x0000000000001000-0x000000000009ffff]
May 24 16:35:22 localhost kernel: [    0.000000]   node   0: [mem 0x0000000000100000-0x00000000bffeffff]
May 24 16:35:22 localhost kernel: [    0.000000]   node   0: [mem 0x0000000100000000-0x000000013fffffff]
May 24 16:35:22 localhost kernel: [    0.000000] Initmem setup node 0 [mem 0x0000000000001000-0x000000013fffffff]
May 24 16:35:22 localhost kernel: [    0.000000] Intel MultiProcessor Specification v1.4
May 24 16:35:22 localhost kernel: [    0.000000] MPTABLE: OEM ID: Arista  
May 24 16:35:22 localhost kernel: [    0.000000] MPTABLE: Product ID: mainboard   
May 24 16:35:22 localhost kernel: [    0.000000] MPTABLE: APIC at: 0xFEE00000
May 24 16:35:22 localhost kernel: [    0.000000] Processor #0 (Bootup-CPU)
May 24 16:35:22 localhost kernel: [    0.000000] Processor #1
May 24 16:35:22 localhost kernel: [    0.000000] IOAPIC[0]: apic_id 1, version 33, address 0xfec00000, GSI 0-23
May 24 16:35:22 localhost kernel: [    0.000000] Processors: 2
May 24 16:35:22 localhost kernel: [    0.000000] smpboot: Allowing 2 CPUs, 0 hotplug CPUs
May 24 16:35:22 localhost kernel: [    0.000000] e820: [mem 0xc0000000-0xffffffff] available for PCI devices
May 24 16:35:22 localhost kernel: [    0.000000] Booting paravirtualized kernel on bare hardware
May 24 16:35:22 localhost kernel: [    0.000000] clocksource: refined-jiffies: mask: 0xffffffff max_cycles: 0xffffffff, max_idle_ns: 7645519600211568 ns
May 24 16:35:22 localhost kernel: [    0.000000] setup_percpu: NR_CPUS:16 nr_cpumask_bits:16 nr_cpu_ids:2 nr_node_ids:1
May 24 16:35:22 localhost kernel: [    0.000000] percpu: Embedded 35 pages/cpu @ffff88013fa00000 s104360 r8192 d30808 u1048576
May 24 16:35:22 localhost kernel: [    0.000000] Built 1 zonelists in Zone order, mobility grouping on.  Total pages: 1032057
May 24 16:35:22 localhost kernel: [    0.000000] Kernel command line: crashkernel=512-4G:34M,4G-8G:41M,8G-:53M nmi_watchdog=panic tsc=reliable pcie_ports=native reboot=p log_buf_len=1M usb-storage.delay_use=0 pti=off  SWI=flash:/EOS-2GB-4.22.4M.swi CONSOLESPEED=9600 tsc=reliable pcie_ports=native reboot=p console=ttyS0 reboot=p block_drive=pci0000:00/0000:00:11.0/.*host./target.:0:0/.*$ net_ma1=pci0000:00/0000:00:14.6$ net_usb1=pci0000:00/0000:00:12.2/usb1/1-1/.*$ platform=raven Aboot=Aboot-norcal2-2.0.10-1458058 block_flash=pci0000:00/0000:00:12.[02]/usb.*$ block_usb1=pci0000:00/0000:00:13.[02]/usb.*$ log_buf_len=2M systemd.show_status=0 systemd.default_standard_output=tty dmamem=54M-NO_IOMMU_CMA hwaddr_ma1=00:1c:73:86:00:68 amd_iommu=off acpi=off processor.max_cstate=1 intel_idle.max_cstate=1  kexec_jump_back_entry=0x31451043
May 24 16:35:22 localhost kernel: [    0.000000] PID hash table entries: 4096 (order: 3, 32768 bytes)
May 24 16:35:22 localhost kernel: [    0.000000] Dentry cache hash table entries: 524288 (order: 10, 4194304 bytes)
May 24 16:35:22 localhost kernel: [    0.000000] Inode-cache hash table entries: 262144 (order: 9, 2097152 bytes)
May 24 16:35:22 localhost kernel: [    0.000000] AGP: Checking aperture...
May 24 16:35:22 localhost kernel: [    0.000000] AGP: No AGP bridge found
May 24 16:35:22 localhost kernel: [    0.000000] AGP: Node 0: aperture [bus addr 0x00000000-0x01ffffff] (32MB)
May 24 16:35:22 localhost kernel: [    0.000000] AGP: Your BIOS doesn't leave an aperture memory hole
May 24 16:35:22 localhost kernel: [    0.000000] AGP: Please enable the IOMMU option in the BIOS setup
May 24 16:35:22 localhost kernel: [    0.000000] AGP: This costs you 64MB of RAM
May 24 16:35:22 localhost kernel: [    0.000000] AGP: Mapping aperture over RAM [mem 0xb4000000-0xb7ffffff] (65536KB)
May 24 16:35:22 localhost kernel: [    0.000000] Memory: 3878936K/4193852K available (6476K kernel code, 999K rwdata, 2252K rodata, 1348K init, 376K bss, 257572K reserved, 57344K cma-reserved)
May 24 16:35:22 localhost kernel: [    0.000000] SLUB: HWalign=64, Order=0-3, MinObjects=0, CPUs=2, Nodes=1
May 24 16:35:22 localhost kernel: [    0.000000] Preemptible hierarchical RCU implementation.
May 24 16:35:22 localhost kernel: [    0.000000] 	Build-time adjustment of leaf fanout to 64.
May 24 16:35:22 localhost kernel: [    0.000000] 	RCU restricting CPUs from NR_CPUS=16 to nr_cpu_ids=2.
May 24 16:35:22 localhost kernel: [    0.000000] RCU: Adjusting geometry for rcu_fanout_leaf=64, nr_cpu_ids=2
May 24 16:35:22 localhost kernel: [    0.000000] NR_IRQS:4352 nr_irqs:440 16
May 24 16:35:22 localhost kernel: [    0.000000] Console: colour dummy device 80x25
May 24 16:35:22 localhost kernel: [    0.000000] console [ttyS0] enabled
May 24 16:35:22 localhost kernel: [    0.000000] tsc: Fast TSC calibration using PIT
May 24 16:35:22 localhost kernel: [    0.000000] tsc: Detected 1499.986 MHz processor
May 24 16:35:22 localhost kernel: [    0.000004] Calibrating delay loop (skipped), value calculated using timer frequency.. 2999.97 BogoMIPS (lpj=5999944)
May 24 16:35:22 localhost kernel: [    0.000009] pid_max: default: 32768 minimum: 301
May 24 16:35:22 localhost kernel: [    0.000077] Mount-cache hash table entries: 8192 (order: 4, 65536 bytes)
May 24 16:35:22 localhost kernel: [    0.000080] Mountpoint-cache hash table entries: 8192 (order: 4, 65536 bytes)
May 24 16:35:22 localhost kernel: [    0.000531] mce: CPU supports 6 MCE banks
May 24 16:35:22 localhost kernel: [    0.000540] LVT offset 0 assigned for vector 0xf9
May 24 16:35:22 localhost kernel: [    0.000546] process: using AMD E400 aware idle routine
May 24 16:35:22 localhost kernel: [    0.000548] Last level iTLB entries: 4KB 512, 2MB 16, 4MB 8
May 24 16:35:22 localhost kernel: [    0.000550] Last level dTLB entries: 4KB 512, 2MB 128, 4MB 64, 1GB 0
May 24 16:35:22 localhost kernel: [    0.000564] Spectre V2 : Vulnerable: Minimal AMD ASM retpoline
May 24 16:35:22 localhost kernel: [    0.000566] Spectre V2 : Spectre v2 / SpectreRSB mitigation: Filling RSB on context switch
May 24 16:35:22 localhost kernel: [    0.001054] Freeing SMP alternatives memory: 28K
May 24 16:35:22 localhost kernel: [    0.002219] ftrace: allocating 29023 entries in 114 pages
May 24 16:35:22 localhost kernel: [    0.023529] smpboot: Max logical packages: 1
May 24 16:35:22 localhost kernel: [    0.024029] ..TIMER: vector=0x30 apic1=0 pin1=2 apic2=0 pin2=0
May 24 16:35:22 localhost kernel: [    0.276066] smpboot: CPU0: AMD Turion(tm) II Neo N41H Dual-Core Processor (family: 0x10, model: 0x6, stepping: 0x3)
May 24 16:35:22 localhost kernel: [    0.276075] Performance Events: AMD PMU driver.
May 24 16:35:22 localhost kernel: [    0.276082] ... version:                0
May 24 16:35:22 localhost kernel: [    0.276083] ... bit width:              48
May 24 16:35:22 localhost kernel: [    0.276084] ... generic registers:      4
May 24 16:35:22 localhost kernel: [    0.276086] ... value mask:             0000ffffffffffff
May 24 16:35:22 localhost kernel: [    0.276087] ... max period:             00007fffffffffff
May 24 16:35:22 localhost kernel: [    0.276088] ... fixed-purpose events:   0
May 24 16:35:22 localhost kernel: [    0.276090] ... event mask:             000000000000000f
May 24 16:35:22 localhost kernel: [    0.276173] process: System has AMD C1E enabled
May 24 16:35:22 localhost kernel: [    0.276182] process: Switch to broadcast mode on CPU0
May 24 16:35:22 localhost kernel: [    0.304954] MCE: In-kernel MCE decoding enabled.
May 24 16:35:22 localhost kernel: [    0.312321] NMI watchdog: enabled on all CPUs, permanently consumes one hw-PMU counter.
May 24 16:35:22 localhost kernel: [    0.352270] x86: Booting SMP configuration:
May 24 16:35:22 localhost kernel: [    0.352273] .... node  #0, CPUs:      #1
May 24 16:35:22 localhost kernel: [    0.352443] Skipped synchronization checks as TSC is reliable.
May 24 16:35:22 localhost kernel: [    0.352482] process: Switch to broadcast mode on CPU1
May 24 16:35:22 localhost kernel: [    0.352570] x86: Booted up 1 node, 2 CPUs
May 24 16:35:22 localhost kernel: [    0.352574] smpboot: Total of 2 processors activated (5999.94 BogoMIPS)
May 24 16:35:22 localhost kernel: [    0.353805] devtmpfs: initialized
May 24 16:35:22 localhost kernel: [    0.355022] clocksource: jiffies: mask: 0xffffffff max_cycles: 0xffffffff, max_idle_ns: 7645041785100000 ns
May 24 16:35:22 localhost kernel: [    0.355029] futex hash table entries: 512 (order: 3, 32768 bytes)
May 24 16:35:22 localhost kernel: [    0.355509] pinctrl core: initialized pinctrl subsystem
May 24 16:35:22 localhost kernel: [    0.355738] NET: Registered protocol family 16
May 24 16:35:22 localhost kernel: [    0.372259] cpuidle: using governor ladder
May 24 16:35:22 localhost kernel: [    0.372273] TOM: 00000000c0000000 aka 3072M
May 24 16:35:22 localhost kernel: [    0.372284] TOM2: 0000000140000000 aka 5120M
May 24 16:35:22 localhost kernel: [    0.372697] PCI: Using configuration type 1 for base access
May 24 16:35:22 localhost kernel: [    0.372699] PCI: Using configuration type 1 for extended access
May 24 16:35:22 localhost kernel: [    0.388694] HugeTLB registered 1 GB page size, pre-allocated 0 pages
May 24 16:35:22 localhost kernel: [    0.388697] HugeTLB registered 2 MB page size, pre-allocated 0 pages
May 24 16:35:22 localhost kernel: [    0.389034] ACPI: Interpreter disabled.
May 24 16:35:22 localhost kernel: [    0.389160] SCSI subsystem initialized
May 24 16:35:22 localhost kernel: [    0.389405] usbcore: registered new interface driver usbfs
May 24 16:35:22 localhost kernel: [    0.389425] usbcore: registered new interface driver hub
May 24 16:35:22 localhost kernel: [    0.389458] usbcore: registered new device driver usb
May 24 16:35:22 localhost kernel: [    0.389495] pps_core: LinuxPPS API ver. 1 registered
May 24 16:35:22 localhost kernel: [    0.389497] pps_core: Software ver. 5.3.6 - Copyright 2005-2007 Rodolfo Giometti <giometti@linux.it>
May 24 16:35:22 localhost kernel: [    0.389503] PTP clock support registered
May 24 16:35:22 localhost kernel: [    0.389509] EDAC MC: Ver: 3.0.0
May 24 16:35:22 localhost kernel: [    0.389740] dmi: Firmware registration failed.
May 24 16:35:22 localhost kernel: [    0.389758] PCI: Probing PCI hardware
May 24 16:35:22 localhost kernel: [    0.389822] PCI host bridge to bus 0000:00
May 24 16:35:22 localhost kernel: [    0.389828] pci_bus 0000:00: root bus resource [bus 00-05]
May 24 16:35:22 localhost kernel: [    0.389831] pci_bus 0000:00: root bus resource [io  0x0000-0xffff]
May 24 16:35:22 localhost kernel: [    0.389834] pci_bus 0000:00: root bus resource [mem 0xe4200000-0xffffffff]
May 24 16:35:22 localhost kernel: [    0.389837] pci_bus 0000:00: root bus resource [mem 0xc0000000-0xe41fffff]
May 24 16:35:22 localhost kernel: [    0.389839] pci_bus 0000:00: root bus resource [mem 0x140000000-0xfcffffffff]
May 24 16:35:22 localhost kernel: [    0.392971] pci_bus 0000:01: set in_fastreset to 0
May 24 16:35:22 localhost kernel: [    0.393181] pci 0000:00:01.0: PCI bridge to [bus 01]
May 24 16:35:22 localhost kernel: [    0.393216] pci_bus 0000:02: set in_fastreset to 0
May 24 16:35:22 localhost kernel: [    0.393251] pci 0000:00:04.0: PCI bridge to [bus 02]
May 24 16:35:22 localhost kernel: [    0.393285] pci_bus 0000:03: set in_fastreset to 0
May 24 16:35:22 localhost kernel: [    0.393317] pci 0000:00:08.0: PCI bridge to [bus 03]
May 24 16:35:22 localhost kernel: [    0.393352] pci_bus 0000:04: set in_fastreset to 0
May 24 16:35:22 localhost kernel: [    0.393685] pci 0000:00:09.0: PCI bridge to [bus 04]
May 24 16:35:22 localhost kernel: [    0.393719] pci_bus 0000:05: set in_fastreset to 0
May 24 16:35:22 localhost kernel: [    0.393751] pci 0000:00:0a.0: PCI bridge to [bus 05]
May 24 16:35:22 localhost kernel: [    0.393776] pci_bus 0000:06: set in_fastreset to 0
May 24 16:35:22 localhost kernel: [    0.393862] pci 0000:00:14.4: PCI bridge to [bus 06]
May 24 16:35:22 localhost kernel: [    0.393922] pci 0000:00:14.4: default IRQ router [1002:4384]
May 24 16:35:22 localhost kernel: [    0.394817] clocksource: Switched to clocksource refined-jiffies
May 24 16:35:22 localhost kernel: [    0.405638] VFS: Disk quotas dquot_6.6.0
May 24 16:35:22 localhost kernel: [    0.405670] VFS: Dquot-cache hash table entries: 512 (order 0, 4096 bytes)
May 24 16:35:22 localhost kernel: [    0.405765] pnp: PnP ACPI: disabled
May 24 16:35:22 localhost kernel: [    0.413662] pci 0000:00:14.6: BAR 6: assigned [mem 0xe4e00000-0xe4e0ffff pref]
May 24 16:35:22 localhost kernel: [    0.413668] pci 0000:00:01.0: PCI bridge to [bus 01]
May 24 16:35:22 localhost kernel: [    0.413672] pci 0000:00:01.0:   bridge window [io  0x7000-0x7fff]
May 24 16:35:22 localhost initblockdev: dosfsck returned 1 on /dev/sda1 /mnt/flash, verifying the partition again
May 24 16:35:22 localhost kernel: [    0.413676] pci 0000:00:01.0:   bridge window [mem 0xe4000000-0xe40fffff]
May 24 16:35:22 localhost kernel: [    0.413680] pci 0000:00:01.0:   bridge window [mem 0xe8000000-0xefffffff 64bit pref]
May 24 16:35:22 localhost kernel: [    0.413685] pci 0000:00:04.0: PCI bridge to [bus 02]
May 24 16:35:22 localhost kernel: [    0.413688] pci 0000:00:04.0:   bridge window [io  0x1000-0x1fff]
May 24 16:35:22 localhost kernel: [    0.413692] pci 0000:00:04.0:   bridge window [mem 0xe2000000-0xe3ffffff]
May 24 16:35:22 localhost kernel: [    0.413695] pci 0000:00:04.0:   bridge window [mem 0xe4200000-0xe43fffff 64bit pref]
May 24 16:35:22 localhost kernel: [    0.413700] pci 0000:00:08.0: PCI bridge to [bus 03]
May 24 16:35:22 localhost kernel: [    0.413703] pci 0000:00:08.0:   bridge window [io  0x2000-0x2fff]
May 24 16:35:22 localhost kernel: [    0.413707] pci 0000:00:08.0:   bridge window [mem 0xe4400000-0xe45fffff]
May 24 16:35:22 localhost kernel: [    0.413710] pci 0000:00:08.0:   bridge window [mem 0xe4600000-0xe47fffff 64bit pref]
May 24 16:35:22 localhost kernel: [    0.413715] pci 0000:00:09.0: PCI bridge to [bus 04]
May 24 16:35:22 localhost kernel: [    0.413718] pci 0000:00:09.0:   bridge window [io  0x3000-0x3fff]
May 24 16:35:22 localhost kernel: [    0.413721] pci 0000:00:09.0:   bridge window [mem 0xe0000000-0xe1ffffff]
May 24 16:35:22 localhost kernel: [    0.413725] pci 0000:00:09.0:   bridge window [mem 0xe4800000-0xe49fffff 64bit pref]
May 24 16:35:22 localhost kernel: [    0.413729] pci 0000:00:0a.0: PCI bridge to [bus 05]
May 24 16:35:22 localhost kernel: [    0.413732] pci 0000:00:0a.0:   bridge window [io  0x4000-0x4fff]
May 24 16:35:22 localhost kernel: [    0.413736] pci 0000:00:0a.0:   bridge window [mem 0xe4a00000-0xe4bfffff]
May 24 16:35:22 localhost kernel: [    0.413739] pci 0000:00:0a.0:   bridge window [mem 0xe4c00000-0xe4dfffff 64bit pref]
May 24 16:35:22 localhost kernel: [    0.413745] pci 0000:00:14.4: PCI bridge to [bus 06]
May 24 16:35:22 localhost kernel: [    0.413866] NET: Registered protocol family 2
May 24 16:35:22 localhost kernel: [    0.414337] TCP established hash table entries: 32768 (order: 6, 262144 bytes)
May 24 16:35:22 localhost kernel: [    0.414451] TCP bind hash table entries: 32768 (order: 8, 1048576 bytes)
May 24 16:35:22 localhost kernel: [    0.414812] TCP: Hash tables configured (established 32768 bind 32768)
May 24 16:35:22 localhost kernel: [    0.414881] UDP hash table entries: 2048 (order: 5, 196608 bytes)
May 24 16:35:22 localhost kernel: [    0.414960] UDP-Lite hash table entries: 2048 (order: 5, 196608 bytes)
May 24 16:35:22 localhost kernel: [    0.415400] NET: Registered protocol family 1
May 24 16:35:22 localhost kernel: [    0.415616] RPC: Registered named UNIX socket transport module.
May 24 16:35:22 localhost kernel: [    0.415634] RPC: Registered udp transport module.
May 24 16:35:22 localhost kernel: [    0.415635] RPC: Registered tcp transport module.
May 24 16:35:22 localhost kernel: [    0.415637] RPC: Registered tcp NFSv4.1 backchannel transport module.
May 24 16:35:22 localhost kernel: [    0.415646] pci 0000:00:01.0: MSI quirk detected; subordinate MSI disabled
May 24 16:35:22 localhost kernel: [    0.415686] pci 0000:00:12.0: PCI->APIC IRQ transform: INT A -> IRQ 22
May 24 16:35:22 localhost kernel: [    0.415718] pci 0000:00:12.2: PCI->APIC IRQ transform: INT B -> IRQ 23
May 24 16:35:22 localhost kernel: [    0.415743] pci 0000:00:13.0: PCI->APIC IRQ transform: INT A -> IRQ 22
May 24 16:35:22 localhost kernel: [    0.415767] pci 0000:00:13.2: PCI->APIC IRQ transform: INT B -> IRQ 23
May 24 16:35:22 localhost kernel: [    0.415803] pci 0000:00:16.0: PCI->APIC IRQ transform: INT A -> IRQ 23
May 24 16:35:22 localhost kernel: [    0.415827] pci 0000:00:16.2: PCI->APIC IRQ transform: INT B -> IRQ 22
May 24 16:35:22 localhost kernel: [    0.415861] pci 0000:01:05.0: Video device with shadowed ROM at [mem 0x000c0000-0x000dffff]
May 24 16:35:22 localhost kernel: [    0.416105] Unpacking initramfs...
May 24 16:35:22 localhost kernel: [    0.568086] Freeing initrd memory: 2036K
May 24 16:35:22 localhost kernel: [    0.568098] PCI-DMA: Disabling AGP.
May 24 16:35:22 localhost kernel: [    0.569981] PCI-DMA: aperture base @ b4000000 size 65536 KB
May 24 16:35:22 localhost kernel: [    0.569983] PCI-DMA: using GART IOMMU.
May 24 16:35:22 localhost kernel: [    0.569986] PCI-DMA: Reserving 64MB of IOMMU area in the AGP aperture
May 24 16:35:22 localhost kernel: [    0.575430] LVT offset 1 assigned for vector 0x400
May 24 16:35:22 localhost kernel: [    0.575444] IBS: LVT offset 1 assigned
May 24 16:35:22 localhost kernel: [    0.575521] perf: AMD IBS detected (0x0000001f)
May 24 16:35:22 localhost kernel: [    0.575600] platform rtc_cmos: registered platform RTC device (no PNP device found)
May 24 16:35:22 localhost kernel: [    0.576719] workingset: timestamp_bits=46 max_order=20 bucket_order=0
May 24 16:35:22 localhost kernel: [    0.581600] squashfs: version 4.0 (2009/01/31) Phillip Lougher
May 24 16:35:22 localhost kernel: [    0.582331] aufs 4.9
May 24 16:35:22 localhost kernel: [    0.583019] Block layer SCSI generic (bsg) driver version 0.4 loaded (major 248)
May 24 16:35:22 localhost kernel: [    0.583023] io scheduler noop registered (default)
May 24 16:35:22 localhost kernel: [    0.583171] pcieport 0000:00:04.0: can't find IRQ for PCI INT A; probably buggy MP table
May 24 16:35:22 localhost kernel: [    0.583369] pcieport 0000:00:08.0: can't find IRQ for PCI INT A; probably buggy MP table
May 24 16:35:22 localhost kernel: [    0.583522] pcieport 0000:00:09.0: can't find IRQ for PCI INT A; probably buggy MP table
May 24 16:35:22 localhost kernel: [    0.583673] pcieport 0000:00:0a.0: can't find IRQ for PCI INT A; probably buggy MP table
May 24 16:35:22 localhost kernel: [    0.583875] pcieport 0000:00:04.0: Signaling PME through PCIe PME interrupt
May 24 16:35:22 localhost kernel: [    0.583904] pcieport 0000:00:08.0: Signaling PME through PCIe PME interrupt
May 24 16:35:22 localhost kernel: [    0.583931] pcieport 0000:00:09.0: Signaling PME through PCIe PME interrupt
May 24 16:35:22 localhost kernel: [    0.583934] pci 0000:04:00.0: Signaling PME through PCIe PME interrupt
May 24 16:35:22 localhost kernel: [    0.583961] pcieport 0000:00:0a.0: Signaling PME through PCIe PME interrupt
May 24 16:35:22 localhost kernel: [    0.584132] pci_hotplug: PCI Hot Plug PCI Core version: 0.5
May 24 16:35:22 localhost kernel: [    0.584278] pcielw 0000:00:04.0:pcie004: link down
May 24 16:35:22 localhost kernel: [    0.584284] pcielw 0000:00:04.0:pcie004: link down processing complete
May 24 16:35:22 localhost kernel: [    0.584293] pcielw 0000:00:0a.0:pcie004: link down
May 24 16:35:22 localhost kernel: [    0.584296] pcielw 0000:00:0a.0:pcie004: link down processing complete
May 24 16:35:22 localhost kernel: [    0.584373] Serial: 8250/16550 driver, 4 ports, IRQ sharing disabled
May 24 16:35:22 localhost kernel: [    0.604863] serial8250: ttyS0 at I/O 0x3f8 (irq = 4, base_baud = 115200) is a 16550A
May 24 16:35:22 localhost kernel: [    0.609512] loop: module loaded
May 24 16:35:22 localhost kernel: [    0.609576] hv_vmbus: registering driver hv_storvsc
May 24 16:35:22 localhost kernel: [    0.609764] ahci 0000:00:11.0: PCI->APIC IRQ transform: INT A -> IRQ 20
May 24 16:35:22 localhost kernel: [    0.609875] ahci 0000:00:11.0: AHCI 0001.0200 32 slots 4 ports 6 Gbps 0xf impl SATA mode
May 24 16:35:22 localhost kernel: [    0.609880] ahci 0000:00:11.0: flags: 64bit ncq sntf ilck led clo pio slum part 
May 24 16:35:22 localhost kernel: [    0.610882] scsi host0: ahci
May 24 16:35:22 localhost kernel: [    0.611320] scsi host1: ahci
May 24 16:35:22 localhost kernel: [    0.611621] scsi host2: ahci
May 24 16:35:22 localhost kernel: [    0.611929] scsi host3: ahci
May 24 16:35:22 localhost kernel: [    0.612064] ata1: SATA max UDMA/133 abar m1024@0xe4113000 port 0xe4113100 irq 20
May 24 16:35:22 localhost kernel: [    0.612068] ata2: SATA max UDMA/133 abar m1024@0xe4113000 port 0xe4113180 irq 20
May 24 16:35:22 localhost kernel: [    0.612071] ata3: SATA max UDMA/133 abar m1024@0xe4113000 port 0xe4113200 irq 20
May 24 16:35:22 localhost kernel: [    0.612073] ata4: SATA max UDMA/133 abar m1024@0xe4113000 port 0xe4113280 irq 20
May 24 16:35:22 localhost kernel: [    0.612378] tg3.c:v3.137 (May 11, 2014)
May 24 16:35:22 localhost kernel: [    0.636288] tg3 0000:00:14.6: PCI->APIC IRQ transform: INT C -> IRQ 21
May 24 16:35:22 localhost kernel: [    0.637804] libphy: tg3 mdio bus: probed
May 24 16:35:22 localhost kernel: [    0.704293] pcielw 0000:00:09.0:pcie004: Devices already exist and appear valid.
May 24 16:35:22 localhost kernel: [    0.704311] pcielw 0000:00:08.0:pcie004: No devices found
May 24 16:35:22 localhost kernel: [    0.744344] Broadcom BCM50610 a6:01: attached PHY driver [Broadcom BCM50610] (mii_bus:phy_addr=a6:01, irq=-1)
May 24 16:35:22 localhost kernel: [    0.808281] tg3 0000:00:14.6: VPD access failed.  This is likely a firmware bug on this device.  Contact the card vendor for a firmware update
May 24 16:35:22 localhost kernel: [    0.816717] tg3 0000:00:14.6 eth0: Tigon3 [partno(none) rev 5785041] (PCI Express) MAC address 00:10:18:00:00:00
May 24 16:35:22 localhost kernel: [    0.816722] tg3 0000:00:14.6 eth0: RXcsums[1] LinkChgREG[0] MIirq[0] ASF[0] TSOcap[1]
May 24 16:35:22 localhost kernel: [    0.816725] tg3 0000:00:14.6 eth0: dma_rwctrl[76180000] dma_mask[32-bit]
May 24 16:35:22 localhost kernel: [    0.816793] e1000: Intel(R) PRO/1000 Network Driver - version 7.3.21-k8-NAPI
May 24 16:35:22 localhost kernel: [    0.816795] e1000: Copyright (c) 1999-2006 Intel Corporation.
May 24 16:35:22 localhost kernel: [    0.816832] e1000e: Intel(R) PRO/1000 Network Driver - 3.2.6-k
May 24 16:35:22 localhost kernel: [    0.816833] e1000e: Copyright(c) 1999 - 2015 Intel Corporation.
May 24 16:35:22 localhost kernel: [    0.816865] igb: Intel(R) Gigabit Ethernet Network Driver - version 5.4.0-k
May 24 16:35:22 localhost kernel: [    0.816866] igb: Copyright (c) 2007-2014 Intel Corporation.
May 24 16:35:22 localhost kernel: [    0.816893] ehci_hcd: USB 2.0 'Enhanced' Host Controller (EHCI) Driver
May 24 16:35:22 localhost kernel: [    0.816913] ehci-pci: EHCI PCI platform driver
May 24 16:35:22 localhost kernel: [    0.816948] ehci-pci 0000:00:12.2: PCI->APIC IRQ transform: INT B -> IRQ 23
May 24 16:35:22 localhost kernel: [    0.816983] ehci-pci 0000:00:12.2: EHCI Host Controller
May 24 16:35:22 localhost kernel: [    0.816994] ehci-pci 0000:00:12.2: new USB bus registered, assigned bus number 1
May 24 16:35:22 localhost kernel: [    0.817002] ehci-pci 0000:00:12.2: applying AMD SB700/SB800/Hudson-2/3 EHCI dummy qh workaround
May 24 16:35:22 localhost kernel: [    0.817012] ehci-pci 0000:00:12.2: debug port 1
May 24 16:35:22 localhost kernel: [    0.817068] ehci-pci 0000:00:12.2: irq 23, io mem 0xe4113400
May 24 16:35:22 localhost kernel: [    0.832301] ehci-pci 0000:00:12.2: USB 2.0 started, EHCI 1.00
May 24 16:35:22 localhost kernel: [    0.832419] usb usb1: New USB device found, idVendor=1d6b, idProduct=0002
May 24 16:35:22 localhost kernel: [    0.832423] usb usb1: New USB device strings: Mfr=3, Product=2, SerialNumber=1
May 24 16:35:22 localhost kernel: [    0.832426] usb usb1: Product: EHCI Host Controller
May 24 16:35:22 localhost kernel: [    0.832428] usb usb1: Manufacturer: Linux 4.9.122.Ar-15576426.4224M ehci_hcd
May 24 16:35:22 localhost kernel: [    0.832430] usb usb1: SerialNumber: 0000:00:12.2
May 24 16:35:22 localhost kernel: [    0.832761] hub 1-0:1.0: USB hub found
May 24 16:35:22 localhost kernel: [    0.832776] hub 1-0:1.0: 5 ports detected
May 24 16:35:22 localhost kernel: [    0.833054] ehci-pci 0000:00:13.2: PCI->APIC IRQ transform: INT B -> IRQ 23
May 24 16:35:22 localhost kernel: [    0.833083] ehci-pci 0000:00:13.2: EHCI Host Controller
May 24 16:35:22 localhost kernel: [    0.833092] ehci-pci 0000:00:13.2: new USB bus registered, assigned bus number 2
May 24 16:35:22 localhost kernel: [    0.833098] ehci-pci 0000:00:13.2: applying AMD SB700/SB800/Hudson-2/3 EHCI dummy qh workaround
May 24 16:35:22 localhost kernel: [    0.833109] ehci-pci 0000:00:13.2: debug port 1
May 24 16:35:22 localhost kernel: [    0.833153] ehci-pci 0000:00:13.2: irq 23, io mem 0xe4113500
May 24 16:35:22 localhost kernel: [    0.848290] ehci-pci 0000:00:13.2: USB 2.0 started, EHCI 1.00
May 24 16:35:22 localhost kernel: [    0.848390] usb usb2: New USB device found, idVendor=1d6b, idProduct=0002
May 24 16:35:22 localhost kernel: [    0.848394] usb usb2: New USB device strings: Mfr=3, Product=2, SerialNumber=1
May 24 16:35:22 localhost kernel: [    0.848396] usb usb2: Product: EHCI Host Controller
May 24 16:35:22 localhost kernel: [    0.848398] usb usb2: Manufacturer: Linux 4.9.122.Ar-15576426.4224M ehci_hcd
May 24 16:35:22 localhost kernel: [    0.848400] usb usb2: SerialNumber: 0000:00:13.2
May 24 16:35:22 localhost kernel: [    0.848744] hub 2-0:1.0: USB hub found
May 24 16:35:22 localhost kernel: [    0.848758] hub 2-0:1.0: 5 ports detected
May 24 16:35:22 localhost kernel: [    0.849037] ehci-pci 0000:00:16.2: PCI->APIC IRQ transform: INT B -> IRQ 22
May 24 16:35:22 localhost kernel: [    0.849066] ehci-pci 0000:00:16.2: EHCI Host Controller
May 24 16:35:22 localhost kernel: [    0.849075] ehci-pci 0000:00:16.2: new USB bus registered, assigned bus number 3
May 24 16:35:22 localhost kernel: [    0.849081] ehci-pci 0000:00:16.2: applying AMD SB700/SB800/Hudson-2/3 EHCI dummy qh workaround
May 24 16:35:22 localhost kernel: [    0.849092] ehci-pci 0000:00:16.2: debug port 1
May 24 16:35:22 localhost kernel: [    0.849148] ehci-pci 0000:00:16.2: irq 22, io mem 0xe4113600
May 24 16:35:22 localhost kernel: [    0.864302] ehci-pci 0000:00:16.2: USB 2.0 started, EHCI 1.00
May 24 16:35:22 localhost kernel: [    0.864399] usb usb3: New USB device found, idVendor=1d6b, idProduct=0002
May 24 16:35:22 localhost kernel: [    0.864402] usb usb3: New USB device strings: Mfr=3, Product=2, SerialNumber=1
May 24 16:35:22 localhost kernel: [    0.864404] usb usb3: Product: EHCI Host Controller
May 24 16:35:22 localhost kernel: [    0.864407] usb usb3: Manufacturer: Linux 4.9.122.Ar-15576426.4224M ehci_hcd
May 24 16:35:22 localhost kernel: [    0.864409] usb usb3: SerialNumber: 0000:00:16.2
May 24 16:35:22 localhost kernel: [    0.864739] hub 3-0:1.0: USB hub found
May 24 16:35:22 localhost kernel: [    0.864752] hub 3-0:1.0: 4 ports detected
May 24 16:35:22 localhost kernel: [    0.865001] ohci_hcd: USB 1.1 'Open' Host Controller (OHCI) Driver
May 24 16:35:22 localhost kernel: [    0.865010] ohci-pci: OHCI PCI platform driver
May 24 16:35:22 localhost kernel: [    0.865041] ohci-pci 0000:00:12.0: PCI->APIC IRQ transform: INT A -> IRQ 22
May 24 16:35:22 localhost kernel: [    0.865062] ohci-pci 0000:00:12.0: OHCI PCI host controller
May 24 16:35:22 localhost kernel: [    0.865071] ohci-pci 0000:00:12.0: new USB bus registered, assigned bus number 4
May 24 16:35:22 localhost kernel: [    0.865102] ohci-pci 0000:00:12.0: irq 22, io mem 0xe4110000
May 24 16:35:22 localhost kernel: [    0.928373] usb usb4: New USB device found, idVendor=1d6b, idProduct=0001
May 24 16:35:22 localhost kernel: [    0.928377] usb usb4: New USB device strings: Mfr=3, Product=2, SerialNumber=1
May 24 16:35:22 localhost kernel: [    0.928379] usb usb4: Product: OHCI PCI host controller
May 24 16:35:22 localhost kernel: [    0.928382] usb usb4: Manufacturer: Linux 4.9.122.Ar-15576426.4224M ohci_hcd
May 24 16:35:22 localhost kernel: [    0.928384] usb usb4: SerialNumber: 0000:00:12.0
May 24 16:35:22 localhost kernel: [    0.928715] hub 4-0:1.0: USB hub found
May 24 16:35:22 localhost kernel: [    0.928730] hub 4-0:1.0: 5 ports detected
May 24 16:35:22 localhost kernel: [    0.929007] ohci-pci 0000:00:13.0: PCI->APIC IRQ transform: INT A -> IRQ 22
May 24 16:35:22 localhost kernel: [    0.929029] ohci-pci 0000:00:13.0: OHCI PCI host controller
May 24 16:35:22 localhost kernel: [    0.929039] ohci-pci 0000:00:13.0: new USB bus registered, assigned bus number 5
May 24 16:35:22 localhost kernel: [    0.929086] ohci-pci 0000:00:13.0: irq 22, io mem 0xe4111000
May 24 16:35:22 localhost kernel: [    0.932317] ata1: SATA link down (SStatus 0 SControl 300)
May 24 16:35:22 localhost kernel: [    0.936312] ata2: SATA link down (SStatus 0 SControl 300)
May 24 16:35:22 localhost kernel: [    0.936359] ata4: SATA link down (SStatus 0 SControl 300)
May 24 16:35:22 localhost kernel: [    0.940317] ata3: SATA link down (SStatus 0 SControl 300)
May 24 16:35:22 localhost kernel: [    0.996371] usb usb5: New USB device found, idVendor=1d6b, idProduct=0001
May 24 16:35:22 localhost kernel: [    0.996375] usb usb5: New USB device strings: Mfr=3, Product=2, SerialNumber=1
May 24 16:35:22 localhost kernel: [    0.996378] usb usb5: Product: OHCI PCI host controller
May 24 16:35:22 localhost kernel: [    0.996380] usb usb5: Manufacturer: Linux 4.9.122.Ar-15576426.4224M ohci_hcd
May 24 16:35:22 localhost kernel: [    0.996382] usb usb5: SerialNumber: 0000:00:13.0
May 24 16:35:22 localhost kernel: [    0.996721] hub 5-0:1.0: USB hub found
May 24 16:35:22 localhost kernel: [    0.996737] hub 5-0:1.0: 5 ports detected
May 24 16:35:22 localhost kernel: [    0.997024] ohci-pci 0000:00:16.0: PCI->APIC IRQ transform: INT A -> IRQ 23
May 24 16:35:22 localhost kernel: [    0.997045] ohci-pci 0000:00:16.0: OHCI PCI host controller
May 24 16:35:22 localhost kernel: [    0.997055] ohci-pci 0000:00:16.0: new USB bus registered, assigned bus number 6
May 24 16:35:22 localhost kernel: [    0.997093] ohci-pci 0000:00:16.0: irq 23, io mem 0xe4112000
May 24 16:35:22 localhost kernel: [    1.064373] usb usb6: New USB device found, idVendor=1d6b, idProduct=0001
May 24 16:35:22 localhost kernel: [    1.064377] usb usb6: New USB device strings: Mfr=3, Product=2, SerialNumber=1
May 24 16:35:22 localhost kernel: [    1.064380] usb usb6: Product: OHCI PCI host controller
May 24 16:35:22 localhost kernel: [    1.064382] usb usb6: Manufacturer: Linux 4.9.122.Ar-15576426.4224M ohci_hcd
May 24 16:35:22 localhost kernel: [    1.064384] usb usb6: SerialNumber: 0000:00:16.0
May 24 16:35:22 localhost kernel: [    1.064745] hub 6-0:1.0: USB hub found
May 24 16:35:22 localhost kernel: [    1.064760] hub 6-0:1.0: 4 ports detected
May 24 16:35:22 localhost kernel: [    1.065044] uhci_hcd: USB Universal Host Controller Interface driver
May 24 16:35:22 localhost kernel: [    1.065173] usbcore: registered new interface driver usb-storage
May 24 16:35:22 localhost kernel: [    1.065214] i8042: PNP: No PS/2 controller found. Probing ports directly.
May 24 16:35:22 localhost kernel: [    2.087737] i8042: No controller found
May 24 16:35:22 localhost kernel: [    2.088000] rtc_cmos rtc_cmos: rtc core: registered rtc_cmos as rtc0
May 24 16:35:22 localhost kernel: [    2.088039] rtc_cmos rtc_cmos: alarms up to one day, 114 bytes nvram
May 24 16:35:22 localhost kernel: [    2.088075] i2c /dev entries driver
May 24 16:35:22 localhost kernel: [    2.088207] piix4_smbus 0000:00:14.0: SMBus Host Controller at 0x6000, revision 0
May 24 16:35:22 localhost kernel: [    2.088214] piix4_smbus 0000:00:14.0: Using register 0x2c for SMBus port selection
May 24 16:35:22 localhost kernel: [    2.088893] piix4_smbus 0000:00:14.0: Auxiliary SMBus Host Controller at 0xb20
May 24 16:35:22 localhost kernel: [    2.089110] sdhci: Secure Digital Host Controller Interface driver
May 24 16:35:22 localhost kernel: [    2.089112] sdhci: Copyright(c) Pierre Ossman
May 24 16:35:22 localhost kernel: [    2.089175] hidraw: raw HID events driver (C) Jiri Kosina
May 24 16:35:22 localhost kernel: [    2.089239] usbcore: registered new interface driver usbhid
May 24 16:35:22 localhost kernel: [    2.089240] usbhid: USB HID core driver
May 24 16:35:22 localhost kernel: [    2.089611] NET: Registered protocol family 10
May 24 16:35:22 localhost kernel: [    2.090363] NET: Registered protocol family 17
May 24 16:35:22 localhost kernel: [    2.091232] microcode: CPU0: patch_level=0x010000b6
May 24 16:35:22 localhost kernel: [    2.091243] microcode: CPU1: patch_level=0x010000b6
May 24 16:35:22 localhost kernel: [    2.091370] microcode: Microcode Update Driver: v2.01 <tigran@aivazian.fsnet.co.uk>, Peter Oruba
May 24 16:35:22 localhost kernel: [    2.091945] registered taskstats version 1
May 24 16:35:22 localhost kernel: [    2.092286] rtc_cmos rtc_cmos: setting system clock to 2020-05-24 16:34:40 UTC (1590338080)
May 24 16:35:22 localhost kernel: [    2.094286] Freeing unused kernel memory: 1348K
May 24 16:35:22 localhost kernel: [    2.094290] Write protecting the kernel read-only data: 12288k
May 24 16:35:22 localhost kernel: [    2.095512] Freeing unused kernel memory: 1700K
May 24 16:35:22 localhost kernel: [    2.104805] Freeing unused kernel memory: 1844K
May 24 16:35:22 localhost kernel: [    2.105141] random: init: uninitialized urandom read (4 bytes read)
May 24 16:35:22 localhost kernel: [    2.105747] random: sysinit: uninitialized urandom read (4 bytes read)
May 24 16:35:22 localhost kernel: [    2.175635] random: busybox: uninitialized urandom read (4 bytes read)
May 24 16:35:22 localhost kernel: [    2.176359] usb 1-3: new high-speed USB device number 2 using ehci-pci
May 24 16:35:22 localhost kernel: [    2.309270] tg3 0000:00:14.6 ma1: renamed from eth0
May 24 16:35:22 localhost kernel: [    2.330199] usb 1-3: New USB device found, idVendor=0e39, idProduct=2a00
May 24 16:35:22 localhost kernel: [    2.330204] usb 1-3: New USB device strings: Mfr=1, Product=2, SerialNumber=3
May 24 16:35:22 localhost kernel: [    2.330206] usb 1-3: Product: eUSB
May 24 16:35:22 localhost kernel: [    2.330209] usb 1-3: Manufacturer: SMART
May 24 16:35:22 localhost kernel: [    2.330211] usb 1-3: SerialNumber: 2014041758718780
May 24 16:35:22 localhost kernel: [    2.330589] usb-storage 1-3:1.0: USB Mass Storage device detected
May 24 16:35:22 localhost kernel: [    2.332462] scsi host4: usb-storage 1-3:1.0
May 24 16:35:22 localhost kernel: [    2.341593] scsi 4:0:0:0: Direct-Access     SMART    eUSB             0208 PQ: 0 ANSI: 0 CCS
May 24 16:35:22 localhost kernel: [    2.346976] sd 4:0:0:0: [sda] 3913728 512-byte logical blocks: (2.00 GB/1.87 GiB)
May 24 16:35:22 localhost kernel: [    2.350746] sd 4:0:0:0: [sda] Write Protect is off
May 24 16:35:22 localhost kernel: [    2.354491] sd 4:0:0:0: [sda] No Caching mode page found
May 24 16:35:22 localhost kernel: [    2.354495] sd 4:0:0:0: [sda] Assuming drive cache: write through
May 24 16:35:22 localhost kernel: [    2.363621]  sda: sda1 sda2
May 24 16:35:22 localhost kernel: [    2.373034] sd 4:0:0:0: [sda] Attached SCSI disk
May 24 16:35:22 localhost kernel: [    2.439025] random: fast init done
May 24 16:35:22 localhost kernel: [    2.676413] clocksource: tsc: mask: 0xffffffffffffffff max_cycles: 0x159f157374a, max_idle_ns: 440795253986 ns
May 24 16:35:22 localhost kernel: [    2.676441] clocksource: Switched to clocksource tsc
May 24 16:35:22 localhost kernel: [    7.548885] random: crng init done
May 24 16:35:22 localhost kernel: [    7.548889] random: 7 urandom warning(s) missed due to ratelimiting
May 24 16:35:22 localhost kernel: [   37.783289] aufs test_add:270:busybox[431]: uid/gid/perm /squashed-root 0/0/0555, 0/0/0755
May 24 16:35:22 localhost kernel: [   39.500666] systemd[1]: systemd 201 running in system mode. (+PAM +LIBWRAP +AUDIT +SELINUX +IMA +SYSVINIT +LIBCRYPTSETUP +GCRYPT +ACL +XZ)
May 24 16:35:22 localhost kernel: [   39.531053] systemd[1]: Failed to insert module 'autofs4'
May 24 16:35:22 localhost kernel: [   39.532056] systemd[1]: No hostname configured.
May 24 16:35:22 localhost kernel: [   39.532062] systemd[1]: Set hostname to <localhost>.
May 24 16:35:22 localhost kernel: [   39.539553] systemd[1]: /etc/mtab is not a symlink or not pointing to /proc/self/mounts. This is not supported anymore. Please make sure to replace this file by a symlink to avoid incorrect or misleading mount(8) output.
May 24 16:35:22 localhost kernel: [   39.716260] systemd[1]: Cannot add dependency job for unit display-manager.service, ignoring: Unit display-manager.service failed to load: No such file or directory. See system logs and 'systemctl status display-manager.service' for details.
May 24 16:35:22 localhost kernel: [   39.716616] systemd[1]: Expecting device dev-ttyS0.device...
May 24 16:35:22 localhost kernel: [   39.721329] systemd[1]: Starting Apply net.conf.ipv*.all workaround...
May 24 16:35:22 localhost kernel: [   39.722273] systemd[1]: Starting Syslog Socket.
May 24 16:35:22 localhost kernel: [   39.722348] systemd[1]: Listening on Syslog Socket.
May 24 16:35:22 localhost kernel: [   40.018322] irqbypass loaded by (name modprobe | pid 491) < (name kvm.modules | pid 484) < (name fedora-loadmodu | pid 462) < (name systemd | pid 1) < (name swapper/0 | pid 0)(name swapper/0 | pid 0)(name swapper/0 | pid 0)(name swapper/0 | pid 0)(name swapper/0 | pid 0)(name swapper/0 
May 24 16:35:22 localhost kernel: [   40.088760] kvm loaded by (name modprobe | pid 491) < (name kvm.modules | pid 484) < (name fedora-loadmodu | pid 462) < (name systemd | pid 1) < (name swapper/0 | pid 0)(name swapper/0 | pid 0)(name swapper/0 | pid 0)(name swapper/0 | pid 0)(name swapper/0 | pid 0)(name swapper/0 
May 24 16:35:22 localhost kernel: [   40.099369] systemd-udevd[505]: starting version 201
May 24 16:35:22 localhost kernel: [   40.114537] kvm_amd loaded by (name modprobe | pid 491) < (name kvm.modules | pid 484) < (name fedora-loadmodu | pid 462) < (name systemd | pid 1) < (name swapper/0 | pid 0)(name swapper/0 | pid 0)(name swapper/0 | pid 0)(name swapper/0 | pid 0)(name swapper/0 | pid 0)(name swapper/0 
May 24 16:35:22 localhost kernel: [   40.114822] kvm: Nested Virtualization enabled
May 24 16:35:22 localhost kernel: [   40.114826] kvm: Nested Paging enabled
May 24 16:35:22 localhost kernel: [   41.159156] k10temp loaded by (name systemd-udevd | pid 562) < (name systemd-udevd | pid 505) < (name systemd | pid 1) < (name swapper/0 | pid 0)(name swapper/0 | pid 0)(name swapper/0 | pid 0)(name swapper/0 | pid 0)(name swapper/0 | pid 0)(name swapper/0 | pid 0)(name swapper/0 | pi
May 24 16:35:22 localhost kernel: [   41.173735] kshim: loading out-of-tree module taints kernel.
May 24 16:35:22 localhost kernel: [   41.173740] kshim: module license 'Proprietary' taints kernel.
May 24 16:35:22 localhost kernel: [   41.173742] Disabling lock debugging due to kernel taint
May 24 16:35:22 localhost kernel: [   41.173909] kshim loaded by (name systemd-udevd | pid 669) < (name systemd-udevd | pid 505) < (name systemd | pid 1) < (name swapper/0 | pid 0)(name swapper/0 | pid 0)(name swapper/0 | pid 0)(name swapper/0 | pid 0)(name swapper/0 | pid 0)(name swapper/0 | pid 0)(name swapper/0 | pi
May 24 16:35:22 localhost kernel: [   41.179562] uio loaded by (name systemd-udevd | pid 669) < (name systemd-udevd | pid 505) < (name systemd | pid 1) < (name swapper/0 | pid 0)(name swapper/0 | pid 0)(name swapper/0 | pid 0)(name swapper/0 | pid 0)(name swapper/0 | pid 0)(name swapper/0 | pid 0)(name swapper/0 | pi
May 24 16:35:22 localhost kernel: [   41.187170] scd loaded by (name systemd-udevd | pid 669) < (name systemd-udevd | pid 505) < (name systemd | pid 1) < (name swapper/0 | pid 0)(name swapper/0 | pid 0)(name swapper/0 | pid 0)(name swapper/0 | pid 0)(name swapper/0 | pid 0)(name swapper/0 | pid 0)(name swapper/0 | pi
May 24 16:35:22 localhost kernel: [   41.187174] scd module installed
May 24 16:35:22 localhost kernel: [   41.187246] scd 0000:04:00.0: PCI->APIC IRQ transform: INT A -> IRQ 17
May 24 16:35:22 localhost kernel: [   41.187280] pmd_set_huge: Cannot satisfy [mem 0xe0000000-0xe0200000] with a huge-page mapping due to MTRR override.
May 24 16:35:22 localhost kernel: [   41.187747] scd 0000:04:00.0: scd detected
May 24 16:35:22 localhost kernel: [   41.187747]    FPGA revision 38, board revision 879
May 24 16:35:22 localhost kernel: [   41.209426] amd64_edac_mod loaded by (name systemd-udevd | pid 562) < (name systemd-udevd | pid 505) < (name systemd | pid 1) < (name swapper/0 | pid 0)(name swapper/0 | pid 0)(name swapper/0 | pid 0)(name swapper/0 | pid 0)(name swapper/0 | pid 0)(name swapper/0 | pid 0)(name swapper/0 | pi
May 24 16:35:22 localhost kernel: [   41.209444] EDAC amd64: Node 0: DRAM ECC enabled.
May 24 16:35:22 localhost kernel: [   41.209448] EDAC amd64: F10h detected (node 0).
May 24 16:35:22 localhost kernel: [   41.209484] EDAC amd64: MC: 0:  2048MB 1:     0MB
May 24 16:35:22 localhost kernel: [   41.209485] EDAC amd64: MC: 2:     0MB 3:     0MB
May 24 16:35:22 localhost kernel: [   41.209487] EDAC amd64: MC: 4:     0MB 5:     0MB
May 24 16:35:22 localhost kernel: [   41.209489] EDAC amd64: MC: 6:     0MB 7:     0MB
May 24 16:35:22 localhost kernel: [   41.209492] EDAC amd64: MC: 0:  2048MB 1:     0MB
May 24 16:35:22 localhost kernel: [   41.209493] EDAC amd64: MC: 2:     0MB 3:     0MB
May 24 16:35:22 localhost kernel: [   41.209495] EDAC amd64: MC: 4:     0MB 5:     0MB
May 24 16:35:22 localhost kernel: [   41.209496] EDAC amd64: MC: 6:     0MB 7:     0MB
May 24 16:35:22 localhost kernel: [   41.209498] EDAC amd64: using x4 syndromes.
May 24 16:35:22 localhost kernel: [   41.209499] EDAC amd64: MCT channel count: 2
May 24 16:35:22 localhost kernel: [   41.209728] EDAC MC0: Giving out device to module amd64_edac controller F10h: DEV 0000:00:18.3 (INTERRUPT)
May 24 16:35:22 localhost kernel: [   41.209755] EDAC PCI0: Giving out device to module amd64_edac controller EDAC PCI controller: DEV 0000:00:18.2 (POLLED)
May 24 16:35:22 localhost kernel: [   41.209756] AMD64 EDAC driver v3.5.0
May 24 16:35:22 localhost kernel: [   43.673289] xfrm_algo loaded by (name modprobe | pid 1020) < (name starter | pid 928) < (name systemd | pid 1) < (name swapper/0 | pid 0)(name swapper/0 | pid 0)(name swapper/0 | pid 0)(name swapper/0 | pid 0)(name swapper/0 | pid 0)(name swapper/0 | pid 0)(name swapper/0 | pid 0)(name 
May 24 16:35:22 localhost kernel: [   43.697539] af_key loaded by (name modprobe | pid 1020) < (name starter | pid 928) < (name systemd | pid 1) < (name swapper/0 | pid 0)(name swapper/0 | pid 0)(name swapper/0 | pid 0)(name swapper/0 | pid 0)(name swapper/0 | pid 0)(name swapper/0 | pid 0)(name swapper/0 | pid 0)(name 
May 24 16:35:22 localhost kernel: [   43.697555] NET: Registered protocol family 15
May 24 16:35:22 localhost kernel: [   43.737910] x_tables loaded by (name modprobe | pid 1024) < (name ip6tables-resto | pid 999) < (name ip6tables.init | pid 929) < (name systemd | pid 1) < (name swapper/0 | pid 0)(name swapper/0 | pid 0)(name swapper/0 | pid 0)(name swapper/0 | pid 0)(name swapper/0 | pid 0)(name swappe
May 24 16:35:22 localhost kernel: [   43.769499] ah4 loaded by (name modprobe | pid 1027) < (name starter | pid 928) < (name systemd | pid 1) < (name swapper/0 | pid 0)(name swapper/0 | pid 0)(name swapper/0 | pid 0)(name swapper/0 | pid 0)(name swapper/0 | pid 0)(name swapper/0 | pid 0)(name swapper/0 | pid 0)(name 
May 24 16:35:22 localhost kernel: [   43.778073] ip_tables loaded by (name modprobe | pid 1025) < (name iptables-restor | pid 995) < (name iptables.init | pid 930) < (name systemd | pid 1) < (name swapper/0 | pid 0)(name swapper/0 | pid 0)(name swapper/0 | pid 0)(name swapper/0 | pid 0)(name swapper/0 | pid 0)(name swapper
May 24 16:35:22 localhost kernel: [   43.778090] ip_tables: (C) 2000-2006 Netfilter Core Team
May 24 16:35:22 localhost kernel: [   43.781083] ip6_tables loaded by (name modprobe | pid 1024) < (name ip6tables-resto | pid 999) < (name ip6tables.init | pid 929) < (name systemd | pid 1) < (name swapper/0 | pid 0)(name swapper/0 | pid 0)(name swapper/0 | pid 0)(name swapper/0 | pid 0)(name swapper/0 | pid 0)(name swappe
May 24 16:35:22 localhost kernel: [   43.781100] ip6_tables: (C) 2000-2006 Netfilter Core Team
May 24 16:35:22 localhost kernel: [   43.797569] iptable_filter loaded by (name modprobe | pid 1037) < (name kworker/u4:2 | pid 71) < (name kthreadd | pid 2) < (name swapper/0 | pid 0)(name swapper/0 | pid 0)(name swapper/0 | pid 0)(name swapper/0 | pid 0)(name swapper/0 | pid 0)(name swapper/0 | pid 0)(name swapper/0 | pid 0)(
May 24 16:35:22 localhost kernel: [   43.802071] ip6table_filter loaded by (name modprobe | pid 1038) < (name kworker/u4:3 | pid 72) < (name kthreadd | pid 2) < (name swapper/0 | pid 0)(name swapper/0 | pid 0)(name swapper/0 | pid 0)(name swapper/0 | pid 0)(name swapper/0 | pid 0)(name swapper/0 | pid 0)(name swapper/0 | pid 0)(
May 24 16:35:22 localhost kernel: [   43.840581] iptable_raw loaded by (name modprobe | pid 1043) < (name kworker/u4:3 | pid 72) < (name kthreadd | pid 2) < (name swapper/0 | pid 0)(name swapper/0 | pid 0)(name swapper/0 | pid 0)(name swapper/0 | pid 0)(name swapper/0 | pid 0)(name swapper/0 | pid 0)(name swapper/0 | pid 0)(
May 24 16:35:22 localhost kernel: [   43.842409] esp4 loaded by (name modprobe | pid 1036) < (name starter | pid 928) < (name systemd | pid 1) < (name swapper/0 | pid 0)(name swapper/0 | pid 0)(name swapper/0 | pid 0)(name swapper/0 | pid 0)(name swapper/0 | pid 0)(name swapper/0 | pid 0)(name swapper/0 | pid 0)(name 
May 24 16:35:22 localhost kernel: [   43.892687] xt_mark loaded by (name modprobe | pid 1045) < (name kworker/u4:3 | pid 72) < (name kthreadd | pid 2) < (name swapper/0 | pid 0)(name swapper/0 | pid 0)(name swapper/0 | pid 0)(name swapper/0 | pid 0)(name swapper/0 | pid 0)(name swapper/0 | pid 0)(name swapper/0 | pid 0)(
May 24 16:35:22 localhost kernel: [   43.897923] ip6table_raw loaded by (name modprobe | pid 1046) < (name kworker/u4:2 | pid 71) < (name kthreadd | pid 2) < (name swapper/0 | pid 0)(name swapper/0 | pid 0)(name swapper/0 | pid 0)(name swapper/0 | pid 0)(name swapper/0 | pid 0)(name swapper/0 | pid 0)(name swapper/0 | pid 0)(
May 24 16:35:22 localhost kernel: [   43.911027] xfrm_ipcomp loaded by (name modprobe | pid 1044) < (name starter | pid 928) < (name systemd | pid 1) < (name swapper/0 | pid 0)(name swapper/0 | pid 0)(name swapper/0 | pid 0)(name swapper/0 | pid 0)(name swapper/0 | pid 0)(name swapper/0 | pid 0)(name swapper/0 | pid 0)(name 
May 24 16:35:22 localhost kernel: [   43.938018] nf_conntrack loaded by (name modprobe | pid 1052) < (name kworker/u4:3 | pid 72) < (name kthreadd | pid 2) < (name swapper/0 | pid 0)(name swapper/0 | pid 0)(name swapper/0 | pid 0)(name swapper/0 | pid 0)(name swapper/0 | pid 0)(name swapper/0 | pid 0)(name swapper/0 | pid 0)(
May 24 16:35:22 localhost kernel: [   43.938162] nf_conntrack version 0.5.0 (16384 buckets, 65536 max)
May 24 16:35:22 localhost kernel: [   43.945683] xt_CT loaded by (name modprobe | pid 1051) < (name kworker/u4:2 | pid 71) < (name kthreadd | pid 2) < (name swapper/0 | pid 0)(name swapper/0 | pid 0)(name swapper/0 | pid 0)(name swapper/0 | pid 0)(name swapper/0 | pid 0)(name swapper/0 | pid 0)(name swapper/0 | pid 0)(
May 24 16:35:22 localhost kernel: [   43.956861] ipcomp loaded by (name modprobe | pid 1044) < (name starter | pid 928) < (name systemd | pid 1) < (name swapper/0 | pid 0)(name swapper/0 | pid 0)(name swapper/0 | pid 0)(name swapper/0 | pid 0)(name swapper/0 | pid 0)(name swapper/0 | pid 0)(name swapper/0 | pid 0)(name 
May 24 16:35:22 localhost kernel: [   43.986008] nf_conntrack_tftp loaded by (name modprobe | pid 1053) < (name iptables.init | pid 930) < (name systemd | pid 1) < (name swapper/0 | pid 0)(name swapper/0 | pid 0)(name swapper/0 | pid 0)(name swapper/0 | pid 0)(name swapper/0 | pid 0)(name swapper/0 | pid 0)(name swapper/0 | pid 0)
May 24 16:35:22 localhost kernel: [   44.038570] xt_conntrack loaded by (name modprobe | pid 1059) < (name iptables.init | pid 930) < (name systemd | pid 1) < (name swapper/0 | pid 0)(name swapper/0 | pid 0)(name swapper/0 | pid 0)(name swapper/0 | pid 0)(name swapper/0 | pid 0)(name swapper/0 | pid 0)(name swapper/0 | pid 0)
May 24 16:35:22 localhost kernel: [   44.052425] tunnel4 loaded by (name modprobe | pid 1055) < (name starter | pid 928) < (name systemd | pid 1) < (name swapper/0 | pid 0)(name swapper/0 | pid 0)(name swapper/0 | pid 0)(name swapper/0 | pid 0)(name swapper/0 | pid 0)(name swapper/0 | pid 0)(name swapper/0 | pid 0)(name 
May 24 16:35:22 localhost kernel: [   44.081981] xfrm4_tunnel loaded by (name modprobe | pid 1055) < (name starter | pid 928) < (name systemd | pid 1) < (name swapper/0 | pid 0)(name swapper/0 | pid 0)(name swapper/0 | pid 0)(name swapper/0 | pid 0)(name swapper/0 | pid 0)(name swapper/0 | pid 0)(name swapper/0 | pid 0)(name 
May 24 16:35:22 localhost kernel: [   44.082880] nf_conntrack_ftp loaded by (name modprobe | pid 1063) < (name iptables.init | pid 930) < (name systemd | pid 1) < (name swapper/0 | pid 0)(name swapper/0 | pid 0)(name swapper/0 | pid 0)(name swapper/0 | pid 0)(name swapper/0 | pid 0)(name swapper/0 | pid 0)(name swapper/0 | pid 0)
May 24 16:35:22 localhost kernel: [   44.142309] nf_nat loaded by (name modprobe | pid 1069) < (name iptables.init | pid 930) < (name systemd | pid 1) < (name swapper/0 | pid 0)(name swapper/0 | pid 0)(name swapper/0 | pid 0)(name swapper/0 | pid 0)(name swapper/0 | pid 0)(name swapper/0 | pid 0)(name swapper/0 | pid 0)
May 24 16:35:22 localhost kernel: [   44.181116] xfrm_user loaded by (name modprobe | pid 1068) < (name starter | pid 928) < (name systemd | pid 1) < (name swapper/0 | pid 0)(name swapper/0 | pid 0)(name swapper/0 | pid 0)(name swapper/0 | pid 0)(name swapper/0 | pid 0)(name swapper/0 | pid 0)(name swapper/0 | pid 0)(name 
May 24 16:35:22 localhost kernel: [   44.181120] Initializing XFRM netlink socket
May 24 16:35:22 localhost kernel: [   44.201760] nf_nat_ftp loaded by (name modprobe | pid 1069) < (name iptables.init | pid 930) < (name systemd | pid 1) < (name swapper/0 | pid 0)(name swapper/0 | pid 0)(name swapper/0 | pid 0)(name swapper/0 | pid 0)(name swapper/0 | pid 0)(name swapper/0 | pid 0)(name swapper/0 | pid 0)
May 24 16:35:22 localhost kernel: [   44.243370] nf_conntrack_sip loaded by (name modprobe | pid 1082) < (name iptables.init | pid 930) < (name systemd | pid 1) < (name swapper/0 | pid 0)(name swapper/0 | pid 0)(name swapper/0 | pid 0)(name swapper/0 | pid 0)(name swapper/0 | pid 0)(name swapper/0 | pid 0)(name swapper/0 | pid 0)
May 24 16:35:22 localhost kernel: [   44.252671] nf_nat_sip loaded by (name modprobe | pid 1084) < (name iptables.init | pid 930) < (name systemd | pid 1) < (name swapper/0 | pid 0)(name swapper/0 | pid 0)(name swapper/0 | pid 0)(name swapper/0 | pid 0)(name swapper/0 | pid 0)(name swapper/0 | pid 0)(name swapper/0 | pid 0)
May 24 16:35:22 localhost kernel: [   44.308798] xt_sctp loaded by (name modprobe | pid 1085) < (name iptables.init | pid 930) < (name systemd | pid 1) < (name swapper/0 | pid 0)(name swapper/0 | pid 0)(name swapper/0 | pid 0)(name swapper/0 | pid 0)(name swapper/0 | pid 0)(name swapper/0 | pid 0)(name swapper/0 | pid 0)
May 24 16:35:23 localhost kernel: [   45.236922] systemd[1]: Started Login Service.
May 24 16:35:25 localhost kernel: [   47.132975] systemd[1]: Started Mount and fsck the SSD device for use by Arista..
May 24 16:35:25 localhost kernel: [   47.133045] systemd[1]: Starting service to copy fossil files from temp storage to flash...
May 24 16:35:25 localhost kernel: [   47.133989] systemd[1]: Starting Setup log archiving for EOS....
May 24 16:35:25 localhost kernel: [   47.147066] systemd[1]: Started service to copy fossil files from temp storage to flash.
May 24 16:35:25 localhost kernel: [   47.506082] systemd[1]: Started SsuRestore systemd service..
May 24 16:35:25 localhost kernel: [   47.506157] systemd[1]: Starting AsuFastPktTransmit systemd service....
May 24 16:35:25 localhost kernel: [   47.507074] systemd[1]: Started AsuFastPktTransmit systemd service..
May 24 16:35:26 localhost kernel: [   47.998264] systemd[1]: Started Perform cEOS specific initialization if we're running cEOS.
May 24 16:35:26 localhost archive-init: selecting archive: no valid candidate found
May 24 16:35:26 localhost kernel: [   48.154873] systemd[1]: Started Setup log archiving for EOS..
May 24 16:35:26 localhost python: %EXTENSION-6-INSTALLING: Installing extension TerminAttr-1.7.4-1.swix, version v1.7.4, SHA-1 61c42ae2ae3bdaac3f61f457d3993215edeb05fe
May 24 16:35:31 localhost python: %EXTENSION-6-INSTALLED: Extension TerminAttr-1.7.4-1.swix has been installed.
May 24 16:35:31 localhost kernel: [   52.947884] systemd[1]: Started BootExtension systemd service..
May 24 16:35:31 localhost kernel: [   52.947965] systemd[1]: Starting EosReadPrefdl systemd service, it reads prefdl and saves it as /etc/prefdl...
May 24 16:35:36 localhost kernel: [   58.130790] systemd[1]: Started EosReadPrefdl systemd service, it reads prefdl and saves it as /etc/prefdl.
May 24 16:35:36 localhost kernel: [   58.130869] systemd[1]: Starting SYSV: find out if I am deprecated and store it at /etc/deprecated...
May 24 16:35:36 localhost kernel: [   58.131721] systemd[1]: Starting Removes any pkgs not needed by this platform, should be run before netnsd launch...
May 24 16:35:37 localhost kernel: [   58.638516] systemd[1]: Started SYSV: find out if I am deprecated and store it at /etc/deprecated.
May 24 16:35:37 localhost kernel: [   58.638591] systemd[1]: Starting SYSV: ConnMgr initiate socket connection to Sysdb...
May 24 16:35:37 localhost kernel: [   59.255675] systemd[1]: Started SYSV: ConnMgr initiate socket connection to Sysdb.
May 24 16:35:39 localhost kernel: [   61.347965] systemd[1]: Started Removes any pkgs not needed by this platform, should be run before netnsd launch.
May 24 16:35:39 localhost kernel: [   61.348045] systemd[1]: Starting SYSV: ProcMgr is an Arastra tool that keeps our daemons running....
May 24 16:36:05 localhost logEosStarted: %EOS-6-STARTED: EOS started.
May 24 16:36:05 localhost kernel: [   87.015601] systemd[1]: Started SYSV: ProcMgr is an Arastra tool that keeps our daemons running..
May 24 16:36:05 localhost kernel: [   87.015716] systemd[1]: Starting SYSV: Eos system stage 1 init script (runs after POST, as early as...
May 24 16:36:05 localhost kernel: [   87.016571] systemd[1]: Starting watchdog service. This service stops watchdog before ProcMgr....
May 24 16:36:05 localhost kernel: [   87.048318] systemd[1]: Started watchdog service. This service stops watchdog before ProcMgr..
May 24 16:36:06 localhost kernel: [   88.085013] systemd[1]: Started SYSV: Eos system stage 1 init script (runs after POST, as early as.
May 24 16:36:06 localhost kernel: [   88.085091] systemd[1]: Starting SYSV: EosCloudInit is used in vEOS for running in Cloud (AWS, Azure,..)...
May 24 16:36:06 localhost kernel: [   88.235689] systemd[1]: Started SYSV: EosCloudInit is used in vEOS for running in Cloud (AWS, Azure,..).
May 24 16:36:06 localhost kernel: [   88.235770] systemd[1]: Starting SYSV: Install test FDLs if any when running Autotest...
May 24 16:36:06 localhost kernel: [   88.243406] systemd[1]: Started SYSV: Install test FDLs if any when running Autotest.
May 24 16:36:06 localhost kernel: [   88.243487] systemd[1]: Starting NorCal systemd service....
May 24 16:36:08 localhost kernel: [   90.300078] dmamem_mod loaded by (name modprobe | pid 1391) < (name python | pid 1376) < (name NorCal | pid 1373) < (name systemd | pid 1) < (name swapper/0 | pid 0)(name swapper/0 | pid 0)(name swapper/0 | pid 0)(name swapper/0 | pid 0)(name swapper/0 | pid 0)(name swapper/0 | pid 0)(na
May 24 16:36:08 localhost kernel: [   90.300092] [dmamem] module loaded
May 24 16:36:17 localhost kernel: [   99.065673] systemd[1]: Started NorCal systemd service..
May 24 16:36:17 localhost kernel: [   99.065748] systemd[1]: Starting SYSV: Exclusive ssh service for internal mgmt i/f...
May 24 16:36:17 localhost kernel: [   99.122259] systemd[1]: Started SYSV: Exclusive ssh service for internal mgmt i/f.
May 24 16:36:17 localhost kernel: [   99.122337] systemd[1]: Starting SYSV: Adjusts the oom_score_adj score of non-procmanager processes so that...
May 24 16:36:17 localhost kernel: [   99.145142] systemd[1]: Started SYSV: Adjusts the oom_score_adj score of non-procmanager processes so that.
May 24 16:36:17 localhost kernel: [   99.145219] systemd[1]: Starting SYSV: Eos system init script (runs after POST, before ProcMgr)...
May 24 16:36:18 localhost kernel: [   99.673284] tun loaded by (name modprobe | pid 1428) < (name python | pid 1427) < (name EosStage2 | pid 1424) < (name systemd | pid 1) < (name swapper/0 | pid 0)(name swapper/0 | pid 0)(name swapper/0 | pid 0)(name swapper/0 | pid 0)(name swapper/0 | pid 0)(name swapper/0 | pid 0)
May 24 16:36:18 localhost kernel: [   99.673289] tun: Universal TUN/TAP device driver, 1.6
May 24 16:36:18 localhost kernel: [   99.673291] tun: (C) 1999-2004 Max Krasnyansky <maxk@qualcomm.com>
May 24 16:36:18 localhost kernel: [   99.681032] llc loaded by (name modprobe | pid 1431) < (name python | pid 1427) < (name EosStage2 | pid 1424) < (name systemd | pid 1) < (name swapper/0 | pid 0)(name swapper/0 | pid 0)(name swapper/0 | pid 0)(name swapper/0 | pid 0)(name swapper/0 | pid 0)(name swapper/0 | pid 0)
May 24 16:36:18 localhost kernel: [   99.681258] stp loaded by (name modprobe | pid 1431) < (name python | pid 1427) < (name EosStage2 | pid 1424) < (name systemd | pid 1) < (name swapper/0 | pid 0)(name swapper/0 | pid 0)(name swapper/0 | pid 0)(name swapper/0 | pid 0)(name swapper/0 | pid 0)(name swapper/0 | pid 0)
May 24 16:36:18 localhost kernel: [   99.681987] garp loaded by (name modprobe | pid 1431) < (name python | pid 1427) < (name EosStage2 | pid 1424) < (name systemd | pid 1) < (name swapper/0 | pid 0)(name swapper/0 | pid 0)(name swapper/0 | pid 0)(name swapper/0 | pid 0)(name swapper/0 | pid 0)(name swapper/0 | pid 0)
May 24 16:36:18 localhost kernel: [   99.682695] 8021q loaded by (name modprobe | pid 1431) < (name python | pid 1427) < (name EosStage2 | pid 1424) < (name systemd | pid 1) < (name swapper/0 | pid 0)(name swapper/0 | pid 0)(name swapper/0 | pid 0)(name swapper/0 | pid 0)(name swapper/0 | pid 0)(name swapper/0 | pid 0)
May 24 16:36:18 localhost kernel: [   99.682698] 8021q: 802.1Q VLAN Support v1.8
May 24 16:36:18 localhost kernel: [   99.753037] rbfd loaded by (name modprobe | pid 1432) < (name python | pid 1427) < (name EosStage2 | pid 1424) < (name systemd | pid 1) < (name swapper/0 | pid 0)(name swapper/0 | pid 0)(name swapper/0 | pid 0)(name swapper/0 | pid 0)(name swapper/0 | pid 0)(name swapper/0 | pid 0)
May 24 16:36:18 localhost kernel: [   99.761212] nf_defrag_ipv6 loaded by (name modprobe | pid 1434) < (name python | pid 1427) < (name EosStage2 | pid 1424) < (name systemd | pid 1) < (name swapper/0 | pid 0)(name swapper/0 | pid 0)(name swapper/0 | pid 0)(name swapper/0 | pid 0)(name swapper/0 | pid 0)(name swapper/0 | pid 0)
May 24 16:36:18 localhost kernel: [  100.242541] systemd[1]: Started SYSV: Eos system init script (runs after POST, before ProcMgr).
May 24 16:36:18 localhost kernel: [  100.242614] systemd[1]: Starting SYSV: NorCal Post script...
May 24 16:36:18 localhost kernel: [  100.266990] systemd[1]: Started SYSV: NorCal Post script.
May 24 16:36:18 localhost kernel: [  100.267064] systemd[1]: Starting Arista Aaa agent. On failure, only root login is enabled....
May 24 16:36:25 localhost Sysdb: %AGENT-6-INITIALIZED: Agent 'Sysdb' initialized; pid=1474
May 24 16:36:29 localhost ConfigAgent: %AGENT-6-INITIALIZED: Agent 'ConfigAgent' initialized; pid=1515
May 24 16:37:08 localhost ConfigAgent: %SYS-5-CONFIG_E: Enter configuration mode from console by root on UnknownTty (UnknownIpAddr)
May 24 16:37:11 localhost ConfigAgent: %SYS-5-CONFIG_I: Configured from console by root on UnknownTty (UnknownIpAddr)
May 24 16:37:16 localhost Launcher: %AGENT-6-INITIALIZED: Agent 'Launcher' initialized; pid=1521
May 24 16:37:16 localhost StageMgr: %AGENT-6-INITIALIZED: Agent 'StageMgr' initialized; pid=1513
May 24 16:37:17 localhost Fru: %AGENT-6-INITIALIZED: Agent 'Fru' initialized; pid=1519
May 24 16:37:17 localhost Launcher: %LAUNCHER-6-PROCESS_START: Configuring process 'TerminAttr' to start in role 'ActiveSupervisor'
May 24 16:37:17 localhost Launcher: %LAUNCHER-6-PROCESS_START: Configuring process 'AgentMonitor' to start in role 'ActiveSupervisor'
May 24 16:37:18 localhost Launcher: %LAUNCHER-6-PROCESS_START: Configuring process 'LacpTxAgent' to start in role 'ActiveSupervisor'
May 24 16:37:18 localhost Launcher: %LAUNCHER-6-PROCESS_START: Configuring process 'IgmpSnooping' to start in role 'ActiveSupervisor'
May 24 16:37:18 localhost Launcher: %LAUNCHER-6-PROCESS_START: Configuring process 'Acl' to start in role 'AllSupervisors'
May 24 16:37:18 localhost Launcher: %LAUNCHER-6-PROCESS_START: Configuring process 'SharedSecretProfile' to start in role 'ActiveSupervisor'
May 24 16:37:18 localhost Launcher: %LAUNCHER-6-PROCESS_START: Configuring process 'KernelNetworkInfo' to start in role 'AllSupervisors'
May 24 16:37:18 localhost Launcher: %LAUNCHER-6-PROCESS_START: Configuring process 'SuperServer' to start in role 'AllCells'
May 24 16:37:18 localhost Launcher: %LAUNCHER-6-PROCESS_START: Configuring process 'EventMgr' to start in role 'ActiveSupervisor'
May 24 16:37:19 localhost Launcher: %LAUNCHER-6-PROCESS_START: Configuring process 'TopoAgent' to start in role 'ActiveSupervisor'
May 24 16:37:19 localhost Launcher: %LAUNCHER-6-PROCESS_START: Configuring process 'Qos' to start in role 'ActiveSupervisor'
May 24 16:37:19 localhost Launcher: %LAUNCHER-6-PROCESS_START: Configuring process 'Ira' to start in role 'AllSupervisors'
May 24 16:37:19 localhost Launcher: %LAUNCHER-6-PROCESS_START: Configuring process 'Bfd' to start in role 'ActiveSupervisor'
May 24 16:37:19 localhost Launcher: %LAUNCHER-6-PROCESS_START: Configuring process 'PowerManager' to start in role 'ActiveSupervisor'
May 24 16:37:19 localhost Launcher: %LAUNCHER-6-PROCESS_START: Configuring process 'L2Rib' to start in role 'ActiveSupervisor'
May 24 16:37:19 localhost Launcher: %LAUNCHER-6-PROCESS_START: Configuring process 'CapiApp' to start in role 'ActiveSupervisor'
May 24 16:37:19 localhost Launcher: %LAUNCHER-6-PROCESS_START: Configuring process 'Ebra' to start in role 'ActiveSupervisor'
May 24 16:37:20 localhost Launcher: %LAUNCHER-6-PROCESS_START: Configuring process 'PortSec' to start in role 'ActiveSupervisor'
May 24 16:37:20 localhost Launcher: %LAUNCHER-6-PROCESS_START: Configuring process 'LedPolicy' to start in role 'ActiveSupervisor'
May 24 16:37:20 localhost Launcher: %LAUNCHER-6-PROCESS_START: Configuring process 'Snmp' to start in role 'ActiveSupervisor'
May 24 16:37:20 localhost Launcher: %LAUNCHER-6-PROCESS_START: Configuring process 'Thermostat' to start in role 'ActiveSupervisor'
May 24 16:37:20 localhost Launcher: %LAUNCHER-6-PROCESS_START: Configuring process 'Arp' to start in role 'ActiveSupervisor'
May 24 16:37:20 localhost Launcher: %LAUNCHER-6-PROCESS_START: Configuring process 'PowerFuse' to start in role 'ActiveSupervisor'
May 24 16:37:20 localhost Launcher: %LAUNCHER-6-PROCESS_START: Configuring process 'Aaa' to start in role 'AllSupervisors'
May 24 16:37:21 localhost Launcher: %LAUNCHER-6-PROCESS_START: Configuring process 'ReloadCauseAgent' to start in role 'AllCells'
May 24 16:37:21 localhost Launcher: %LAUNCHER-6-PROCESS_START: Configuring process 'McastCommon' to start in role 'ActiveSupervisor'
May 24 16:37:21 localhost Launcher: %LAUNCHER-6-PROCESS_START: Configuring process 'StpTxRx' to start in role 'AllSupervisors'
May 24 16:37:21 localhost Launcher: %LAUNCHER-6-PROCESS_START: Configuring process 'KernelFib' to start in role 'AllSupervisors'
May 24 16:37:21 localhost Launcher: %LAUNCHER-6-PROCESS_START: Configuring process 'Lag' to start in role 'ActiveSupervisor'
May 24 16:37:22 localhost Launcher: %LAUNCHER-6-PROCESS_START: Configuring process 'StandbyCpld' to start in role 'ActiveSupervisor'
May 24 16:37:22 localhost Launcher: %LAUNCHER-6-PROCESS_START: Configuring process 'StpTopology' to start in role 'ActiveSupervisor'
May 24 16:37:22 localhost Launcher: %LAUNCHER-6-PROCESS_START: Configuring process 'Stp' to start in role 'AllSupervisors'
May 24 16:37:22 localhost Launcher: %LAUNCHER-6-PROCESS_START: Configuring process 'McastCommon6' to start in role 'ActiveSupervisor'
May 24 16:37:22 localhost Launcher: %LAUNCHER-6-PROCESS_START: Configuring process 'Tunnel' to start in role 'ActiveSupervisor'
May 24 16:37:22 localhost Launcher: %LAUNCHER-6-PROCESS_START: Configuring process 'Lldp' to start in role 'AllSupervisors'
May 24 16:37:22 localhost Launcher: %LAUNCHER-6-PROCESS_START: Configuring process 'PciBus' to start in role 'AllCells'
May 24 16:37:22 localhost Launcher: %LAUNCHER-6-PROCESS_START: Configuring process 'Sb820' to start in role 'AllCells'
May 24 16:37:23 localhost Launcher: %LAUNCHER-6-PROCESS_START: Configuring process 'Scd' to start in role 'AllCells'
May 24 16:37:23 localhost Launcher: %LAUNCHER-6-PROCESS_START: Configuring process 'Smbus' to start in role 'AllSupervisors'
May 24 16:37:23 localhost Launcher: %LAUNCHER-6-PROCESS_START: Configuring process 'Chl822X' to start in role 'AllCells'
May 24 16:37:23 localhost Launcher: %LAUNCHER-6-PROCESS_START: Configuring process 'PhyEthtool' to start in role 'AllCells'
May 24 16:37:23 localhost Launcher: %LAUNCHER-6-PROCESS_START: Configuring process 'Ucd9012' to start in role 'AllCells'
May 24 16:37:23 localhost Launcher: %LAUNCHER-6-PROCESS_START: Configuring process 'FpgaAgent' to start in role 'ActiveSupervisor'
May 24 16:37:23 localhost Launcher: %LAUNCHER-6-PROCESS_START: Configuring process 'PowerSupplyDetector' to start in role 'ActiveSupervisor'
May 24 16:37:23 localhost Launcher: %LAUNCHER-6-PROCESS_START: Configuring process 'Lm73' to start in role 'AllCells'
May 24 16:37:23 localhost Launcher: %LAUNCHER-6-PROCESS_START: Configuring process 'Max6658' to start in role 'AllCells'
May 24 16:37:23 localhost Launcher: %LAUNCHER-6-PROCESS_START: Configuring process 'Sol' to start in role 'AllSupervisors'
May 24 16:37:23 localhost Launcher: %LAUNCHER-6-PROCESS_START: Configuring process 'FanDetector' to start in role 'ActiveSupervisor'
May 24 16:37:23 localhost Launcher: %LAUNCHER-6-PROCESS_START: Configuring process 'Xcvr' to start in role 'AllCells'
May 24 16:37:23 localhost Launcher: %LAUNCHER-6-PROCESS_START: Configuring process 'FocalPointV2' to start in role 'ActiveSupervisor'
May 24 16:37:24 localhost McastCommon: %AGENT-6-INITIALIZED: Agent 'McastCommon' initialized; pid=1835
May 24 16:37:24 localhost PortSec: %AGENT-6-INITIALIZED: Agent 'PortSec' initialized; pid=1839
May 24 16:37:24 localhost Lldp: %AGENT-6-INITIALIZED: Agent 'Lldp' initialized; pid=1832
May 24 16:37:26 localhost Lag: %AGENT-6-INITIALIZED: Agent 'Lag' initialized; pid=1863
May 24 16:37:26 localhost Bfd: %AGENT-6-INITIALIZED: Agent 'Bfd' initialized; pid=1856
May 24 16:37:27 localhost SuperServer: %AGENT-6-INITIALIZED: Agent 'SuperServer' initialized; pid=1865
May 24 16:37:28 localhost Snmp: %AGENT-6-INITIALIZED: Agent 'Snmp' initialized; pid=1857
May 24 16:37:28 localhost LedPolicy: %AGENT-6-INITIALIZED: Agent 'LedPolicy' initialized; pid=1878
May 24 16:37:28 localhost Ira: %AGENT-6-INITIALIZED: Agent 'Ira' initialized; pid=1872
May 24 16:37:29 localhost EventMgr: %AGENT-6-INITIALIZED: Agent 'EventMgr' initialized; pid=1883
May 24 16:37:30 localhost AgentMonitor: %AGENT-6-INITIALIZED: Agent 'AgentMonitor' initialized; pid=1900
May 24 16:37:30 localhost StandbyCpld: %AGENT-6-INITIALIZED: Agent 'StandbyCpld' initialized; pid=1896
May 24 16:37:31 localhost Aaa: %AGENT-6-INITIALIZED: Agent 'Aaa' initialized; pid=1906
May 24 16:37:31 localhost StpTxRx: %AGENT-6-INITIALIZED: Agent 'StpTxRx' initialized; pid=1891
May 24 16:37:31 localhost Tunnel: %AGENT-6-INITIALIZED: Agent 'Tunnel' initialized; pid=1904
May 24 16:37:32 localhost Launcher: %LAUNCHER-6-PROCESS_START: Configuring process 'Rib' to start in role 'AllSupervisors'
May 24 16:37:32 localhost StpTopology: %AGENT-6-INITIALIZED: Agent 'StpTopology' initialized; pid=1911
May 24 16:37:33 localhost KernelNetworkInfo: %AGENT-6-INITIALIZED: Agent 'KernelNetworkInfo' initialized; pid=1934
May 24 16:37:33 localhost McastCommon6: %AGENT-6-INITIALIZED: Agent 'McastCommon6' initialized; pid=1937
May 24 16:37:33 localhost Acl: %AGENT-6-INITIALIZED: Agent 'Acl' initialized; pid=1919
May 24 16:37:34 localhost Stp: %AGENT-6-INITIALIZED: Agent 'Stp' initialized; pid=1927
May 24 16:37:35 localhost PciBus: %AGENT-6-INITIALIZED: Agent 'PciBus' initialized; pid=1962
May 24 16:37:36 localhost LacpTxAgent: %AGENT-6-INITIALIZED: Agent 'LacpTxAgent' initialized; pid=1971
May 24 16:37:36 localhost CapiApp: %AGENT-6-INITIALIZED: Agent 'CapiApp' initialized; pid=1887
May 24 16:37:37 localhost Qos: %AGENT-6-INITIALIZED: Agent 'Qos' initialized; pid=2006
May 24 16:37:37 localhost kernel: [  176.482046] iptable_mangle loaded by (name modprobe | pid 1963) < (name kworker/u4:3 | pid 72) < (name kthreadd | pid 2) < (name swapper/0 | pid 0)(name swapper/0 | pid 0)(name swapper/0 | pid 0)(name swapper/0 | pid 0)(name swapper/0 | pid 0)(name swapper/0 | pid 0)(name swapper/0 | pid 0)(
May 24 16:37:37 localhost kernel: [  178.679441] xt_tcpudp loaded by (name modprobe | pid 2026) < (name kworker/u4:3 | pid 72) < (name kthreadd | pid 2) < (name swapper/0 | pid 0)(name swapper/0 | pid 0)(name swapper/0 | pid 0)(name swapper/0 | pid 0)(name swapper/0 | pid 0)(name swapper/0 | pid 0)(name swapper/0 | pid 0)(
May 24 16:37:37 localhost kernel: [  178.880451] xt_multiport loaded by (name modprobe | pid 2033) < (name kworker/u4:3 | pid 72) < (name kthreadd | pid 2) < (name swapper/0 | pid 0)(name swapper/0 | pid 0)(name swapper/0 | pid 0)(name swapper/0 | pid 0)(name swapper/0 | pid 0)(name swapper/0 | pid 0)(name swapper/0 | pid 0)(
May 24 16:37:37 localhost kernel: [  179.070168] xt_hl loaded by (name modprobe | pid 2037) < (name kworker/u4:3 | pid 72) < (name kthreadd | pid 2) < (name swapper/0 | pid 0)(name swapper/0 | pid 0)(name swapper/0 | pid 0)(name swapper/0 | pid 0)(name swapper/0 | pid 0)(name swapper/0 | pid 0)(name swapper/0 | pid 0)(
May 24 16:37:37 localhost kernel: [  179.083328] nf_reject_ipv4 loaded by (name modprobe | pid 2039) < (name kworker/u4:3 | pid 72) < (name kthreadd | pid 2) < (name swapper/0 | pid 0)(name swapper/0 | pid 0)(name swapper/0 | pid 0)(name swapper/0 | pid 0)(name swapper/0 | pid 0)(name swapper/0 | pid 0)(name swapper/0 | pid 0)(
May 24 16:37:37 localhost kernel: [  179.083559] ipt_REJECT loaded by (name modprobe | pid 2039) < (name kworker/u4:3 | pid 72) < (name kthreadd | pid 2) < (name swapper/0 | pid 0)(name swapper/0 | pid 0)(name swapper/0 | pid 0)(name swapper/0 | pid 0)(name swapper/0 | pid 0)(name swapper/0 | pid 0)(name swapper/0 | pid 0)(
May 24 16:37:37 localhost kernel: [  179.096600] xt_limit loaded by (name modprobe | pid 2040) < (name kworker/u4:3 | pid 72) < (name kthreadd | pid 2) < (name swapper/0 | pid 0)(name swapper/0 | pid 0)(name swapper/0 | pid 0)(name swapper/0 | pid 0)(name swapper/0 | pid 0)(name swapper/0 | pid 0)(name swapper/0 | pid 0)(
May 24 16:37:37 localhost kernel: [  179.108673] xt_LOG loaded by (name modprobe | pid 2042) < (name kworker/u4:3 | pid 72) < (name kthreadd | pid 2) < (name swapper/0 | pid 0)(name swapper/0 | pid 0)(name swapper/0 | pid 0)(name swapper/0 | pid 0)(name swapper/0 | pid 0)(name swapper/0 | pid 0)(name swapper/0 | pid 0)(
May 24 16:37:37 localhost kernel: [  179.120560] nf_defrag_ipv4 loaded by (name modprobe | pid 2044) < (name kworker/u4:3 | pid 72) < (name kthreadd | pid 2) < (name swapper/0 | pid 0)(name swapper/0 | pid 0)(name swapper/0 | pid 0)(name swapper/0 | pid 0)(name swapper/0 | pid 0)(name swapper/0 | pid 0)(name swapper/0 | pid 0)(
May 24 16:37:37 localhost kernel: [  179.121079] nf_conntrack_ipv4 loaded by (name modprobe | pid 2044) < (name kworker/u4:3 | pid 72) < (name kthreadd | pid 2) < (name swapper/0 | pid 0)(name swapper/0 | pid 0)(name swapper/0 | pid 0)(name swapper/0 | pid 0)(name swapper/0 | pid 0)(name swapper/0 | pid 0)(name swapper/0 | pid 0)(
May 24 16:37:37 localhost kernel: [  179.132623] nf_log_common loaded by (name modprobe | pid 2045) < (name kworker/u4:3 | pid 72) < (name kthreadd | pid 2) < (name swapper/0 | pid 0)(name swapper/0 | pid 0)(name swapper/0 | pid 0)(name swapper/0 | pid 0)(name swapper/0 | pid 0)(name swapper/0 | pid 0)(name swapper/0 | pid 0)(
May 24 16:37:37 localhost kernel: [  179.132881] nf_log_ipv4 loaded by (name modprobe | pid 2045) < (name kworker/u4:3 | pid 72) < (name kthreadd | pid 2) < (name swapper/0 | pid 0)(name swapper/0 | pid 0)(name swapper/0 | pid 0)(name swapper/0 | pid 0)(name swapper/0 | pid 0)(name swapper/0 | pid 0)(name swapper/0 | pid 0)(
May 24 16:37:39 localhost TopoAgent: %AGENT-6-INITIALIZED: Agent 'TopoAgent' initialized; pid=2055
May 24 16:37:39 localhost PowerFuse: %AGENT-6-INITIALIZED: Agent 'PowerFuse' initialized; pid=2065
May 24 16:37:39 localhost Thermostat: %AGENT-6-INITIALIZED: Agent 'Thermostat' initialized; pid=2032
May 24 16:37:39 localhost KernelFib: %AGENT-6-INITIALIZED: Agent 'KernelFib' initialized; pid=1991
May 24 16:37:39 localhost L2Rib: %AGENT-6-INITIALIZED: Agent 'L2Rib' initialized; pid=2049
May 24 16:37:39 localhost PowerManager: %AGENT-6-INITIALIZED: Agent 'PowerManager' initialized; pid=2074
May 24 16:37:39 localhost Arp: %AGENT-6-INITIALIZED: Agent 'Arp' initialized; pid=1977
May 24 16:37:41 localhost kernel: [  179.312498] ip6table_mangle loaded by (name modprobe | pid 2052) < (name kworker/u4:3 | pid 72) < (name kthreadd | pid 2) < (name swapper/0 | pid 0)(name swapper/0 | pid 0)(name swapper/0 | pid 0)(name swapper/0 | pid 0)(name swapper/0 | pid 0)(name swapper/0 | pid 0)(name swapper/0 | pid 0)(
May 24 16:37:41 localhost kernel: [  182.736491] ip6t_ipv6header loaded by (name modprobe | pid 2143) < (name kworker/u4:3 | pid 72) < (name kthreadd | pid 2) < (name swapper/0 | pid 0)(name swapper/0 | pid 0)(name swapper/0 | pid 0)(name swapper/0 | pid 0)(name swapper/0 | pid 0)(name swapper/0 | pid 0)(name swapper/0 | pid 0)(
May 24 16:37:41 localhost kernel: [  182.752648] nf_reject_ipv6 loaded by (name modprobe | pid 2145) < (name kworker/u4:3 | pid 72) < (name kthreadd | pid 2) < (name swapper/0 | pid 0)(name swapper/0 | pid 0)(name swapper/0 | pid 0)(name swapper/0 | pid 0)(name swapper/0 | pid 0)(name swapper/0 | pid 0)(name swapper/0 | pid 0)(
May 24 16:37:41 localhost kernel: [  182.752947] ip6t_REJECT loaded by (name modprobe | pid 2145) < (name kworker/u4:3 | pid 72) < (name kthreadd | pid 2) < (name swapper/0 | pid 0)(name swapper/0 | pid 0)(name swapper/0 | pid 0)(name swapper/0 | pid 0)(name swapper/0 | pid 0)(name swapper/0 | pid 0)(name swapper/0 | pid 0)(
May 24 16:37:41 localhost kernel: [  182.764909] nf_conntrack_ipv6 loaded by (name modprobe | pid 2147) < (name kworker/u4:3 | pid 72) < (name kthreadd | pid 2) < (name swapper/0 | pid 0)(name swapper/0 | pid 0)(name swapper/0 | pid 0)(name swapper/0 | pid 0)(name swapper/0 | pid 0)(name swapper/0 | pid 0)(name swapper/0 | pid 0)(
May 24 16:37:41 localhost kernel: [  182.779963] nf_log_ipv6 loaded by (name modprobe | pid 2149) < (name kworker/u4:3 | pid 72) < (name kthreadd | pid 2) < (name swapper/0 | pid 0)(name swapper/0 | pid 0)(name swapper/0 | pid 0)(name swapper/0 | pid 0)(name swapper/0 | pid 0)(name swapper/0 | pid 0)(name swapper/0 | pid 0)(
May 24 16:37:41 localhost kernel: [  182.792461] nfnetlink loaded by (name modprobe | pid 2150) < (name kworker/u4:3 | pid 72) < (name kthreadd | pid 2) < (name swapper/0 | pid 0)(name swapper/0 | pid 0)(name swapper/0 | pid 0)(name swapper/0 | pid 0)(name swapper/0 | pid 0)(name swapper/0 | pid 0)(name swapper/0 | pid 0)(
May 24 16:37:41 localhost kernel: [  182.792466] Netfilter messages via NETLINK v0.30.
May 24 16:37:41 localhost SharedSecretProfile: %AGENT-6-INITIALIZED: Agent 'SharedSecretProfile' initialized; pid=2127
May 24 16:37:41 localhost ReloadCauseAgent: %AGENT-6-INITIALIZED: Agent 'ReloadCauseAgent' initialized; pid=2116
May 24 16:37:41 localhost IgmpSnooping: %AGENT-6-INITIALIZED: Agent 'IgmpSnooping' initialized; pid=2120
May 24 16:37:43 localhost Max6658: %AGENT-6-INITIALIZED: Agent 'Max6658' initialized; pid=2158
May 24 16:37:43 localhost Ebra: %AGENT-6-INITIALIZED: Agent 'Ebra' initialized; pid=2084
May 24 16:37:43 localhost Sb820: %AGENT-6-INITIALIZED: Agent 'Sb820' initialized; pid=2170
May 24 16:37:44 localhost FanDetector: %AGENT-6-INITIALIZED: Agent 'FanDetector' initialized; pid=2166
May 24 16:37:44 localhost Ucd9012: %AGENT-6-INITIALIZED: Agent 'Ucd9012' initialized; pid=2162
May 24 16:37:45 localhost Chl822X: %AGENT-6-INITIALIZED: Agent 'Chl822X' initialized; pid=2201
May 24 16:37:46 localhost kernel: [  182.804689] nfnetlink_log loaded by (name modprobe | pid 2151) < (name kworker/u4:3 | pid 72) < (name kthreadd | pid 2) < (name swapper/0 | pid 0)(name swapper/0 | pid 0)(name swapper/0 | pid 0)(name swapper/0 | pid 0)(name swapper/0 | pid 0)(name swapper/0 | pid 0)(name swapper/0 | pid 0)(
May 24 16:37:46 localhost kernel: [  187.705156] xt_u32 loaded by (name modprobe | pid 2213) < (name kworker/u4:3 | pid 72) < (name kthreadd | pid 2) < (name swapper/0 | pid 0)(name swapper/0 | pid 0)(name swapper/0 | pid 0)(name swapper/0 | pid 0)(name swapper/0 | pid 0)(name swapper/0 | pid 0)(name swapper/0 | pid 0)(
May 24 16:37:46 localhost Fru: %FRU-6-FAN_INSERTED: Fan tray 3 has been inserted. model: FAN-7000-F
May 24 16:37:46 localhost Fru: %FRU-6-FAN_INSERTED: Fan tray 2 has been inserted. model: FAN-7000-F
May 24 16:37:46 localhost Fru: %FRU-6-FAN_INSERTED: Fan tray 1 has been inserted. model: FAN-7000-F
May 24 16:37:46 localhost Fru: %FRU-6-FAN_INSERTED: Fan tray 4 has been inserted. model: FAN-7000-F
May 24 16:37:46 localhost Smbus: %AGENT-6-INITIALIZED: Agent 'Smbus' initialized; pid=2196
May 24 16:37:46 localhost PhyEthtool: %AGENT-6-INITIALIZED: Agent 'PhyEthtool' initialized; pid=2189
May 24 16:37:47 localhost Thermostat: %ENVMON-6-FAN_SPEED_UNSTABLE: The speed of the fan Fan3/1 is being stabilized
May 24 16:37:47 localhost Thermostat: %ENVMON-6-FAN_SPEED_UNSTABLE: The speed of the fan Fan2/1 is being stabilized
May 24 16:37:47 localhost Thermostat: %ENVMON-6-FAN_SPEED_UNSTABLE: The speed of the fan Fan1/1 is being stabilized
May 24 16:37:47 localhost Thermostat: %ENVMON-6-FAN_SPEED_UNSTABLE: The speed of the fan Fan4/1 is being stabilized
May 24 16:37:47 localhost PowerSupplyDetector: %AGENT-6-INITIALIZED: Agent 'PowerSupplyDetector' initialized; pid=2205
May 24 16:37:47 localhost XcvrAgent: %AGENT-6-INITIALIZED: Agent 'XcvrAgent' initialized; pid=2206
May 24 16:37:49 localhost Scd: %AGENT-6-INITIALIZED: Agent 'Scd' initialized; pid=2222
May 24 16:37:49 localhost Lm73: %AGENT-6-INITIALIZED: Agent 'Lm73' initialized; pid=2243
May 24 16:37:49 localhost kernel: [  188.104529] xt_HL loaded by (name modprobe | pid 2221) < (name kworker/u4:3 | pid 72) < (name kthreadd | pid 2) < (name swapper/0 | pid 0)(name swapper/0 | pid 0)(name swapper/0 | pid 0)(name swapper/0 | pid 0)(name swapper/0 | pid 0)(name swapper/0 | pid 0)(name swapper/0 | pid 0)(
May 24 16:37:49 localhost kernel: [  190.930216] scd 0000:04:00.0: scd_finish_init
May 24 16:37:49 localhost kernel: [  190.997411] scd 0000:04:00.0: scd device initialization complete
May 24 16:37:49 localhost kernel: [  191.150682] tg3 0000:00:14.6 ma1: Link is down
May 24 16:37:49 localhost FpgaAgent: %AGENT-6-INITIALIZED: Agent 'FpgaAgent' initialized; pid=2266
May 24 16:37:49 localhost Sol: %AGENT-6-INITIALIZED: Agent 'Sol' initialized; pid=2232
May 24 16:37:51 localhost Fru: %FRU-6-TRANSCEIVER_INSERTED: A transceiver for interface Ethernet15 has been inserted. manufacturer: Arista Networks model: CAB-SFP-SFP-3M part number CAB-SFP-SFP-3M rev 0002 serial number XHC110330103
May 24 16:37:51 localhost Fru: %FRU-6-TRANSCEIVER_INSERTED: A transceiver for interface Ethernet47 has been inserted. manufacturer: Arista Networks model: CAB-SFP-SFP-1M part number CAB-SFP-SFP-1M rev 0002 serial number XHC105110215
May 24 16:37:51 localhost Fru: %FRU-6-TRANSCEIVER_INSERTED: A transceiver for interface Ethernet24 has been inserted. manufacturer: Arista Networks model: CAB-SFP-SFP-1M part number CAB-SFP-SFP-1M rev 0002 serial number XHC14031G1CX
May 24 16:37:51 localhost Fru: %FRU-6-TRANSCEIVER_INSERTED: A transceiver for interface Ethernet48 has been inserted. manufacturer: Arista Networks model: CAB-SFP-SFP-1M part number CAB-SFP-SFP-1M rev 0002 serial number XHC14031G1DA
May 24 16:37:51 localhost Fru: %FRU-6-TRANSCEIVER_INSERTED: A transceiver for interface Ethernet3 has been inserted. manufacturer: Arista Networks model: CAB-SFP-SFP-2M part number CAB-SFP-SFP-2M rev 0002 serial number XHC13262G2D1
May 24 16:37:51 localhost Fru: %FRU-6-TRANSCEIVER_INSERTED: A transceiver for interface Ethernet4 has been inserted. manufacturer: Arista Networks model: CAB-SFP-SFP-2M part number CAB-SFP-SFP-2M rev 0002 serial number XHC12422G2EJ
May 24 16:37:52 localhost Fru: %FRU-6-TRANSCEIVER_INSERTED: A transceiver for interface Ethernet6 has been inserted. manufacturer: Arista Networks model: CAB-SFP-SFP-2M part number CAB-SFP-SFP-2M rev 0002 serial number XHC103220430
May 24 16:37:52 localhost Fru: %FRU-6-TRANSCEIVER_INSERTED: A transceiver for interface Ethernet1 has been inserted. manufacturer: Arista Networks model: CAB-SFP-SFP-2M part number CAB-SFP-SFP-2M rev 0002 serial number XHC14082G37V
May 24 16:37:52 localhost Fru: %FRU-6-TRANSCEIVER_INSERTED: A transceiver for interface Ethernet7 has been inserted. manufacturer: Arista Networks model: CAB-Q-S-2M part number CAB-Q-S-2M rev 0001 serial number XHC1133L007Q
May 24 16:37:52 localhost Fru: %FRU-6-TRANSCEIVER_INSERTED: A transceiver for interface Ethernet8 has been inserted. manufacturer: Arista Networks model: CAB-Q-S-2M part number CAB-Q-S-2M rev 0001 serial number XHC1133L0082
May 24 16:37:52 localhost Fru: %FRU-6-TRANSCEIVER_INSERTED: A transceiver for interface Ethernet2 has been inserted. manufacturer: Arista Networks model: CAB-SFP-SFP-3M part number CAB-SFP-SFP-3M rev 0002 serial number XHC16463G3XJ
May 24 16:37:52 localhost kernel: [  194.221485] tg3 0000:00:14.6 ma1: Link is up at 1000 Mbps, full duplex
May 24 16:37:52 localhost kernel: [  194.221490] tg3 0000:00:14.6 ma1: Flow control is off for TX and off for RX
May 24 16:37:52 localhost Fru: %FRU-6-TRANSCEIVER_INSERTED: A transceiver for interface Ethernet5 has been inserted. manufacturer: Arista Networks model: CAB-SFP-SFP-3M part number CAB-SFP-SFP-3M rev 0002 serial number XHC110330104
May 24 16:37:53 localhost kernel: [  194.753338] systemd[1]: Stopped BESS Software Forwarding Service.
May 24 16:37:53 localhost FocalPointV2: %AGENT-6-INITIALIZED: Agent 'FocalPointV2' initialized; pid=2173
May 24 16:37:53 localhost Ebra: %LINEPROTO-5-UPDOWN: Line protocol on Interface Management1, changed state to up
May 24 16:37:54 localhost rsyslogd: [origin software="rsyslogd" swVersion="7.2.6" x-pid="937" x-info="http://www.rsyslog.com"] exiting on signal 15.
May 24 16:37:54 s7154 rsyslogd: [origin software="rsyslogd" swVersion="7.2.6" x-pid="2415" x-info="http://www.rsyslog.com"] start
May 24 16:37:54 s7154 kernel: [  195.926357] systemd[1]: Starting System Logging Service...
May 24 16:37:54 s7154 kernel: [  195.927374] systemd[1]: Started System Logging Service.
May 24 16:37:54 s7154 dnsmasq[2430]: Listening on namespace default, servers in namespace default
May 24 16:37:54 s7154 dnsmasq[2433]: started, version 2.77 cachesize 150
May 24 16:37:54 s7154 dnsmasq[2433]: compile time options: IPv6 GNU-getopt no-DBus no-i18n no-IDN no-DHCP no-scripts no-TFTP no-conntrack ipset auth no-DNSSEC loop-detect inotify
May 24 16:37:54 s7154 dnsmasq[2433]: using nameserver 10.83.28.52#53
May 24 16:37:54 s7154 dnsmasq[2433]: read /etc/hosts - 3 addresses
May 24 16:37:55 s7154 Fru: %FRU-6-POWERSUPPLY_INSERTED: Power Supply in slot 2 has been inserted
May 24 16:37:55 s7154 Fru: %FRU-6-POWERSUPPLY_INSERTED: Power Supply in slot 1 has been inserted
May 24 16:37:56 s7154 Rib: %AGENT-6-INITIALIZED: Agent 'Rib' initialized; pid=2260
May 24 16:37:56 s7154 snmpd[2453]: Turning on AgentX master support.
May 24 16:37:56 s7154 Lldp: %LLDP-5-NEIGHBOR_NEW: LLDP neighbor with chassisId 001c.730c.7d61 and portId "Ethernet37" added on interface Management1
May 24 16:37:56 s7154 snmpd[2469]: NET-SNMP version 5.8
May 24 16:37:56 s7154 snmpd[2469]: AgentX subagent Net-SNMP AgentX sub-agent established session 0x56a9b6e0/0x56a92280/8
May 24 16:37:57 s7154 kernel: [  199.371630] pcielw 0000:00:04.0:pcie004: link down
May 24 16:37:57 s7154 kernel: [  199.371637] pcielw 0000:00:04.0:pcie004: link down processing complete
May 24 16:37:57 s7154 ntpd[2497]: ntpd 4.2.6p3-RC10@1.2239-o Fri Feb 21 04:06:37 UTC 2020 (1)
May 24 16:37:57 s7154 ntpd[2500]: proto: precision = 0.170 usec
May 24 16:37:57 s7154 ntpd[2500]: 0.0.0.0 c01d 0d kern kernel time sync enabled
May 24 16:37:57 s7154 ntpd[2500]: ntp_io: estimated max descriptors: 1048576, initial socket boundary: 16
May 24 16:37:57 s7154 ntpd[2500]: Listen normally on 0 v4wildcard 0.0.0.0 UDP 123
May 24 16:37:57 s7154 kernel: [  199.484885] pci 0000:02:00.0: BAR 0: assigned [mem 0xe2000000-0xe3ffffff 64bit]
May 24 16:37:57 s7154 kernel: [  199.484952] pcielw 0000:00:04.0:pcie004: link up processing complete
May 24 16:37:57 s7154 ntpd[2500]: Listen normally on 1 v6wildcard :: UDP 123
May 24 16:37:57 s7154 kernel: [  199.492110] fpdma loaded by (name systemd-udevd | pid 2503) < (name systemd-udevd | pid 505) < (name systemd | pid 1) < (name swapper/0 | pid 0)(name swapper/0 | pid 0)(name swapper/0 | pid 0)(name swapper/0 | pid 0)(name swapper/0 | pid 0)(name swapper/0 | pid 0)(name swapper/0 | p
May 24 16:37:57 s7154 kernel: [  199.503982] fpdma 0000:02:00.0: PCI->APIC IRQ transform: INT B -> IRQ 16
May 24 16:37:57 s7154 ntpd[2500]: Listen normally on 2 lo 127.0.0.1 UDP 123
May 24 16:37:57 s7154 ntpd[2500]: Listen normally on 4 lo ::1 UDP 123
May 24 16:37:57 s7154 ntpd[2500]: Listening on routing socket on fd #20 for interface updates
May 24 16:37:57 s7154 kernel: [  199.530187] fpdma: fpdma_module_init: module installed
May 24 16:37:57 s7154 ntpd[2500]: 0.0.0.0 c016 06 restart
May 24 16:37:57 s7154 ntpd[2500]: 0.0.0.0 c012 02 freq_set kernel 56.522 PPM
May 24 16:37:58 s7154 xinetd[2559]: Reading included configuration file: /etc/xinetd.d/chargen-dgram [file=/etc/xinetd.conf] [line=56]
May 24 16:37:58 s7154 xinetd[2559]: Reading included configuration file: /etc/xinetd.d/chargen-stream [file=/etc/xinetd.d/chargen-stream] [line=67]
May 24 16:37:58 s7154 xinetd[2559]: Reading included configuration file: /etc/xinetd.d/daytime-dgram [file=/etc/xinetd.d/daytime-dgram] [line=67]
May 24 16:37:58 s7154 xinetd[2559]: Reading included configuration file: /etc/xinetd.d/daytime-stream [file=/etc/xinetd.d/daytime-stream] [line=67]
May 24 16:37:58 s7154 xinetd[2559]: Reading included configuration file: /etc/xinetd.d/discard-dgram [file=/etc/xinetd.d/discard-dgram] [line=67]
May 24 16:37:58 s7154 xinetd[2559]: Reading included configuration file: /etc/xinetd.d/discard-stream [file=/etc/xinetd.d/discard-stream] [line=67]
May 24 16:37:58 s7154 xinetd[2559]: Reading included configuration file: /etc/xinetd.d/echo-dgram [file=/etc/xinetd.d/echo-dgram] [line=67]
May 24 16:37:58 s7154 xinetd[2559]: Reading included configuration file: /etc/xinetd.d/echo-stream [file=/etc/xinetd.d/echo-stream] [line=67]
May 24 16:37:58 s7154 xinetd[2559]: Reading included configuration file: /etc/xinetd.d/ssh [file=/etc/xinetd.d/ssh] [line=67]
May 24 16:37:58 s7154 xinetd[2559]: Reading included configuration file: /etc/xinetd.d/ssh6 [file=/etc/xinetd.d/ssh6] [line=29]
May 24 16:37:58 s7154 xinetd[2559]: Reading included configuration file: /etc/xinetd.d/tcpmux-server [file=/etc/xinetd.d/tcpmux-server] [line=29]
May 24 16:37:58 s7154 xinetd[2559]: Reading included configuration file: /etc/xinetd.d/telnet [file=/etc/xinetd.d/telnet] [line=68]
May 24 16:37:58 s7154 xinetd[2559]: Reading included configuration file: /etc/xinetd.d/time-dgram [file=/etc/xinetd.d/time-dgram] [line=29]
May 24 16:37:58 s7154 xinetd[2559]: Reading included configuration file: /etc/xinetd.d/time-stream [file=/etc/xinetd.d/time-stream] [line=67]
May 24 16:37:58 s7154 xinetd[2559]: removing chargen
May 24 16:37:58 s7154 xinetd[2559]: removing chargen
May 24 16:37:58 s7154 xinetd[2559]: removing daytime
May 24 16:37:58 s7154 xinetd[2559]: removing daytime
May 24 16:37:58 s7154 xinetd[2559]: removing discard
May 24 16:37:58 s7154 xinetd[2559]: removing discard
May 24 16:37:58 s7154 xinetd[2559]: removing echo
May 24 16:37:58 s7154 xinetd[2559]: removing echo
May 24 16:37:58 s7154 xinetd[2559]: removing tcpmux
May 24 16:37:58 s7154 xinetd[2559]: removing telnet
May 24 16:37:58 s7154 xinetd[2559]: removing time
May 24 16:37:58 s7154 xinetd[2559]: removing time
May 24 16:37:58 s7154 xinetd[2559]: xinetd Version 2.3.15 started with loadavg labeled-networking options compiled in.
May 24 16:37:58 s7154 xinetd[2559]: Started working: 2 available services
May 24 16:37:58 s7154 xinetd[2559]: Starting reconfiguration
May 24 16:37:58 s7154 xinetd[2559]: Reading included configuration file: /etc/xinetd.d/chargen-dgram [file=/etc/xinetd.conf] [line=56]
May 24 16:37:58 s7154 xinetd[2559]: Reading included configuration file: /etc/xinetd.d/chargen-stream [file=/etc/xinetd.d/chargen-stream] [line=67]
May 24 16:37:58 s7154 xinetd[2559]: Reading included configuration file: /etc/xinetd.d/daytime-dgram [file=/etc/xinetd.d/daytime-dgram] [line=67]
May 24 16:37:58 s7154 xinetd[2559]: Reading included configuration file: /etc/xinetd.d/daytime-stream [file=/etc/xinetd.d/daytime-stream] [line=67]
May 24 16:37:58 s7154 xinetd[2559]: Reading included configuration file: /etc/xinetd.d/discard-dgram [file=/etc/xinetd.d/discard-dgram] [line=67]
May 24 16:37:58 s7154 xinetd[2559]: Reading included configuration file: /etc/xinetd.d/discard-stream [file=/etc/xinetd.d/discard-stream] [line=67]
May 24 16:37:58 s7154 xinetd[2559]: Reading included configuration file: /etc/xinetd.d/echo-dgram [file=/etc/xinetd.d/echo-dgram] [line=67]
May 24 16:37:58 s7154 xinetd[2559]: Reading included configuration file: /etc/xinetd.d/echo-stream [file=/etc/xinetd.d/echo-stream] [line=67]
May 24 16:37:58 s7154 xinetd[2559]: Reading included configuration file: /etc/xinetd.d/ssh [file=/etc/xinetd.d/ssh] [line=67]
May 24 16:37:58 s7154 xinetd[2559]: Reading included configuration file: /etc/xinetd.d/ssh6 [file=/etc/xinetd.d/ssh6] [line=29]
May 24 16:37:58 s7154 xinetd[2559]: Reading included configuration file: /etc/xinetd.d/tcpmux-server [file=/etc/xinetd.d/tcpmux-server] [line=29]
May 24 16:37:58 s7154 xinetd[2559]: Reading included configuration file: /etc/xinetd.d/telnet [file=/etc/xinetd.d/telnet] [line=68]
May 24 16:37:58 s7154 xinetd[2559]: Reading included configuration file: /etc/xinetd.d/time-dgram [file=/etc/xinetd.d/time-dgram] [line=29]
May 24 16:37:58 s7154 xinetd[2559]: Reading included configuration file: /etc/xinetd.d/time-stream [file=/etc/xinetd.d/time-stream] [line=67]
May 24 16:37:58 s7154 xinetd[2559]: removing chargen
May 24 16:37:58 s7154 xinetd[2559]: removing chargen
May 24 16:37:58 s7154 xinetd[2559]: removing daytime
May 24 16:37:58 s7154 xinetd[2559]: removing daytime
May 24 16:37:58 s7154 xinetd[2559]: removing discard
May 24 16:37:58 s7154 xinetd[2559]: removing discard
May 24 16:37:58 s7154 xinetd[2559]: removing echo
May 24 16:37:58 s7154 xinetd[2559]: removing echo
May 24 16:37:58 s7154 xinetd[2559]: removing tcpmux
May 24 16:37:58 s7154 xinetd[2559]: removing telnet
May 24 16:37:58 s7154 xinetd[2559]: removing time
May 24 16:37:58 s7154 xinetd[2559]: removing time
May 24 16:37:58 s7154 xinetd[2559]: Swapping defaults
May 24 16:37:58 s7154 xinetd[2559]: readjusting service ssh
May 24 16:37:58 s7154 xinetd[2559]: readjusting service ssh6
May 24 16:37:58 s7154 xinetd[2559]: Reconfigured: new=0 old=2 dropped=0 (services)
May 24 16:37:58 s7154 Rib: Commence routing updates
May 24 16:37:59 s7154 snmpd[2469]: AgentX subagent AGENTX Ribd (netns: default) version ribd-2.0.14, built Nonce established session 0x56a92030/0x56aebb18/10
May 24 16:37:59 s7154 kernel: [  201.538717] systemd[1]: Started Arista Aaa agent. On failure, only root login is enabled..
May 24 16:37:59 s7154 kernel: [  201.538798] systemd[1]: Starting This init script starts the console logger and reports to the console certain system and hardware properties....
May 24 16:38:00 s7154 Launcher: %LAUNCHER-6-PROCESS_START: Configuring process 'Pmbus' to start in role 'ActiveSupervisor'
May 24 16:38:01 s7154 Pmbus: %AGENT-6-INITIALIZED: Agent 'Pmbus' initialized; pid=2591
May 24 16:38:01 s7154 kernel: [  203.305184] systemd[1]: Started This init script starts the console logger and reports to the console certain system and hardware properties..
May 24 16:38:01 s7154 kernel: [  203.305275] systemd[1]: Starting Getty on tty1...
May 24 16:38:01 s7154 kernel: [  203.306441] systemd[1]: Started Getty on tty1.
May 24 16:38:01 s7154 kernel: [  203.306488] systemd[1]: Starting Serial Getty on ttyS0...
May 24 16:38:01 s7154 kernel: [  203.307540] systemd[1]: Started Serial Getty on ttyS0.
May 24 16:38:01 s7154 kernel: [  203.307591] systemd[1]: Starting Login Prompts.
May 24 16:38:01 s7154 kernel: [  203.307612] systemd[1]: Reached target Login Prompts.
May 24 16:38:01 s7154 kernel: [  203.307638] systemd[1]: Starting Multi-User System.
May 24 16:38:01 s7154 Thermostat: %ENVMON-6-FAN_SPEED_UNSTABLE: The speed of the fan FanP2/1 is being stabilized
May 24 16:38:01 s7154 Thermostat: %ENVMON-6-FAN_SPEED_UNSTABLE: The speed of the fan FanP1/1 is being stabilized
May 24 16:38:01 s7154 CROND[2608]: (root) CMD (/usr/bin/archivecheck.py &> /dev/null)
May 24 16:38:04 s7154 Thermostat: %ENVMON-6-FAN_SPEED_STABLE: The speed of the fan Fan2/1 has been stabilized
May 24 16:38:04 s7154 Thermostat: %ENVMON-6-FAN_SPEED_STABLE: The speed of the fan Fan1/1 has been stabilized
May 24 16:38:04 s7154 Thermostat: %ENVMON-6-FAN_SPEED_STABLE: The speed of the fan Fan3/1 has been stabilized
May 24 16:38:04 s7154 Thermostat: %ENVMON-6-FAN_SPEED_STABLE: The speed of the fan Fan4/1 has been stabilized
May 24 16:38:05 s7154 Stp: %SPANTREE-6-STABLE_CHANGE: Stp state is now stable
May 24 16:38:05 s7154 ntpd[2500]: ntpd exiting on signal 15
May 24 16:38:06 s7154 ntpd[2706]: ntpd 4.2.6p3-RC10@1.2239-o Fri Feb 21 04:06:37 UTC 2020 (1)
May 24 16:38:06 s7154 ntpd[2737]: proto: precision = 0.187 usec
May 24 16:38:06 s7154 ntpd[2737]: 0.0.0.0 c01d 0d kern kernel time sync enabled
May 24 16:38:06 s7154 ntpd[2737]: ntp_io: estimated max descriptors: 1048576, initial socket boundary: 16
May 24 16:38:06 s7154 ntpd[2737]: Listen normally on 0 v4wildcard 0.0.0.0 UDP 123
May 24 16:38:06 s7154 ntpd[2737]: Listen normally on 1 v6wildcard :: UDP 123
May 24 16:38:06 s7154 ntpd[2737]: Listen normally on 2 lo 127.0.0.1 UDP 123
May 24 16:38:06 s7154 ntpd[2737]: Listen normally on 4 lo ::1 UDP 123
May 24 16:38:06 s7154 ntpd[2737]: Listening on routing socket on fd #20 for interface updates
May 24 16:38:06 s7154 ntpd[2737]: 0.0.0.0 c016 06 restart
