May 24 16:35:29 localhost rsyslogd: [origin software="rsyslogd" swVersion="7.2.6" x-pid="936" x-info="http://www.rsyslog.com"] start
May 24 16:35:29 localhost kernel: [    0.000000] Linux version 4.9.122.Ar-15576426.4224M (arastra@dhcp-242-154-160.sjc.aristanetworks.com) (gcc version 6.3.1 20170216 (Red Hat 6.3.1-3) (crosstool-NG 1.20.0) ) #1 SMP PREEMPT Thu Feb 20 17:13:24 PST 2020
May 24 16:35:29 localhost kernel: [    0.000000] Command line:  SWI=flash:/EOS-2GB-4.22.4M.swi CONSOLESPEED=9600 tsc=reliable console=ttyS0 reboot=p block_drive=pci0000:00/0000:00:11.0/.*host./target.:0:0/.*$ net_ma1=pci0000:00/0000:00:14.6$ net_usb1=pci0000:00/0000:00:12.2/usb1/1-1/.*$ platform=raven block_flash=pci0000:00/0000:00:12.[02]/usb.*$ block_usb1=pci0000:00/0000:00:13.[02]/usb.*$ log_buf_len=2M systemd.show_status=0 systemd.default_standard_output=tty dmamem=54M-NO_IOMMU_CMA hwaddr_ma1=00:1c:73:1f:35:df amd_iommu=off acpi=off processor.max_cstate=1 intel_idle.max_cstate=1  kexec_jump_back_entry=0xbf95d910
May 24 16:35:29 localhost kernel: [    0.000000] x86/fpu: Legacy x87 FPU detected.
May 24 16:35:29 localhost kernel: [    0.000000] e820: BIOS-provided physical RAM map:
May 24 16:35:29 localhost kernel: [    0.000000] BIOS-e820: [mem 0x0000000000000000-0x0000000000000fff] reserved
May 24 16:35:29 localhost kernel: [    0.000000] BIOS-e820: [mem 0x0000000000001000-0x000000000009ffff] usable
May 24 16:35:29 localhost kernel: [    0.000000] BIOS-e820: [mem 0x00000000000c0000-0x00000000bffeffff] usable
May 24 16:35:29 localhost kernel: [    0.000000] BIOS-e820: [mem 0x00000000bfff0000-0x00000000bfffffff] reserved
May 24 16:35:29 localhost kernel: [    0.000000] BIOS-e820: [mem 0x0000000100000000-0x000000013fffffff] usable
May 24 16:35:29 localhost kernel: [    0.000000] NX (Execute Disable) protection: active
May 24 16:35:29 localhost kernel: [    0.000000] DMI not present or invalid.
May 24 16:35:29 localhost kernel: [    0.000000] Kernel/User page tables isolation: disabled
May 24 16:35:29 localhost kernel: [    0.000000] AGP: No AGP bridge found
May 24 16:35:29 localhost kernel: [    0.000000] e820: last_pfn = 0x140000 max_arch_pfn = 0x400000000
May 24 16:35:29 localhost kernel: [    0.000000] x86/PAT: Configuration [0-7]: WB  WT  UC- UC  WB  WT  UC- UC  
May 24 16:35:29 localhost kernel: [    0.000000] e820: last_pfn = 0xbfff0 max_arch_pfn = 0x400000000
May 24 16:35:29 localhost kernel: [    0.000000] found SMP MP-table at [mem 0x000f0400-0x000f040f] mapped at [ffff8800000f0400]
May 24 16:35:29 localhost kernel: [    0.000000] Using GB pages for direct mapping
May 24 16:35:29 localhost kernel: [    0.000000] log_buf_len: 2097152 bytes
May 24 16:35:29 localhost kernel: [    0.000000] early log buf free: 5204(63%)
May 24 16:35:29 localhost kernel: [    0.000000] RAMDISK: [mem 0x7fdf8000-0x7fff4fff]
May 24 16:35:29 localhost kernel: [    0.000000] Reserving 34MB of memory at 848MB for crashkernel (System RAM: 4095MB)
May 24 16:35:29 localhost kernel: [    0.000000] cma: Reserved 56 MiB at 0x00000000bc400000
May 24 16:35:29 localhost kernel: [    0.000000] dmamem: CMA reserved start:0xbc400000 size:0x3800000
May 24 16:35:29 localhost kernel: [    0.000000] Zone ranges:
May 24 16:35:29 localhost kernel: [    0.000000]   DMA      [mem 0x0000000000001000-0x0000000000ffffff]
May 24 16:35:29 localhost kernel: [    0.000000]   DMA32    [mem 0x0000000001000000-0x00000000ffffffff]
May 24 16:35:29 localhost kernel: [    0.000000]   Normal   [mem 0x0000000100000000-0x000000013fffffff]
May 24 16:35:29 localhost kernel: [    0.000000] Movable zone start for each node
May 24 16:35:29 localhost kernel: [    0.000000] Early memory node ranges
May 24 16:35:29 localhost kernel: [    0.000000]   node   0: [mem 0x0000000000001000-0x000000000009ffff]
May 24 16:35:29 localhost kernel: [    0.000000]   node   0: [mem 0x0000000000100000-0x00000000bffeffff]
May 24 16:35:29 localhost kernel: [    0.000000]   node   0: [mem 0x0000000100000000-0x000000013fffffff]
May 24 16:35:29 localhost kernel: [    0.000000] Initmem setup node 0 [mem 0x0000000000001000-0x000000013fffffff]
May 24 16:35:29 localhost kernel: [    0.000000] Intel MultiProcessor Specification v1.4
May 24 16:35:29 localhost kernel: [    0.000000] MPTABLE: OEM ID: Arista  
May 24 16:35:29 localhost kernel: [    0.000000] MPTABLE: Product ID: mainboard   
May 24 16:35:29 localhost kernel: [    0.000000] MPTABLE: APIC at: 0xFEE00000
May 24 16:35:29 localhost kernel: [    0.000000] Processor #0 (Bootup-CPU)
May 24 16:35:29 localhost kernel: [    0.000000] Processor #1
May 24 16:35:29 localhost kernel: [    0.000000] IOAPIC[0]: apic_id 1, version 33, address 0xfec00000, GSI 0-23
May 24 16:35:29 localhost kernel: [    0.000000] Processors: 2
May 24 16:35:29 localhost kernel: [    0.000000] smpboot: Allowing 2 CPUs, 0 hotplug CPUs
May 24 16:35:29 localhost kernel: [    0.000000] e820: [mem 0xc0000000-0xffffffff] available for PCI devices
May 24 16:35:29 localhost kernel: [    0.000000] Booting paravirtualized kernel on bare hardware
May 24 16:35:29 localhost kernel: [    0.000000] clocksource: refined-jiffies: mask: 0xffffffff max_cycles: 0xffffffff, max_idle_ns: 7645519600211568 ns
May 24 16:35:29 localhost kernel: [    0.000000] setup_percpu: NR_CPUS:16 nr_cpumask_bits:16 nr_cpu_ids:2 nr_node_ids:1
May 24 16:35:29 localhost kernel: [    0.000000] percpu: Embedded 35 pages/cpu @ffff88013fa00000 s104360 r8192 d30808 u1048576
May 24 16:35:29 localhost kernel: [    0.000000] Built 1 zonelists in Zone order, mobility grouping on.  Total pages: 1032057
May 24 16:35:29 localhost kernel: [    0.000000] Kernel command line: crashkernel=512-4G:34M,4G-8G:41M,8G-:53M nmi_watchdog=panic tsc=reliable pcie_ports=native reboot=p log_buf_len=1M usb-storage.delay_use=0 pti=off  SWI=flash:/EOS-2GB-4.22.4M.swi CONSOLESPEED=9600 tsc=reliable console=ttyS0 reboot=p block_drive=pci0000:00/0000:00:11.0/.*host./target.:0:0/.*$ net_ma1=pci0000:00/0000:00:14.6$ net_usb1=pci0000:00/0000:00:12.2/usb1/1-1/.*$ platform=raven block_flash=pci0000:00/0000:00:12.[02]/usb.*$ block_usb1=pci0000:00/0000:00:13.[02]/usb.*$ log_buf_len=2M systemd.show_status=0 systemd.default_standard_output=tty dmamem=54M-NO_IOMMU_CMA hwaddr_ma1=00:1c:73:1f:35:df amd_iommu=off acpi=off processor.max_cstate=1 intel_idle.max_cstate=1  kexec_jump_back_entry=0xbf95d910
May 24 16:35:29 localhost kernel: [    0.000000] PID hash table entries: 4096 (order: 3, 32768 bytes)
May 24 16:35:29 localhost kernel: [    0.000000] Dentry cache hash table entries: 524288 (order: 10, 4194304 bytes)
May 24 16:35:29 localhost kernel: [    0.000000] Inode-cache hash table entries: 262144 (order: 9, 2097152 bytes)
May 24 16:35:29 localhost kernel: [    0.000000] AGP: Checking aperture...
May 24 16:35:29 localhost kernel: [    0.000000] AGP: No AGP bridge found
May 24 16:35:29 localhost kernel: [    0.000000] AGP: Node 0: aperture [bus addr 0x00000000-0x01ffffff] (32MB)
May 24 16:35:29 localhost kernel: [    0.000000] AGP: Your BIOS doesn't leave an aperture memory hole
May 24 16:35:29 localhost kernel: [    0.000000] AGP: Please enable the IOMMU option in the BIOS setup
May 24 16:35:29 localhost kernel: [    0.000000] AGP: This costs you 64MB of RAM
May 24 16:35:29 localhost kernel: [    0.000000] AGP: Mapping aperture over RAM [mem 0xb4000000-0xb7ffffff] (65536KB)
May 24 16:35:29 localhost kernel: [    0.000000] Memory: 3878936K/4193852K available (6476K kernel code, 999K rwdata, 2252K rodata, 1348K init, 376K bss, 257572K reserved, 57344K cma-reserved)
May 24 16:35:29 localhost kernel: [    0.000000] SLUB: HWalign=64, Order=0-3, MinObjects=0, CPUs=2, Nodes=1
May 24 16:35:29 localhost kernel: [    0.000000] Preemptible hierarchical RCU implementation.
May 24 16:35:29 localhost kernel: [    0.000000] 	Build-time adjustment of leaf fanout to 64.
May 24 16:35:29 localhost kernel: [    0.000000] 	RCU restricting CPUs from NR_CPUS=16 to nr_cpu_ids=2.
May 24 16:35:29 localhost kernel: [    0.000000] RCU: Adjusting geometry for rcu_fanout_leaf=64, nr_cpu_ids=2
May 24 16:35:29 localhost kernel: [    0.000000] NR_IRQS:4352 nr_irqs:440 16
May 24 16:35:29 localhost kernel: [    0.000000] Console: colour dummy device 80x25
May 24 16:35:29 localhost kernel: [    0.000000] console [ttyS0] enabled
May 24 16:35:29 localhost kernel: [    0.000000] tsc: Fast TSC calibration using PIT
May 24 16:35:29 localhost kernel: [    0.000000] tsc: Detected 1500.042 MHz processor
May 24 16:35:29 localhost kernel: [    0.000004] Calibrating delay loop (skipped), value calculated using timer frequency.. 3000.08 BogoMIPS (lpj=6000168)
May 24 16:35:29 localhost kernel: [    0.000009] pid_max: default: 32768 minimum: 301
May 24 16:35:29 localhost kernel: [    0.000078] Mount-cache hash table entries: 8192 (order: 4, 65536 bytes)
May 24 16:35:29 localhost kernel: [    0.000081] Mountpoint-cache hash table entries: 8192 (order: 4, 65536 bytes)
May 24 16:35:29 localhost kernel: [    0.000533] mce: CPU supports 6 MCE banks
May 24 16:35:29 localhost kernel: [    0.000541] LVT offset 0 assigned for vector 0xf9
May 24 16:35:29 localhost kernel: [    0.000547] process: using AMD E400 aware idle routine
May 24 16:35:29 localhost kernel: [    0.000550] Last level iTLB entries: 4KB 512, 2MB 16, 4MB 8
May 24 16:35:29 localhost kernel: [    0.000552] Last level dTLB entries: 4KB 512, 2MB 128, 4MB 64, 1GB 0
May 24 16:35:29 localhost kernel: [    0.000565] Spectre V2 : Vulnerable: Minimal AMD ASM retpoline
May 24 16:35:29 localhost kernel: [    0.000567] Spectre V2 : Spectre v2 / SpectreRSB mitigation: Filling RSB on context switch
May 24 16:35:29 localhost kernel: [    0.001053] Freeing SMP alternatives memory: 28K
May 24 16:35:29 localhost kernel: [    0.002217] ftrace: allocating 29023 entries in 114 pages
May 24 16:35:29 localhost kernel: [    0.023531] smpboot: Max logical packages: 1
May 24 16:35:29 localhost kernel: [    0.024031] ..TIMER: vector=0x30 apic1=0 pin1=2 apic2=0 pin2=0
May 24 16:35:29 localhost kernel: [    0.275839] smpboot: CPU0: AMD Turion(tm) II Neo N41H Dual-Core Processor (family: 0x10, model: 0x6, stepping: 0x3)
May 24 16:35:29 localhost kernel: [    0.275849] Performance Events: Broken BIOS detected, complain to your hardware vendor.
May 24 16:35:29 localhost kernel: [    0.275854] [Firmware Bug]: the BIOS has corrupted hw-PMU resources (MSR c0010000 is 530076)
May 24 16:35:29 localhost kernel: [    0.275856] AMD PMU driver.
May 24 16:35:29 localhost kernel: [    0.275859] ... version:                0
May 24 16:35:29 localhost kernel: [    0.275860] ... bit width:              48
May 24 16:35:29 localhost kernel: [    0.275861] ... generic registers:      4
May 24 16:35:29 localhost kernel: [    0.275863] ... value mask:             0000ffffffffffff
May 24 16:35:29 localhost kernel: [    0.275864] ... max period:             00007fffffffffff
May 24 16:35:29 localhost kernel: [    0.275865] ... fixed-purpose events:   0
May 24 16:35:29 localhost kernel: [    0.275866] ... event mask:             000000000000000f
May 24 16:35:29 localhost kernel: [    0.275952] process: System has AMD C1E enabled
May 24 16:35:29 localhost kernel: [    0.275961] process: Switch to broadcast mode on CPU0
May 24 16:35:29 localhost kernel: [    0.304733] MCE: In-kernel MCE decoding enabled.
May 24 16:35:29 localhost kernel: [    0.312095] NMI watchdog: enabled on all CPUs, permanently consumes one hw-PMU counter.
May 24 16:35:29 localhost kernel: [    0.352043] x86: Booting SMP configuration:
May 24 16:35:29 localhost kernel: [    0.352047] .... node  #0, CPUs:      #1
May 24 16:35:29 localhost kernel: [    0.352217] Skipped synchronization checks as TSC is reliable.
May 24 16:35:29 localhost kernel: [    0.352255] process: Switch to broadcast mode on CPU1
May 24 16:35:29 localhost kernel: [    0.352337] x86: Booted up 1 node, 2 CPUs
May 24 16:35:29 localhost kernel: [    0.352342] smpboot: Total of 2 processors activated (6000.16 BogoMIPS)
May 24 16:35:29 localhost kernel: [    0.353566] devtmpfs: initialized
May 24 16:35:29 localhost kernel: [    0.354726] clocksource: jiffies: mask: 0xffffffff max_cycles: 0xffffffff, max_idle_ns: 7645041785100000 ns
May 24 16:35:29 localhost kernel: [    0.354733] futex hash table entries: 512 (order: 3, 32768 bytes)
May 24 16:35:29 localhost kernel: [    0.355213] pinctrl core: initialized pinctrl subsystem
May 24 16:35:29 localhost kernel: [    0.355442] NET: Registered protocol family 16
May 24 16:35:29 localhost kernel: [    0.372034] cpuidle: using governor ladder
May 24 16:35:29 localhost kernel: [    0.372048] TOM: 00000000c0000000 aka 3072M
May 24 16:35:29 localhost kernel: [    0.372059] TOM2: 0000000140000000 aka 5120M
May 24 16:35:29 localhost kernel: [    0.372444] PCI: Using configuration type 1 for base access
May 24 16:35:29 localhost kernel: [    0.372445] PCI: Using configuration type 1 for extended access
May 24 16:35:29 localhost kernel: [    0.388473] HugeTLB registered 1 GB page size, pre-allocated 0 pages
May 24 16:35:29 localhost kernel: [    0.388476] HugeTLB registered 2 MB page size, pre-allocated 0 pages
May 24 16:35:29 localhost kernel: [    0.388831] ACPI: Interpreter disabled.
May 24 16:35:29 localhost kernel: [    0.388960] SCSI subsystem initialized
May 24 16:35:29 localhost kernel: [    0.392187] usbcore: registered new interface driver usbfs
May 24 16:35:29 localhost kernel: [    0.392207] usbcore: registered new interface driver hub
May 24 16:35:29 localhost kernel: [    0.392248] usbcore: registered new device driver usb
May 24 16:35:29 localhost kernel: [    0.392284] pps_core: LinuxPPS API ver. 1 registered
May 24 16:35:29 localhost kernel: [    0.392286] pps_core: Software ver. 5.3.6 - Copyright 2005-2007 Rodolfo Giometti <giometti@linux.it>
May 24 16:35:29 localhost kernel: [    0.392292] PTP clock support registered
May 24 16:35:29 localhost kernel: [    0.392299] EDAC MC: Ver: 3.0.0
May 24 16:35:29 localhost kernel: [    0.392467] dmi: Firmware registration failed.
May 24 16:35:29 localhost kernel: [    0.392475] PCI: Probing PCI hardware
May 24 16:35:29 localhost kernel: [    0.392532] PCI host bridge to bus 0000:00
May 24 16:35:29 localhost kernel: [    0.392538] pci_bus 0000:00: root bus resource [bus 00-05]
May 24 16:35:29 localhost kernel: [    0.392542] pci_bus 0000:00: root bus resource [io  0x0000-0xffff]
May 24 16:35:29 localhost kernel: [    0.392545] pci_bus 0000:00: root bus resource [mem 0xe4200000-0xffffffff]
May 24 16:35:29 localhost kernel: [    0.392548] pci_bus 0000:00: root bus resource [mem 0xc0000000-0xe41fffff]
May 24 16:35:29 localhost kernel: [    0.392550] pci_bus 0000:00: root bus resource [mem 0x140000000-0xfcffffffff]
May 24 16:35:29 localhost kernel: [    0.395636] pci_bus 0000:01: set in_fastreset to 0
May 24 16:35:29 localhost kernel: [    0.395846] pci 0000:00:01.0: PCI bridge to [bus 01]
May 24 16:35:29 localhost kernel: [    0.395882] pci_bus 0000:02: set in_fastreset to 0
May 24 16:35:29 localhost kernel: [    0.395915] pci 0000:00:04.0: PCI bridge to [bus 02]
May 24 16:35:29 localhost kernel: [    0.395948] pci_bus 0000:03: set in_fastreset to 0
May 24 16:35:29 localhost kernel: [    0.395999] pci 0000:00:08.0: PCI bridge to [bus 03]
May 24 16:35:29 localhost kernel: [    0.396033] pci_bus 0000:04: set in_fastreset to 0
May 24 16:35:29 localhost initblockdev: dosfsck returned 1 on /dev/sda1 /mnt/flash, verifying the partition again
May 24 16:35:29 localhost kernel: [    0.396367] pci 0000:00:09.0: PCI bridge to [bus 04]
May 24 16:35:29 localhost kernel: [    0.396401] pci_bus 0000:05: set in_fastreset to 0
May 24 16:35:29 localhost kernel: [    0.396433] pci 0000:00:0a.0: PCI bridge to [bus 05]
May 24 16:35:29 localhost kernel: [    0.396459] pci_bus 0000:06: set in_fastreset to 0
May 24 16:35:29 localhost kernel: [    0.396545] pci 0000:00:14.4: PCI bridge to [bus 06]
May 24 16:35:29 localhost kernel: [    0.396604] pci 0000:00:14.4: default IRQ router [1002:4384]
May 24 16:35:29 localhost kernel: [    0.397478] clocksource: Switched to clocksource refined-jiffies
May 24 16:35:29 localhost kernel: [    0.408310] VFS: Disk quotas dquot_6.6.0
May 24 16:35:29 localhost kernel: [    0.408343] VFS: Dquot-cache hash table entries: 512 (order 0, 4096 bytes)
May 24 16:35:29 localhost kernel: [    0.408439] pnp: PnP ACPI: disabled
May 24 16:35:29 localhost kernel: [    0.414271] pci 0000:00:14.6: BAR 6: assigned [mem 0xe4200000-0xe420ffff pref]
May 24 16:35:29 localhost kernel: [    0.414277] pci 0000:00:01.0: PCI bridge to [bus 01]
May 24 16:35:29 localhost kernel: [    0.414281] pci 0000:00:01.0:   bridge window [io  0x7000-0x7fff]
May 24 16:35:29 localhost kernel: [    0.414286] pci 0000:00:01.0:   bridge window [mem 0xe4000000-0xe40fffff]
May 24 16:35:29 localhost kernel: [    0.414289] pci 0000:00:01.0:   bridge window [mem 0xe8000000-0xefffffff 64bit pref]
May 24 16:35:29 localhost kernel: [    0.414294] pci 0000:00:04.0: PCI bridge to [bus 02]
May 24 16:35:29 localhost kernel: [    0.414297] pci 0000:00:04.0:   bridge window [io  0x1000-0x1fff]
May 24 16:35:29 localhost kernel: [    0.414301] pci 0000:00:04.0:   bridge window [mem 0xe2000000-0xe3ffffff]
May 24 16:35:29 localhost kernel: [    0.414304] pci 0000:00:04.0:   bridge window [mem 0xc0000000-0xc01fffff 64bit pref]
May 24 16:35:29 localhost kernel: [    0.414309] pci 0000:00:08.0: PCI bridge to [bus 03]
May 24 16:35:29 localhost kernel: [    0.414312] pci 0000:00:08.0:   bridge window [io  0x2000-0x2fff]
May 24 16:35:29 localhost kernel: [    0.414316] pci 0000:00:08.0:   bridge window [mem 0xc0200000-0xc03fffff]
May 24 16:35:29 localhost kernel: [    0.414319] pci 0000:00:08.0:   bridge window [mem 0xc0400000-0xc05fffff 64bit pref]
May 24 16:35:29 localhost kernel: [    0.414324] pci 0000:00:09.0: PCI bridge to [bus 04]
May 24 16:35:29 localhost kernel: [    0.414327] pci 0000:00:09.0:   bridge window [io  0x3000-0x3fff]
May 24 16:35:29 localhost kernel: [    0.414331] pci 0000:00:09.0:   bridge window [mem 0xe0000000-0xe1ffffff]
May 24 16:35:29 localhost kernel: [    0.414334] pci 0000:00:09.0:   bridge window [mem 0xc0600000-0xc07fffff 64bit pref]
May 24 16:35:29 localhost kernel: [    0.414338] pci 0000:00:0a.0: PCI bridge to [bus 05]
May 24 16:35:29 localhost kernel: [    0.414341] pci 0000:00:0a.0:   bridge window [io  0x4000-0x4fff]
May 24 16:35:29 localhost kernel: [    0.414345] pci 0000:00:0a.0:   bridge window [mem 0xc0800000-0xc09fffff]
May 24 16:35:29 localhost kernel: [    0.414348] pci 0000:00:0a.0:   bridge window [mem 0xc0a00000-0xc0bfffff 64bit pref]
May 24 16:35:29 localhost kernel: [    0.414354] pci 0000:00:14.4: PCI bridge to [bus 06]
May 24 16:35:29 localhost kernel: [    0.414472] NET: Registered protocol family 2
May 24 16:35:29 localhost kernel: [    0.414947] TCP established hash table entries: 32768 (order: 6, 262144 bytes)
May 24 16:35:29 localhost kernel: [    0.415058] TCP bind hash table entries: 32768 (order: 8, 1048576 bytes)
May 24 16:35:29 localhost kernel: [    0.415418] TCP: Hash tables configured (established 32768 bind 32768)
May 24 16:35:29 localhost kernel: [    0.415491] UDP hash table entries: 2048 (order: 5, 196608 bytes)
May 24 16:35:29 localhost kernel: [    0.415570] UDP-Lite hash table entries: 2048 (order: 5, 196608 bytes)
May 24 16:35:29 localhost kernel: [    0.415956] NET: Registered protocol family 1
May 24 16:35:29 localhost kernel: [    0.416292] RPC: Registered named UNIX socket transport module.
May 24 16:35:29 localhost kernel: [    0.416294] RPC: Registered udp transport module.
May 24 16:35:29 localhost kernel: [    0.416295] RPC: Registered tcp transport module.
May 24 16:35:29 localhost kernel: [    0.416296] RPC: Registered tcp NFSv4.1 backchannel transport module.
May 24 16:35:29 localhost kernel: [    0.416307] pci 0000:00:01.0: MSI quirk detected; subordinate MSI disabled
May 24 16:35:29 localhost kernel: [    0.416346] pci 0000:00:12.0: PCI->APIC IRQ transform: INT A -> IRQ 22
May 24 16:35:29 localhost kernel: [    0.416382] pci 0000:00:12.2: PCI->APIC IRQ transform: INT B -> IRQ 23
May 24 16:35:29 localhost kernel: [    0.416407] pci 0000:00:13.0: PCI->APIC IRQ transform: INT A -> IRQ 22
May 24 16:35:29 localhost kernel: [    0.416433] pci 0000:00:13.2: PCI->APIC IRQ transform: INT B -> IRQ 23
May 24 16:35:29 localhost kernel: [    0.416470] pci 0000:00:16.0: PCI->APIC IRQ transform: INT A -> IRQ 23
May 24 16:35:29 localhost kernel: [    0.416495] pci 0000:00:16.2: PCI->APIC IRQ transform: INT B -> IRQ 22
May 24 16:35:29 localhost kernel: [    0.416531] pci 0000:01:05.0: Video device with shadowed ROM at [mem 0x000c0000-0x000dffff]
May 24 16:35:29 localhost kernel: [    0.416782] Unpacking initramfs...
May 24 16:35:29 localhost kernel: [    0.568400] Freeing initrd memory: 2036K
May 24 16:35:29 localhost kernel: [    0.568406] PCI-DMA: Disabling AGP.
May 24 16:35:29 localhost kernel: [    0.570093] PCI-DMA: aperture base @ b4000000 size 65536 KB
May 24 16:35:29 localhost kernel: [    0.570095] PCI-DMA: using GART IOMMU.
May 24 16:35:29 localhost kernel: [    0.570098] PCI-DMA: Reserving 64MB of IOMMU area in the AGP aperture
May 24 16:35:29 localhost kernel: [    0.575452] LVT offset 1 assigned for vector 0x400
May 24 16:35:29 localhost kernel: [    0.575467] IBS: LVT offset 1 assigned
May 24 16:35:29 localhost kernel: [    0.575554] perf: AMD IBS detected (0x0000001f)
May 24 16:35:29 localhost kernel: [    0.575635] platform rtc_cmos: registered platform RTC device (no PNP device found)
May 24 16:35:29 localhost kernel: [    0.576768] workingset: timestamp_bits=46 max_order=20 bucket_order=0
May 24 16:35:29 localhost kernel: [    0.581749] squashfs: version 4.0 (2009/01/31) Phillip Lougher
May 24 16:35:29 localhost kernel: [    0.582483] aufs 4.9
May 24 16:35:29 localhost kernel: [    0.583183] Block layer SCSI generic (bsg) driver version 0.4 loaded (major 248)
May 24 16:35:29 localhost kernel: [    0.583187] io scheduler noop registered (default)
May 24 16:35:29 localhost kernel: [    0.583335] pcieport 0000:00:04.0: can't find IRQ for PCI INT A; probably buggy MP table
May 24 16:35:29 localhost kernel: [    0.583537] pcieport 0000:00:08.0: can't find IRQ for PCI INT A; probably buggy MP table
May 24 16:35:29 localhost kernel: [    0.583691] pcieport 0000:00:09.0: can't find IRQ for PCI INT A; probably buggy MP table
May 24 16:35:29 localhost kernel: [    0.583847] pcieport 0000:00:0a.0: can't find IRQ for PCI INT A; probably buggy MP table
May 24 16:35:29 localhost kernel: [    0.584077] pcieport 0000:00:04.0: Signaling PME through PCIe PME interrupt
May 24 16:35:29 localhost kernel: [    0.584105] pcieport 0000:00:08.0: Signaling PME through PCIe PME interrupt
May 24 16:35:29 localhost kernel: [    0.584134] pcieport 0000:00:09.0: Signaling PME through PCIe PME interrupt
May 24 16:35:29 localhost kernel: [    0.584137] pci 0000:04:00.0: Signaling PME through PCIe PME interrupt
May 24 16:35:29 localhost kernel: [    0.584164] pcieport 0000:00:0a.0: Signaling PME through PCIe PME interrupt
May 24 16:35:29 localhost kernel: [    0.584338] pci_hotplug: PCI Hot Plug PCI Core version: 0.5
May 24 16:35:29 localhost kernel: [    0.584551] Serial: 8250/16550 driver, 4 ports, IRQ sharing disabled
May 24 16:35:29 localhost kernel: [    0.605038] serial8250: ttyS0 at I/O 0x3f8 (irq = 4, base_baud = 115200) is a 16550A
May 24 16:35:29 localhost kernel: [    0.605093] pcielw 0000:00:04.0:pcie004: link down
May 24 16:35:29 localhost kernel: [    0.605116] pcielw 0000:00:04.0:pcie004: link down processing complete
May 24 16:35:29 localhost kernel: [    0.605124] pcielw 0000:00:0a.0:pcie004: link down
May 24 16:35:29 localhost kernel: [    0.605127] pcielw 0000:00:0a.0:pcie004: link down processing complete
May 24 16:35:29 localhost kernel: [    0.610301] loop: module loaded
May 24 16:35:29 localhost kernel: [    0.610366] hv_vmbus: registering driver hv_storvsc
May 24 16:35:29 localhost kernel: [    0.610550] ahci 0000:00:11.0: PCI->APIC IRQ transform: INT A -> IRQ 20
May 24 16:35:29 localhost kernel: [    0.610654] ahci 0000:00:11.0: AHCI 0001.0200 32 slots 4 ports 6 Gbps 0xf impl SATA mode
May 24 16:35:29 localhost kernel: [    0.610658] ahci 0000:00:11.0: flags: 64bit ncq sntf ilck led clo pio slum part 
May 24 16:35:29 localhost kernel: [    0.611621] scsi host0: ahci
May 24 16:35:29 localhost kernel: [    0.612071] scsi host1: ahci
May 24 16:35:29 localhost kernel: [    0.612377] scsi host2: ahci
May 24 16:35:29 localhost kernel: [    0.612676] scsi host3: ahci
May 24 16:35:29 localhost kernel: [    0.612809] ata1: SATA max UDMA/133 abar m1024@0xe4113000 port 0xe4113100 irq 20
May 24 16:35:29 localhost kernel: [    0.612813] ata2: SATA max UDMA/133 abar m1024@0xe4113000 port 0xe4113180 irq 20
May 24 16:35:29 localhost kernel: [    0.612816] ata3: SATA max UDMA/133 abar m1024@0xe4113000 port 0xe4113200 irq 20
May 24 16:35:29 localhost kernel: [    0.612818] ata4: SATA max UDMA/133 abar m1024@0xe4113000 port 0xe4113280 irq 20
May 24 16:35:29 localhost kernel: [    0.613083] tg3.c:v3.137 (May 11, 2014)
May 24 16:35:29 localhost kernel: [    0.632064] tg3 0000:00:14.6: PCI->APIC IRQ transform: INT C -> IRQ 21
May 24 16:35:29 localhost kernel: [    0.633582] libphy: tg3 mdio bus: probed
May 24 16:35:29 localhost kernel: [    0.708059] pcielw 0000:00:09.0:pcie004: Devices already exist and appear valid.
May 24 16:35:29 localhost kernel: [    0.708077] pcielw 0000:00:08.0:pcie004: No devices found
May 24 16:35:29 localhost kernel: [    0.728140] Broadcom BCM50610 a6:01: attached PHY driver [Broadcom BCM50610] (mii_bus:phy_addr=a6:01, irq=-1)
May 24 16:35:29 localhost kernel: [    0.784044] tg3 0000:00:14.6: VPD access failed.  This is likely a firmware bug on this device.  Contact the card vendor for a firmware update
May 24 16:35:29 localhost kernel: [    0.788489] tg3 0000:00:14.6 eth0: Tigon3 [partno(none) rev 5785041] (PCI Express) MAC address 00:10:18:00:00:00
May 24 16:35:29 localhost kernel: [    0.788494] tg3 0000:00:14.6 eth0: RXcsums[1] LinkChgREG[0] MIirq[0] ASF[0] TSOcap[1]
May 24 16:35:29 localhost kernel: [    0.788497] tg3 0000:00:14.6 eth0: dma_rwctrl[76180000] dma_mask[32-bit]
May 24 16:35:29 localhost kernel: [    0.788566] e1000: Intel(R) PRO/1000 Network Driver - version 7.3.21-k8-NAPI
May 24 16:35:29 localhost kernel: [    0.788568] e1000: Copyright (c) 1999-2006 Intel Corporation.
May 24 16:35:29 localhost kernel: [    0.788604] e1000e: Intel(R) PRO/1000 Network Driver - 3.2.6-k
May 24 16:35:29 localhost kernel: [    0.788605] e1000e: Copyright(c) 1999 - 2015 Intel Corporation.
May 24 16:35:29 localhost kernel: [    0.788636] igb: Intel(R) Gigabit Ethernet Network Driver - version 5.4.0-k
May 24 16:35:29 localhost kernel: [    0.788638] igb: Copyright (c) 2007-2014 Intel Corporation.
May 24 16:35:29 localhost kernel: [    0.788668] ehci_hcd: USB 2.0 'Enhanced' Host Controller (EHCI) Driver
May 24 16:35:29 localhost kernel: [    0.788679] ehci-pci: EHCI PCI platform driver
May 24 16:35:29 localhost kernel: [    0.788713] ehci-pci 0000:00:12.2: PCI->APIC IRQ transform: INT B -> IRQ 23
May 24 16:35:29 localhost kernel: [    0.788749] ehci-pci 0000:00:12.2: EHCI Host Controller
May 24 16:35:29 localhost kernel: [    0.788759] ehci-pci 0000:00:12.2: new USB bus registered, assigned bus number 1
May 24 16:35:29 localhost kernel: [    0.788768] ehci-pci 0000:00:12.2: applying AMD SB700/SB800/Hudson-2/3 EHCI dummy qh workaround
May 24 16:35:29 localhost kernel: [    0.788778] ehci-pci 0000:00:12.2: debug port 1
May 24 16:35:29 localhost kernel: [    0.788835] ehci-pci 0000:00:12.2: irq 23, io mem 0xe4113400
May 24 16:35:29 localhost kernel: [    0.804050] ehci-pci 0000:00:12.2: USB 2.0 started, EHCI 1.00
May 24 16:35:29 localhost kernel: [    0.804152] usb usb1: New USB device found, idVendor=1d6b, idProduct=0002
May 24 16:35:29 localhost kernel: [    0.804155] usb usb1: New USB device strings: Mfr=3, Product=2, SerialNumber=1
May 24 16:35:29 localhost kernel: [    0.804158] usb usb1: Product: EHCI Host Controller
May 24 16:35:29 localhost kernel: [    0.804160] usb usb1: Manufacturer: Linux 4.9.122.Ar-15576426.4224M ehci_hcd
May 24 16:35:29 localhost kernel: [    0.804163] usb usb1: SerialNumber: 0000:00:12.2
May 24 16:35:29 localhost kernel: [    0.804505] hub 1-0:1.0: USB hub found
May 24 16:35:29 localhost kernel: [    0.804518] hub 1-0:1.0: 5 ports detected
May 24 16:35:29 localhost kernel: [    0.804805] ehci-pci 0000:00:13.2: PCI->APIC IRQ transform: INT B -> IRQ 23
May 24 16:35:29 localhost kernel: [    0.804836] ehci-pci 0000:00:13.2: EHCI Host Controller
May 24 16:35:29 localhost kernel: [    0.804846] ehci-pci 0000:00:13.2: new USB bus registered, assigned bus number 2
May 24 16:35:29 localhost kernel: [    0.804852] ehci-pci 0000:00:13.2: applying AMD SB700/SB800/Hudson-2/3 EHCI dummy qh workaround
May 24 16:35:29 localhost kernel: [    0.804863] ehci-pci 0000:00:13.2: debug port 1
May 24 16:35:29 localhost kernel: [    0.804907] ehci-pci 0000:00:13.2: irq 23, io mem 0xe4113500
May 24 16:35:29 localhost kernel: [    0.820051] ehci-pci 0000:00:13.2: USB 2.0 started, EHCI 1.00
May 24 16:35:29 localhost kernel: [    0.820156] usb usb2: New USB device found, idVendor=1d6b, idProduct=0002
May 24 16:35:29 localhost kernel: [    0.820159] usb usb2: New USB device strings: Mfr=3, Product=2, SerialNumber=1
May 24 16:35:29 localhost kernel: [    0.820161] usb usb2: Product: EHCI Host Controller
May 24 16:35:29 localhost kernel: [    0.820164] usb usb2: Manufacturer: Linux 4.9.122.Ar-15576426.4224M ehci_hcd
May 24 16:35:29 localhost kernel: [    0.820166] usb usb2: SerialNumber: 0000:00:13.2
May 24 16:35:29 localhost kernel: [    0.820497] hub 2-0:1.0: USB hub found
May 24 16:35:29 localhost kernel: [    0.820510] hub 2-0:1.0: 5 ports detected
May 24 16:35:29 localhost kernel: [    0.820792] ehci-pci 0000:00:16.2: PCI->APIC IRQ transform: INT B -> IRQ 22
May 24 16:35:29 localhost kernel: [    0.820821] ehci-pci 0000:00:16.2: EHCI Host Controller
May 24 16:35:29 localhost kernel: [    0.820831] ehci-pci 0000:00:16.2: new USB bus registered, assigned bus number 3
May 24 16:35:29 localhost kernel: [    0.820836] ehci-pci 0000:00:16.2: applying AMD SB700/SB800/Hudson-2/3 EHCI dummy qh workaround
May 24 16:35:29 localhost kernel: [    0.820847] ehci-pci 0000:00:16.2: debug port 1
May 24 16:35:29 localhost kernel: [    0.820900] ehci-pci 0000:00:16.2: irq 22, io mem 0xe4113600
May 24 16:35:29 localhost kernel: [    0.836069] ehci-pci 0000:00:16.2: USB 2.0 started, EHCI 1.00
May 24 16:35:29 localhost kernel: [    0.836179] usb usb3: New USB device found, idVendor=1d6b, idProduct=0002
May 24 16:35:29 localhost kernel: [    0.836182] usb usb3: New USB device strings: Mfr=3, Product=2, SerialNumber=1
May 24 16:35:29 localhost kernel: [    0.836185] usb usb3: Product: EHCI Host Controller
May 24 16:35:29 localhost kernel: [    0.836187] usb usb3: Manufacturer: Linux 4.9.122.Ar-15576426.4224M ehci_hcd
May 24 16:35:29 localhost kernel: [    0.836189] usb usb3: SerialNumber: 0000:00:16.2
May 24 16:35:29 localhost kernel: [    0.836513] hub 3-0:1.0: USB hub found
May 24 16:35:29 localhost kernel: [    0.836526] hub 3-0:1.0: 4 ports detected
May 24 16:35:29 localhost kernel: [    0.836781] ohci_hcd: USB 1.1 'Open' Host Controller (OHCI) Driver
May 24 16:35:29 localhost kernel: [    0.836790] ohci-pci: OHCI PCI platform driver
May 24 16:35:29 localhost kernel: [    0.836821] ohci-pci 0000:00:12.0: PCI->APIC IRQ transform: INT A -> IRQ 22
May 24 16:35:29 localhost kernel: [    0.836842] ohci-pci 0000:00:12.0: OHCI PCI host controller
May 24 16:35:29 localhost kernel: [    0.836852] ohci-pci 0000:00:12.0: new USB bus registered, assigned bus number 4
May 24 16:35:29 localhost kernel: [    0.836885] ohci-pci 0000:00:12.0: irq 22, io mem 0xe4110000
May 24 16:35:29 localhost kernel: [    0.900128] usb usb4: New USB device found, idVendor=1d6b, idProduct=0001
May 24 16:35:29 localhost kernel: [    0.900132] usb usb4: New USB device strings: Mfr=3, Product=2, SerialNumber=1
May 24 16:35:29 localhost kernel: [    0.900134] usb usb4: Product: OHCI PCI host controller
May 24 16:35:29 localhost kernel: [    0.900137] usb usb4: Manufacturer: Linux 4.9.122.Ar-15576426.4224M ohci_hcd
May 24 16:35:29 localhost kernel: [    0.900139] usb usb4: SerialNumber: 0000:00:12.0
May 24 16:35:29 localhost kernel: [    0.900478] hub 4-0:1.0: USB hub found
May 24 16:35:29 localhost kernel: [    0.900493] hub 4-0:1.0: 5 ports detected
May 24 16:35:29 localhost kernel: [    0.900780] ohci-pci 0000:00:13.0: PCI->APIC IRQ transform: INT A -> IRQ 22
May 24 16:35:29 localhost kernel: [    0.900801] ohci-pci 0000:00:13.0: OHCI PCI host controller
May 24 16:35:29 localhost kernel: [    0.900810] ohci-pci 0000:00:13.0: new USB bus registered, assigned bus number 5
May 24 16:35:29 localhost kernel: [    0.900849] ohci-pci 0000:00:13.0: irq 22, io mem 0xe4111000
May 24 16:35:29 localhost kernel: [    0.932069] ata1: SATA link down (SStatus 0 SControl 300)
May 24 16:35:29 localhost kernel: [    0.936067] ata4: SATA link down (SStatus 0 SControl 300)
May 24 16:35:29 localhost kernel: [    0.944135] ata2: SATA link down (SStatus 0 SControl 300)
May 24 16:35:29 localhost kernel: [    0.948060] ata3: SATA link down (SStatus 0 SControl 300)
May 24 16:35:29 localhost kernel: [    0.964128] usb usb5: New USB device found, idVendor=1d6b, idProduct=0001
May 24 16:35:29 localhost kernel: [    0.964132] usb usb5: New USB device strings: Mfr=3, Product=2, SerialNumber=1
May 24 16:35:29 localhost kernel: [    0.964134] usb usb5: Product: OHCI PCI host controller
May 24 16:35:29 localhost kernel: [    0.964137] usb usb5: Manufacturer: Linux 4.9.122.Ar-15576426.4224M ohci_hcd
May 24 16:35:29 localhost kernel: [    0.964139] usb usb5: SerialNumber: 0000:00:13.0
May 24 16:35:29 localhost kernel: [    0.964483] hub 5-0:1.0: USB hub found
May 24 16:35:29 localhost kernel: [    0.964499] hub 5-0:1.0: 5 ports detected
May 24 16:35:29 localhost kernel: [    0.964783] ohci-pci 0000:00:16.0: PCI->APIC IRQ transform: INT A -> IRQ 23
May 24 16:35:29 localhost kernel: [    0.964804] ohci-pci 0000:00:16.0: OHCI PCI host controller
May 24 16:35:29 localhost kernel: [    0.964813] ohci-pci 0000:00:16.0: new USB bus registered, assigned bus number 6
May 24 16:35:29 localhost kernel: [    0.964860] ohci-pci 0000:00:16.0: irq 23, io mem 0xe4112000
May 24 16:35:29 localhost kernel: [    1.028128] usb usb6: New USB device found, idVendor=1d6b, idProduct=0001
May 24 16:35:29 localhost kernel: [    1.028132] usb usb6: New USB device strings: Mfr=3, Product=2, SerialNumber=1
May 24 16:35:29 localhost kernel: [    1.028134] usb usb6: Product: OHCI PCI host controller
May 24 16:35:29 localhost kernel: [    1.028137] usb usb6: Manufacturer: Linux 4.9.122.Ar-15576426.4224M ohci_hcd
May 24 16:35:29 localhost kernel: [    1.028139] usb usb6: SerialNumber: 0000:00:16.0
May 24 16:35:29 localhost kernel: [    1.028482] hub 6-0:1.0: USB hub found
May 24 16:35:29 localhost kernel: [    1.028497] hub 6-0:1.0: 4 ports detected
May 24 16:35:29 localhost kernel: [    1.028782] uhci_hcd: USB Universal Host Controller Interface driver
May 24 16:35:29 localhost kernel: [    1.028912] usbcore: registered new interface driver usb-storage
May 24 16:35:29 localhost kernel: [    1.028954] i8042: PNP: No PS/2 controller found. Probing ports directly.
May 24 16:35:29 localhost kernel: [    1.132015] random: fast init done
May 24 16:35:29 localhost kernel: [    2.051360] i8042: No controller found
May 24 16:35:29 localhost kernel: [    2.051621] rtc_cmos rtc_cmos: rtc core: registered rtc_cmos as rtc0
May 24 16:35:29 localhost kernel: [    2.051660] rtc_cmos rtc_cmos: alarms up to one day, 114 bytes nvram
May 24 16:35:29 localhost kernel: [    2.051697] i2c /dev entries driver
May 24 16:35:29 localhost kernel: [    2.051827] piix4_smbus 0000:00:14.0: SMBus Host Controller at 0x6000, revision 0
May 24 16:35:29 localhost kernel: [    2.051835] piix4_smbus 0000:00:14.0: Using register 0x2c for SMBus port selection
May 24 16:35:29 localhost kernel: [    2.052547] piix4_smbus 0000:00:14.0: Auxiliary SMBus Host Controller at 0xb20
May 24 16:35:29 localhost kernel: [    2.052781] sdhci: Secure Digital Host Controller Interface driver
May 24 16:35:29 localhost kernel: [    2.052783] sdhci: Copyright(c) Pierre Ossman
May 24 16:35:29 localhost kernel: [    2.052849] hidraw: raw HID events driver (C) Jiri Kosina
May 24 16:35:29 localhost kernel: [    2.052908] usbcore: registered new interface driver usbhid
May 24 16:35:29 localhost kernel: [    2.052909] usbhid: USB HID core driver
May 24 16:35:29 localhost kernel: [    2.053287] NET: Registered protocol family 10
May 24 16:35:29 localhost kernel: [    2.054068] NET: Registered protocol family 17
May 24 16:35:29 localhost kernel: [    2.054910] microcode: CPU0: patch_level=0x010000b6
May 24 16:35:29 localhost kernel: [    2.054935] microcode: CPU1: patch_level=0x010000b6
May 24 16:35:29 localhost kernel: [    2.055068] microcode: Microcode Update Driver: v2.01 <tigran@aivazian.fsnet.co.uk>, Peter Oruba
May 24 16:35:29 localhost kernel: [    2.055643] registered taskstats version 1
May 24 16:35:29 localhost kernel: [    2.055997] rtc_cmos rtc_cmos: setting system clock to 2020-05-24 16:34:48 UTC (1590338088)
May 24 16:35:29 localhost kernel: [    2.057995] Freeing unused kernel memory: 1348K
May 24 16:35:29 localhost kernel: [    2.057999] Write protecting the kernel read-only data: 12288k
May 24 16:35:29 localhost kernel: [    2.059216] Freeing unused kernel memory: 1700K
May 24 16:35:29 localhost kernel: [    2.068506] Freeing unused kernel memory: 1844K
May 24 16:35:29 localhost kernel: [    2.068850] random: init: uninitialized urandom read (4 bytes read)
May 24 16:35:29 localhost kernel: [    2.069456] random: sysinit: uninitialized urandom read (4 bytes read)
May 24 16:35:29 localhost kernel: [    2.139528] random: busybox: uninitialized urandom read (4 bytes read)
May 24 16:35:29 localhost kernel: [    2.144074] usb 1-3: new high-speed USB device number 2 using ehci-pci
May 24 16:35:29 localhost kernel: [    2.272991] tg3 0000:00:14.6 ma1: renamed from eth0
May 24 16:35:29 localhost kernel: [    2.300093] usb 1-3: New USB device found, idVendor=0e39, idProduct=2b00
May 24 16:35:29 localhost kernel: [    2.300097] usb 1-3: New USB device strings: Mfr=1, Product=2, SerialNumber=3
May 24 16:35:29 localhost kernel: [    2.300100] usb 1-3: Product: eUSB
May 24 16:35:29 localhost kernel: [    2.300102] usb 1-3: Manufacturer: SMART
May 24 16:35:29 localhost kernel: [    2.300105] usb 1-3: SerialNumber: 23156511045338230213
May 24 16:35:29 localhost kernel: [    2.301083] usb-storage 1-3:1.0: USB Mass Storage device detected
May 24 16:35:29 localhost kernel: [    2.301637] scsi host4: usb-storage 1-3:1.0
May 24 16:35:29 localhost kernel: [    2.308413] scsi 4:0:0:0: Direct-Access     SMART    eUSB             883C PQ: 0 ANSI: 0 CCS
May 24 16:35:29 localhost kernel: [    2.313892] sd 4:0:0:0: [sda] 4014080 512-byte logical blocks: (2.06 GB/1.91 GiB)
May 24 16:35:29 localhost kernel: [    2.314777] sd 4:0:0:0: [sda] Write Protect is off
May 24 16:35:29 localhost kernel: [    2.315657] sd 4:0:0:0: [sda] No Caching mode page found
May 24 16:35:29 localhost kernel: [    2.315661] sd 4:0:0:0: [sda] Assuming drive cache: write through
May 24 16:35:29 localhost kernel: [    2.319582]  sda: sda1 sda2
May 24 16:35:29 localhost kernel: [    2.324672] sd 4:0:0:0: [sda] Attached SCSI disk
May 24 16:35:29 localhost kernel: [    2.672113] clocksource: tsc: mask: 0xffffffffffffffff max_cycles: 0x159f4a4bd4f, max_idle_ns: 440795264360 ns
May 24 16:35:29 localhost kernel: [    2.672135] clocksource: Switched to clocksource tsc
May 24 16:35:29 localhost kernel: [    7.169101] random: crng init done
May 24 16:35:29 localhost kernel: [    7.169105] random: 7 urandom warning(s) missed due to ratelimiting
May 24 16:35:29 localhost kernel: [   37.422925] aufs test_add:270:busybox[431]: uid/gid/perm /squashed-root 0/0/0555, 0/0/0755
May 24 16:35:29 localhost kernel: [   39.140810] systemd[1]: systemd 201 running in system mode. (+PAM +LIBWRAP +AUDIT +SELINUX +IMA +SYSVINIT +LIBCRYPTSETUP +GCRYPT +ACL +XZ)
May 24 16:35:29 localhost kernel: [   39.171270] systemd[1]: Failed to insert module 'autofs4'
May 24 16:35:29 localhost kernel: [   39.172290] systemd[1]: No hostname configured.
May 24 16:35:29 localhost kernel: [   39.172297] systemd[1]: Set hostname to <localhost>.
May 24 16:35:29 localhost kernel: [   39.179758] systemd[1]: /etc/mtab is not a symlink or not pointing to /proc/self/mounts. This is not supported anymore. Please make sure to replace this file by a symlink to avoid incorrect or misleading mount(8) output.
May 24 16:35:29 localhost kernel: [   39.359652] systemd[1]: Cannot add dependency job for unit display-manager.service, ignoring: Unit display-manager.service failed to load: No such file or directory. See system logs and 'systemctl status display-manager.service' for details.
May 24 16:35:29 localhost kernel: [   39.359963] systemd[1]: Expecting device dev-ttyS0.device...
May 24 16:35:29 localhost kernel: [   39.364721] systemd[1]: Starting Apply net.conf.ipv*.all workaround...
May 24 16:35:29 localhost kernel: [   39.365655] systemd[1]: Starting Syslog Socket.
May 24 16:35:29 localhost kernel: [   39.365729] systemd[1]: Listening on Syslog Socket.
May 24 16:35:29 localhost kernel: [   39.659219] irqbypass loaded by (name modprobe | pid 492) < (name kvm.modules | pid 483) < (name fedora-loadmodu | pid 461) < (name systemd | pid 1) < (name swapper/0 | pid 0)(name swapper/0 | pid 0)(name swapper/0 | pid 0)(name swapper/0 | pid 0)(name swapper/0 | pid 0)(name swapper/0 
May 24 16:35:29 localhost kernel: [   39.721305] systemd-udevd[505]: starting version 201
May 24 16:35:29 localhost kernel: [   39.724864] kvm loaded by (name modprobe | pid 492) < (name kvm.modules | pid 483) < (name fedora-loadmodu | pid 461) < (name systemd | pid 1) < (name swapper/0 | pid 0)(name swapper/0 | pid 0)(name swapper/0 | pid 0)(name swapper/0 | pid 0)(name swapper/0 | pid 0)(name swapper/0 
May 24 16:35:29 localhost kernel: [   39.734746] kvm_amd loaded by (name modprobe | pid 492) < (name kvm.modules | pid 483) < (name fedora-loadmodu | pid 461) < (name systemd | pid 1) < (name swapper/0 | pid 0)(name swapper/0 | pid 0)(name swapper/0 | pid 0)(name swapper/0 | pid 0)(name swapper/0 | pid 0)(name swapper/0 
May 24 16:35:29 localhost kernel: [   39.735069] kvm: Nested Virtualization enabled
May 24 16:35:29 localhost kernel: [   39.735073] kvm: Nested Paging enabled
May 24 16:35:29 localhost kernel: [   40.803271] k10temp loaded by (name systemd-udevd | pid 668) < (name systemd-udevd | pid 505) < (name systemd | pid 1) < (name swapper/0 | pid 0)(name swapper/0 | pid 0)(name swapper/0 | pid 0)(name swapper/0 | pid 0)(name swapper/0 | pid 0)(name swapper/0 | pid 0)(name swapper/0 | pi
May 24 16:35:29 localhost kernel: [   40.819576] amd64_edac_mod loaded by (name systemd-udevd | pid 667) < (name systemd-udevd | pid 505) < (name systemd | pid 1) < (name swapper/0 | pid 0)(name swapper/0 | pid 0)(name swapper/0 | pid 0)(name swapper/0 | pid 0)(name swapper/0 | pid 0)(name swapper/0 | pid 0)(name swapper/0 | pi
May 24 16:35:29 localhost kernel: [   40.819594] EDAC amd64: Node 0: DRAM ECC enabled.
May 24 16:35:29 localhost kernel: [   40.819597] EDAC amd64: F10h detected (node 0).
May 24 16:35:29 localhost kernel: [   40.819633] EDAC amd64: MC: 0:  2048MB 1:     0MB
May 24 16:35:29 localhost kernel: [   40.819635] EDAC amd64: MC: 2:     0MB 3:     0MB
May 24 16:35:29 localhost kernel: [   40.819637] EDAC amd64: MC: 4:     0MB 5:     0MB
May 24 16:35:29 localhost kernel: [   40.819638] EDAC amd64: MC: 6:     0MB 7:     0MB
May 24 16:35:29 localhost kernel: [   40.819641] EDAC amd64: MC: 0:  2048MB 1:     0MB
May 24 16:35:29 localhost kernel: [   40.819643] EDAC amd64: MC: 2:     0MB 3:     0MB
May 24 16:35:29 localhost kernel: [   40.819644] EDAC amd64: MC: 4:     0MB 5:     0MB
May 24 16:35:29 localhost kernel: [   40.819646] EDAC amd64: MC: 6:     0MB 7:     0MB
May 24 16:35:29 localhost kernel: [   40.819647] EDAC amd64: using x4 syndromes.
May 24 16:35:29 localhost kernel: [   40.819649] EDAC amd64: MCT channel count: 2
May 24 16:35:29 localhost kernel: [   40.819872] EDAC MC0: Giving out device to module amd64_edac controller F10h: DEV 0000:00:18.3 (INTERRUPT)
May 24 16:35:29 localhost kernel: [   40.819900] EDAC PCI0: Giving out device to module amd64_edac controller EDAC PCI controller: DEV 0000:00:18.2 (POLLED)
May 24 16:35:29 localhost kernel: [   40.819901] AMD64 EDAC driver v3.5.0
May 24 16:35:29 localhost kernel: [   40.836286] kshim: loading out-of-tree module taints kernel.
May 24 16:35:29 localhost kernel: [   40.836292] kshim: module license 'Proprietary' taints kernel.
May 24 16:35:29 localhost kernel: [   40.836294] Disabling lock debugging due to kernel taint
May 24 16:35:29 localhost kernel: [   40.836458] kshim loaded by (name systemd-udevd | pid 665) < (name systemd-udevd | pid 505) < (name systemd | pid 1) < (name swapper/0 | pid 0)(name swapper/0 | pid 0)(name swapper/0 | pid 0)(name swapper/0 | pid 0)(name swapper/0 | pid 0)(name swapper/0 | pid 0)(name swapper/0 | pi
May 24 16:35:29 localhost kernel: [   40.840863] uio loaded by (name systemd-udevd | pid 665) < (name systemd-udevd | pid 505) < (name systemd | pid 1) < (name swapper/0 | pid 0)(name swapper/0 | pid 0)(name swapper/0 | pid 0)(name swapper/0 | pid 0)(name swapper/0 | pid 0)(name swapper/0 | pid 0)(name swapper/0 | pi
May 24 16:35:29 localhost kernel: [   40.853357] scd loaded by (name systemd-udevd | pid 665) < (name systemd-udevd | pid 505) < (name systemd | pid 1) < (name swapper/0 | pid 0)(name swapper/0 | pid 0)(name swapper/0 | pid 0)(name swapper/0 | pid 0)(name swapper/0 | pid 0)(name swapper/0 | pid 0)(name swapper/0 | pi
May 24 16:35:29 localhost kernel: [   40.853361] scd module installed
May 24 16:35:29 localhost kernel: [   40.853435] scd 0000:04:00.0: PCI->APIC IRQ transform: INT A -> IRQ 17
May 24 16:35:29 localhost kernel: [   40.853471] pmd_set_huge: Cannot satisfy [mem 0xe0000000-0xe0200000] with a huge-page mapping due to MTRR override.
May 24 16:35:29 localhost kernel: [   40.853927] scd 0000:04:00.0: scd detected
May 24 16:35:29 localhost kernel: [   40.853927]    FPGA revision 38, board revision 865
May 24 16:35:29 localhost kernel: [   43.272028] xfrm_algo loaded by (name modprobe | pid 1018) < (name starter | pid 927) < (name systemd | pid 1) < (name swapper/0 | pid 0)(name swapper/0 | pid 0)(name swapper/0 | pid 0)(name swapper/0 | pid 0)(name swapper/0 | pid 0)(name swapper/0 | pid 0)(name swapper/0 | pid 0)(name 
May 24 16:35:29 localhost kernel: [   43.280031] af_key loaded by (name modprobe | pid 1018) < (name starter | pid 927) < (name systemd | pid 1) < (name swapper/0 | pid 0)(name swapper/0 | pid 0)(name swapper/0 | pid 0)(name swapper/0 | pid 0)(name swapper/0 | pid 0)(name swapper/0 | pid 0)(name swapper/0 | pid 0)(name 
May 24 16:35:29 localhost kernel: [   43.280044] NET: Registered protocol family 15
May 24 16:35:29 localhost kernel: [   43.313048] x_tables loaded by (name modprobe | pid 1025) < (name iptables-restor | pid 989) < (name iptables.init | pid 929) < (name systemd | pid 1) < (name swapper/0 | pid 0)(name swapper/0 | pid 0)(name swapper/0 | pid 0)(name swapper/0 | pid 0)(name swapper/0 | pid 0)(name swapper
May 24 16:35:29 localhost kernel: [   43.327036] ip6_tables loaded by (name modprobe | pid 1024) < (name ip6tables-resto | pid 1004) < (name ip6tables.init | pid 928) < (name systemd | pid 1) < (name swapper/0 | pid 0)(name swapper/0 | pid 0)(name swapper/0 | pid 0)(name swapper/0 | pid 0)(name swapper/0 | pid 0)(name swapp
May 24 16:35:29 localhost kernel: [   43.327052] ip6_tables: (C) 2000-2006 Netfilter Core Team
May 24 16:35:29 localhost kernel: [   43.331848] ip_tables loaded by (name modprobe | pid 1025) < (name iptables-restor | pid 989) < (name iptables.init | pid 929) < (name systemd | pid 1) < (name swapper/0 | pid 0)(name swapper/0 | pid 0)(name swapper/0 | pid 0)(name swapper/0 | pid 0)(name swapper/0 | pid 0)(name swapper
May 24 16:35:29 localhost kernel: [   43.331865] ip_tables: (C) 2000-2006 Netfilter Core Team
May 24 16:35:29 localhost kernel: [   43.336886] ip6table_filter loaded by (name modprobe | pid 1028) < (name kworker/u4:3 | pid 72) < (name kthreadd | pid 2) < (name swapper/0 | pid 0)(name swapper/0 | pid 0)(name swapper/0 | pid 0)(name swapper/0 | pid 0)(name swapper/0 | pid 0)(name swapper/0 | pid 0)(name swapper/0 | pid 0)(
May 24 16:35:29 localhost kernel: [   43.341845] ah4 loaded by (name modprobe | pid 1020) < (name starter | pid 927) < (name systemd | pid 1) < (name swapper/0 | pid 0)(name swapper/0 | pid 0)(name swapper/0 | pid 0)(name swapper/0 | pid 0)(name swapper/0 | pid 0)(name swapper/0 | pid 0)(name swapper/0 | pid 0)(name 
May 24 16:35:29 localhost kernel: [   43.388359] iptable_filter loaded by (name modprobe | pid 1034) < (name kworker/u4:3 | pid 72) < (name kthreadd | pid 2) < (name swapper/0 | pid 0)(name swapper/0 | pid 0)(name swapper/0 | pid 0)(name swapper/0 | pid 0)(name swapper/0 | pid 0)(name swapper/0 | pid 0)(name swapper/0 | pid 0)(
May 24 16:35:29 localhost kernel: [   43.394350] esp4 loaded by (name modprobe | pid 1030) < (name starter | pid 927) < (name systemd | pid 1) < (name swapper/0 | pid 0)(name swapper/0 | pid 0)(name swapper/0 | pid 0)(name swapper/0 | pid 0)(name swapper/0 | pid 0)(name swapper/0 | pid 0)(name swapper/0 | pid 0)(name 
May 24 16:35:29 localhost kernel: [   43.424175] iptable_raw loaded by (name modprobe | pid 1038) < (name kworker/u4:3 | pid 72) < (name kthreadd | pid 2) < (name swapper/0 | pid 0)(name swapper/0 | pid 0)(name swapper/0 | pid 0)(name swapper/0 | pid 0)(name swapper/0 | pid 0)(name swapper/0 | pid 0)(name swapper/0 | pid 0)(
May 24 16:35:29 localhost kernel: [   43.456272] xt_mark loaded by (name modprobe | pid 1041) < (name kworker/u4:3 | pid 72) < (name kthreadd | pid 2) < (name swapper/0 | pid 0)(name swapper/0 | pid 0)(name swapper/0 | pid 0)(name swapper/0 | pid 0)(name swapper/0 | pid 0)(name swapper/0 | pid 0)(name swapper/0 | pid 0)(
May 24 16:35:29 localhost kernel: [   43.480271] xfrm_ipcomp loaded by (name modprobe | pid 1037) < (name starter | pid 927) < (name systemd | pid 1) < (name swapper/0 | pid 0)(name swapper/0 | pid 0)(name swapper/0 | pid 0)(name swapper/0 | pid 0)(name swapper/0 | pid 0)(name swapper/0 | pid 0)(name swapper/0 | pid 0)(name 
May 24 16:35:29 localhost kernel: [   43.501051] ip6table_raw loaded by (name modprobe | pid 1051) < (name kworker/u4:3 | pid 72) < (name kthreadd | pid 2) < (name swapper/0 | pid 0)(name swapper/0 | pid 0)(name swapper/0 | pid 0)(name swapper/0 | pid 0)(name swapper/0 | pid 0)(name swapper/0 | pid 0)(name swapper/0 | pid 0)(
May 24 16:35:29 localhost kernel: [   43.506802] nf_conntrack loaded by (name modprobe | pid 1052) < (name kworker/u4:2 | pid 71) < (name kthreadd | pid 2) < (name swapper/0 | pid 0)(name swapper/0 | pid 0)(name swapper/0 | pid 0)(name swapper/0 | pid 0)(name swapper/0 | pid 0)(name swapper/0 | pid 0)(name swapper/0 | pid 0)(
May 24 16:35:29 localhost kernel: [   43.506948] nf_conntrack version 0.5.0 (16384 buckets, 65536 max)
May 24 16:35:29 localhost kernel: [   43.512378] ipcomp loaded by (name modprobe | pid 1037) < (name starter | pid 927) < (name systemd | pid 1) < (name swapper/0 | pid 0)(name swapper/0 | pid 0)(name swapper/0 | pid 0)(name swapper/0 | pid 0)(name swapper/0 | pid 0)(name swapper/0 | pid 0)(name swapper/0 | pid 0)(name 
May 24 16:35:29 localhost kernel: [   43.534725] xt_CT loaded by (name modprobe | pid 1052) < (name kworker/u4:2 | pid 71) < (name kthreadd | pid 2) < (name swapper/0 | pid 0)(name swapper/0 | pid 0)(name swapper/0 | pid 0)(name swapper/0 | pid 0)(name swapper/0 | pid 0)(name swapper/0 | pid 0)(name swapper/0 | pid 0)(
May 24 16:35:29 localhost kernel: [   43.560560] tunnel4 loaded by (name modprobe | pid 1055) < (name starter | pid 927) < (name systemd | pid 1) < (name swapper/0 | pid 0)(name swapper/0 | pid 0)(name swapper/0 | pid 0)(name swapper/0 | pid 0)(name swapper/0 | pid 0)(name swapper/0 | pid 0)(name swapper/0 | pid 0)(name 
May 24 16:35:29 localhost kernel: [   43.564221] nf_conntrack_tftp loaded by (name modprobe | pid 1057) < (name iptables.init | pid 929) < (name systemd | pid 1) < (name swapper/0 | pid 0)(name swapper/0 | pid 0)(name swapper/0 | pid 0)(name swapper/0 | pid 0)(name swapper/0 | pid 0)(name swapper/0 | pid 0)(name swapper/0 | pid 0)
May 24 16:35:30 localhost kernel: [   43.571441] xfrm4_tunnel loaded by (name modprobe | pid 1055) < (name starter | pid 927) < (name systemd | pid 1) < (name swapper/0 | pid 0)(name swapper/0 | pid 0)(name swapper/0 | pid 0)(name swapper/0 | pid 0)(name swapper/0 | pid 0)(name swapper/0 | pid 0)(name swapper/0 | pid 0)(name 
May 24 16:35:30 localhost kernel: [   43.606436] xt_conntrack loaded by (name modprobe | pid 1060) < (name iptables.init | pid 929) < (name systemd | pid 1) < (name swapper/0 | pid 0)(name swapper/0 | pid 0)(name swapper/0 | pid 0)(name swapper/0 | pid 0)(name swapper/0 | pid 0)(name swapper/0 | pid 0)(name swapper/0 | pid 0)
May 24 16:35:30 localhost kernel: [   43.608567] xfrm_user loaded by (name modprobe | pid 1062) < (name starter | pid 927) < (name systemd | pid 1) < (name swapper/0 | pid 0)(name swapper/0 | pid 0)(name swapper/0 | pid 0)(name swapper/0 | pid 0)(name swapper/0 | pid 0)(name swapper/0 | pid 0)(name swapper/0 | pid 0)(name 
May 24 16:35:30 localhost kernel: [   43.608571] Initializing XFRM netlink socket
May 24 16:35:30 localhost kernel: [   43.637145] nf_conntrack_ftp loaded by (name modprobe | pid 1067) < (name iptables.init | pid 929) < (name systemd | pid 1) < (name swapper/0 | pid 0)(name swapper/0 | pid 0)(name swapper/0 | pid 0)(name swapper/0 | pid 0)(name swapper/0 | pid 0)(name swapper/0 | pid 0)(name swapper/0 | pid 0)
May 24 16:35:30 localhost kernel: [   43.667231] nf_nat loaded by (name modprobe | pid 1072) < (name iptables.init | pid 929) < (name systemd | pid 1) < (name swapper/0 | pid 0)(name swapper/0 | pid 0)(name swapper/0 | pid 0)(name swapper/0 | pid 0)(name swapper/0 | pid 0)(name swapper/0 | pid 0)(name swapper/0 | pid 0)
May 24 16:35:30 localhost kernel: [   43.673626] nf_nat_ftp loaded by (name modprobe | pid 1072) < (name iptables.init | pid 929) < (name systemd | pid 1) < (name swapper/0 | pid 0)(name swapper/0 | pid 0)(name swapper/0 | pid 0)(name swapper/0 | pid 0)(name swapper/0 | pid 0)(name swapper/0 | pid 0)(name swapper/0 | pid 0)
May 24 16:35:30 localhost kernel: [   43.703507] nf_conntrack_sip loaded by (name modprobe | pid 1073) < (name iptables.init | pid 929) < (name systemd | pid 1) < (name swapper/0 | pid 0)(name swapper/0 | pid 0)(name swapper/0 | pid 0)(name swapper/0 | pid 0)(name swapper/0 | pid 0)(name swapper/0 | pid 0)(name swapper/0 | pid 0)
May 24 16:35:30 localhost kernel: [   43.724523] nf_nat_sip loaded by (name modprobe | pid 1074) < (name iptables.init | pid 929) < (name systemd | pid 1) < (name swapper/0 | pid 0)(name swapper/0 | pid 0)(name swapper/0 | pid 0)(name swapper/0 | pid 0)(name swapper/0 | pid 0)(name swapper/0 | pid 0)(name swapper/0 | pid 0)
May 24 16:35:30 localhost kernel: [   43.751549] xt_sctp loaded by (name modprobe | pid 1083) < (name iptables.init | pid 929) < (name systemd | pid 1) < (name swapper/0 | pid 0)(name swapper/0 | pid 0)(name swapper/0 | pid 0)(name swapper/0 | pid 0)(name swapper/0 | pid 0)(name swapper/0 | pid 0)(name swapper/0 | pid 0)
May 24 16:35:31 localhost kernel: [   45.168621] systemd[1]: Started Login Service.
May 24 16:35:33 localhost kernel: [   46.619581] systemd[1]: Started Mount and fsck the SSD device for use by Arista..
May 24 16:35:33 localhost kernel: [   46.619659] systemd[1]: Starting service to copy fossil files from temp storage to flash...
May 24 16:35:33 localhost kernel: [   46.620625] systemd[1]: Starting Setup log archiving for EOS....
May 24 16:35:33 localhost kernel: [   46.636277] systemd[1]: Started service to copy fossil files from temp storage to flash.
May 24 16:35:33 localhost kernel: [   47.049627] systemd[1]: Started SsuRestore systemd service..
May 24 16:35:33 localhost kernel: [   47.049703] systemd[1]: Starting AsuFastPktTransmit systemd service....
May 24 16:35:33 localhost kernel: [   47.050613] systemd[1]: Started AsuFastPktTransmit systemd service..
May 24 16:35:33 localhost kernel: [   47.446567] systemd[1]: Started Perform cEOS specific initialization if we're running cEOS.
May 24 16:35:34 localhost python: %EXTENSION-6-INSTALLING: Installing extension TerminAttr-1.7.7-1.swix, version v1.7.7, SHA-1 9760e6e0ecee2cf7fe858ac4249d0949c7def0fd
May 24 16:35:34 localhost archive-init: selecting archive: no valid candidate found
May 24 16:35:34 localhost kernel: [   47.824914] systemd[1]: Started Setup log archiving for EOS..
May 24 16:35:38 localhost python: %EXTENSION-6-INSTALLED: Extension TerminAttr-1.7.7-1.swix has been installed.
May 24 16:35:38 localhost kernel: [   52.499652] systemd[1]: Started BootExtension systemd service..
May 24 16:35:38 localhost kernel: [   52.499730] systemd[1]: Starting EosReadPrefdl systemd service, it reads prefdl and saves it as /etc/prefdl...
May 24 16:35:43 localhost kernel: [   57.522144] systemd[1]: Started EosReadPrefdl systemd service, it reads prefdl and saves it as /etc/prefdl.
May 24 16:35:43 localhost kernel: [   57.522225] systemd[1]: Starting SYSV: find out if I am deprecated and store it at /etc/deprecated...
May 24 16:35:43 localhost kernel: [   57.523066] systemd[1]: Starting Removes any pkgs not needed by this platform, should be run before netnsd launch...
May 24 16:35:44 localhost kernel: [   58.036383] systemd[1]: Started SYSV: find out if I am deprecated and store it at /etc/deprecated.
May 24 16:35:44 localhost kernel: [   58.036460] systemd[1]: Starting SYSV: ConnMgr initiate socket connection to Sysdb...
May 24 16:35:45 localhost kernel: [   58.647242] systemd[1]: Started SYSV: ConnMgr initiate socket connection to Sysdb.
May 24 16:35:47 localhost kernel: [   60.737766] systemd[1]: Started Removes any pkgs not needed by this platform, should be run before netnsd launch.
May 24 16:35:47 localhost kernel: [   60.737846] systemd[1]: Starting SYSV: ProcMgr is an Arastra tool that keeps our daemons running....
May 24 16:36:12 localhost logEosStarted: %EOS-6-STARTED: EOS started.
May 24 16:36:12 localhost kernel: [   86.431303] systemd[1]: Started SYSV: ProcMgr is an Arastra tool that keeps our daemons running..
May 24 16:36:12 localhost kernel: [   86.431413] systemd[1]: Starting SYSV: Eos system stage 1 init script (runs after POST, as early as...
May 24 16:36:12 localhost kernel: [   86.432279] systemd[1]: Starting watchdog service. This service stops watchdog before ProcMgr....
May 24 16:36:12 localhost kernel: [   86.464166] systemd[1]: Started watchdog service. This service stops watchdog before ProcMgr..
May 24 16:36:13 localhost kernel: [   87.474518] systemd[1]: Started SYSV: Eos system stage 1 init script (runs after POST, as early as.
May 24 16:36:13 localhost kernel: [   87.474627] systemd[1]: Starting SYSV: EosCloudInit is used in vEOS for running in Cloud (AWS, Azure,..)...
May 24 16:36:14 localhost kernel: [   87.615683] systemd[1]: Started SYSV: EosCloudInit is used in vEOS for running in Cloud (AWS, Azure,..).
May 24 16:36:14 localhost kernel: [   87.615765] systemd[1]: Starting SYSV: Install test FDLs if any when running Autotest...
May 24 16:36:14 localhost kernel: [   87.623529] systemd[1]: Started SYSV: Install test FDLs if any when running Autotest.
May 24 16:36:14 localhost kernel: [   87.623610] systemd[1]: Starting NorCal systemd service....
May 24 16:36:16 localhost kernel: [   89.665148] dmamem_mod loaded by (name modprobe | pid 1386) < (name python | pid 1371) < (name NorCal | pid 1368) < (name systemd | pid 1) < (name swapper/0 | pid 0)(name swapper/0 | pid 0)(name swapper/0 | pid 0)(name swapper/0 | pid 0)(name swapper/0 | pid 0)(name swapper/0 | pid 0)(na
May 24 16:36:16 localhost kernel: [   89.665162] [dmamem] module loaded
May 24 16:36:25 localhost kernel: [   98.961562] systemd[1]: Started NorCal systemd service..
May 24 16:36:25 localhost kernel: [   98.961636] systemd[1]: Starting SYSV: Exclusive ssh service for internal mgmt i/f...
May 24 16:36:25 localhost kernel: [   99.018156] systemd[1]: Started SYSV: Exclusive ssh service for internal mgmt i/f.
May 24 16:36:25 localhost kernel: [   99.018235] systemd[1]: Starting SYSV: Adjusts the oom_score_adj score of non-procmanager processes so that...
May 24 16:36:25 localhost kernel: [   99.040569] systemd[1]: Started SYSV: Adjusts the oom_score_adj score of non-procmanager processes so that.
May 24 16:36:25 localhost kernel: [   99.040645] systemd[1]: Starting SYSV: Eos system init script (runs after POST, before ProcMgr)...
May 24 16:36:25 localhost kernel: [   99.570103] tun loaded by (name modprobe | pid 1423) < (name python | pid 1422) < (name EosStage2 | pid 1419) < (name systemd | pid 1) < (name swapper/0 | pid 0)(name swapper/0 | pid 0)(name swapper/0 | pid 0)(name swapper/0 | pid 0)(name swapper/0 | pid 0)(name swapper/0 | pid 0)
May 24 16:36:25 localhost kernel: [   99.570108] tun: Universal TUN/TAP device driver, 1.6
May 24 16:36:25 localhost kernel: [   99.570110] tun: (C) 1999-2004 Max Krasnyansky <maxk@qualcomm.com>
May 24 16:36:25 localhost kernel: [   99.578101] llc loaded by (name modprobe | pid 1426) < (name python | pid 1422) < (name EosStage2 | pid 1419) < (name systemd | pid 1) < (name swapper/0 | pid 0)(name swapper/0 | pid 0)(name swapper/0 | pid 0)(name swapper/0 | pid 0)(name swapper/0 | pid 0)(name swapper/0 | pid 0)
May 24 16:36:25 localhost kernel: [   99.578332] stp loaded by (name modprobe | pid 1426) < (name python | pid 1422) < (name EosStage2 | pid 1419) < (name systemd | pid 1) < (name swapper/0 | pid 0)(name swapper/0 | pid 0)(name swapper/0 | pid 0)(name swapper/0 | pid 0)(name swapper/0 | pid 0)(name swapper/0 | pid 0)
May 24 16:36:25 localhost kernel: [   99.578888] garp loaded by (name modprobe | pid 1426) < (name python | pid 1422) < (name EosStage2 | pid 1419) < (name systemd | pid 1) < (name swapper/0 | pid 0)(name swapper/0 | pid 0)(name swapper/0 | pid 0)(name swapper/0 | pid 0)(name swapper/0 | pid 0)(name swapper/0 | pid 0)
May 24 16:36:25 localhost kernel: [   99.579580] 8021q loaded by (name modprobe | pid 1426) < (name python | pid 1422) < (name EosStage2 | pid 1419) < (name systemd | pid 1) < (name swapper/0 | pid 0)(name swapper/0 | pid 0)(name swapper/0 | pid 0)(name swapper/0 | pid 0)(name swapper/0 | pid 0)(name swapper/0 | pid 0)
May 24 16:36:25 localhost kernel: [   99.579583] 8021q: 802.1Q VLAN Support v1.8
May 24 16:36:26 localhost kernel: [   99.649586] rbfd loaded by (name modprobe | pid 1427) < (name python | pid 1422) < (name EosStage2 | pid 1419) < (name systemd | pid 1) < (name swapper/0 | pid 0)(name swapper/0 | pid 0)(name swapper/0 | pid 0)(name swapper/0 | pid 0)(name swapper/0 | pid 0)(name swapper/0 | pid 0)
May 24 16:36:26 localhost kernel: [   99.657594] nf_defrag_ipv6 loaded by (name modprobe | pid 1429) < (name python | pid 1422) < (name EosStage2 | pid 1419) < (name systemd | pid 1) < (name swapper/0 | pid 0)(name swapper/0 | pid 0)(name swapper/0 | pid 0)(name swapper/0 | pid 0)(name swapper/0 | pid 0)(name swapper/0 | pid 0)
May 24 16:36:26 localhost kernel: [  100.137911] systemd[1]: Started SYSV: Eos system init script (runs after POST, before ProcMgr).
May 24 16:36:26 localhost kernel: [  100.137985] systemd[1]: Starting SYSV: NorCal Post script...
May 24 16:36:26 localhost kernel: [  100.162812] systemd[1]: Started SYSV: NorCal Post script.
May 24 16:36:26 localhost kernel: [  100.162886] systemd[1]: Starting Arista Aaa agent. On failure, only root login is enabled....
May 24 16:36:33 localhost Sysdb: %AGENT-6-INITIALIZED: Agent 'Sysdb' initialized; pid=1469
May 24 16:36:37 localhost ConfigAgent: %AGENT-6-INITIALIZED: Agent 'ConfigAgent' initialized; pid=1512
May 24 16:37:16 localhost ConfigAgent: %SYS-5-CONFIG_E: Enter configuration mode from console by root on UnknownTty (UnknownIpAddr)
May 24 16:37:19 localhost ConfigAgent: %SYS-5-CONFIG_I: Configured from console by root on UnknownTty (UnknownIpAddr)
May 24 16:37:24 localhost Launcher: %AGENT-6-INITIALIZED: Agent 'Launcher' initialized; pid=1518
May 24 16:37:24 localhost Fru: %AGENT-6-INITIALIZED: Agent 'Fru' initialized; pid=1516
May 24 16:37:25 localhost StageMgr: %AGENT-6-INITIALIZED: Agent 'StageMgr' initialized; pid=1511
May 24 16:37:26 localhost Launcher: %LAUNCHER-6-PROCESS_START: Configuring process 'TerminAttr' to start in role 'ActiveSupervisor'
May 24 16:37:26 localhost Launcher: %LAUNCHER-6-PROCESS_START: Configuring process 'AgentMonitor' to start in role 'ActiveSupervisor'
May 24 16:37:26 localhost Launcher: %LAUNCHER-6-PROCESS_START: Configuring process 'LacpTxAgent' to start in role 'ActiveSupervisor'
May 24 16:37:26 localhost Launcher: %LAUNCHER-6-PROCESS_START: Configuring process 'IgmpSnooping' to start in role 'ActiveSupervisor'
May 24 16:37:26 localhost Launcher: %LAUNCHER-6-PROCESS_START: Configuring process 'Acl' to start in role 'AllSupervisors'
May 24 16:37:26 localhost Launcher: %LAUNCHER-6-PROCESS_START: Configuring process 'SharedSecretProfile' to start in role 'ActiveSupervisor'
May 24 16:37:26 localhost Launcher: %LAUNCHER-6-PROCESS_START: Configuring process 'KernelNetworkInfo' to start in role 'AllSupervisors'
May 24 16:37:27 localhost Launcher: %LAUNCHER-6-PROCESS_START: Configuring process 'SuperServer' to start in role 'AllCells'
May 24 16:37:27 localhost Launcher: %LAUNCHER-6-PROCESS_START: Configuring process 'EventMgr' to start in role 'ActiveSupervisor'
May 24 16:37:27 localhost Launcher: %LAUNCHER-6-PROCESS_START: Configuring process 'TopoAgent' to start in role 'ActiveSupervisor'
May 24 16:37:27 localhost Launcher: %LAUNCHER-6-PROCESS_START: Configuring process 'Qos' to start in role 'ActiveSupervisor'
May 24 16:37:27 localhost Launcher: %LAUNCHER-6-PROCESS_START: Configuring process 'Ira' to start in role 'AllSupervisors'
May 24 16:37:27 localhost Launcher: %LAUNCHER-6-PROCESS_START: Configuring process 'Bfd' to start in role 'ActiveSupervisor'
May 24 16:37:27 localhost Launcher: %LAUNCHER-6-PROCESS_START: Configuring process 'PowerManager' to start in role 'ActiveSupervisor'
May 24 16:37:27 localhost Launcher: %LAUNCHER-6-PROCESS_START: Configuring process 'L2Rib' to start in role 'ActiveSupervisor'
May 24 16:37:27 localhost Launcher: %LAUNCHER-6-PROCESS_START: Configuring process 'CapiApp' to start in role 'ActiveSupervisor'
May 24 16:37:27 localhost Launcher: %LAUNCHER-6-PROCESS_START: Configuring process 'Ebra' to start in role 'ActiveSupervisor'
May 24 16:37:28 localhost Launcher: %LAUNCHER-6-PROCESS_START: Configuring process 'PortSec' to start in role 'ActiveSupervisor'
May 24 16:37:28 localhost Launcher: %LAUNCHER-6-PROCESS_START: Configuring process 'LedPolicy' to start in role 'ActiveSupervisor'
May 24 16:37:28 localhost Launcher: %LAUNCHER-6-PROCESS_START: Configuring process 'Snmp' to start in role 'ActiveSupervisor'
May 24 16:37:28 localhost Launcher: %LAUNCHER-6-PROCESS_START: Configuring process 'Thermostat' to start in role 'ActiveSupervisor'
May 24 16:37:28 localhost Launcher: %LAUNCHER-6-PROCESS_START: Configuring process 'Arp' to start in role 'ActiveSupervisor'
May 24 16:37:28 localhost Launcher: %LAUNCHER-6-PROCESS_START: Configuring process 'PowerFuse' to start in role 'ActiveSupervisor'
May 24 16:37:28 localhost Launcher: %LAUNCHER-6-PROCESS_START: Configuring process 'Aaa' to start in role 'AllSupervisors'
May 24 16:37:29 localhost Launcher: %LAUNCHER-6-PROCESS_START: Configuring process 'ReloadCauseAgent' to start in role 'AllCells'
May 24 16:37:29 localhost Launcher: %LAUNCHER-6-PROCESS_START: Configuring process 'McastCommon' to start in role 'ActiveSupervisor'
May 24 16:37:29 localhost Launcher: %LAUNCHER-6-PROCESS_START: Configuring process 'StpTxRx' to start in role 'AllSupervisors'
May 24 16:37:30 localhost Launcher: %LAUNCHER-6-PROCESS_START: Configuring process 'KernelFib' to start in role 'AllSupervisors'
May 24 16:37:30 localhost Launcher: %LAUNCHER-6-PROCESS_START: Configuring process 'Lag' to start in role 'ActiveSupervisor'
May 24 16:37:30 localhost Launcher: %LAUNCHER-6-PROCESS_START: Configuring process 'StandbyCpld' to start in role 'ActiveSupervisor'
May 24 16:37:30 localhost Launcher: %LAUNCHER-6-PROCESS_START: Configuring process 'StpTopology' to start in role 'ActiveSupervisor'
May 24 16:37:30 localhost Launcher: %LAUNCHER-6-PROCESS_START: Configuring process 'Stp' to start in role 'AllSupervisors'
May 24 16:37:30 localhost Launcher: %LAUNCHER-6-PROCESS_START: Configuring process 'McastCommon6' to start in role 'ActiveSupervisor'
May 24 16:37:30 localhost Launcher: %LAUNCHER-6-PROCESS_START: Configuring process 'Tunnel' to start in role 'ActiveSupervisor'
May 24 16:37:30 localhost Launcher: %LAUNCHER-6-PROCESS_START: Configuring process 'Lldp' to start in role 'AllSupervisors'
May 24 16:37:31 localhost Launcher: %LAUNCHER-6-PROCESS_START: Configuring process 'PciBus' to start in role 'AllCells'
May 24 16:37:31 localhost Launcher: %LAUNCHER-6-PROCESS_START: Configuring process 'Sb820' to start in role 'AllCells'
May 24 16:37:31 localhost Launcher: %LAUNCHER-6-PROCESS_START: Configuring process 'Scd' to start in role 'AllCells'
May 24 16:37:31 localhost Launcher: %LAUNCHER-6-PROCESS_START: Configuring process 'Smbus' to start in role 'AllSupervisors'
May 24 16:37:31 localhost Launcher: %LAUNCHER-6-PROCESS_START: Configuring process 'Chl822X' to start in role 'AllCells'
May 24 16:37:31 localhost Launcher: %LAUNCHER-6-PROCESS_START: Configuring process 'PhyEthtool' to start in role 'AllCells'
May 24 16:37:31 localhost Launcher: %LAUNCHER-6-PROCESS_START: Configuring process 'Ucd9012' to start in role 'AllCells'
May 24 16:37:31 localhost Launcher: %LAUNCHER-6-PROCESS_START: Configuring process 'FpgaAgent' to start in role 'ActiveSupervisor'
May 24 16:37:31 localhost Launcher: %LAUNCHER-6-PROCESS_START: Configuring process 'PowerSupplyDetector' to start in role 'ActiveSupervisor'
May 24 16:37:31 localhost Launcher: %LAUNCHER-6-PROCESS_START: Configuring process 'Lm73' to start in role 'AllCells'
May 24 16:37:31 localhost Launcher: %LAUNCHER-6-PROCESS_START: Configuring process 'Max6658' to start in role 'AllCells'
May 24 16:37:31 localhost Launcher: %LAUNCHER-6-PROCESS_START: Configuring process 'Sol' to start in role 'AllSupervisors'
May 24 16:37:31 localhost Launcher: %LAUNCHER-6-PROCESS_START: Configuring process 'FanDetector' to start in role 'ActiveSupervisor'
May 24 16:37:31 localhost Launcher: %LAUNCHER-6-PROCESS_START: Configuring process 'Xcvr' to start in role 'AllCells'
May 24 16:37:31 localhost Launcher: %LAUNCHER-6-PROCESS_START: Configuring process 'FocalPointV2' to start in role 'ActiveSupervisor'
May 24 16:37:32 localhost McastCommon: %AGENT-6-INITIALIZED: Agent 'McastCommon' initialized; pid=1832
May 24 16:37:32 localhost PortSec: %AGENT-6-INITIALIZED: Agent 'PortSec' initialized; pid=1835
May 24 16:37:32 localhost Lldp: %AGENT-6-INITIALIZED: Agent 'Lldp' initialized; pid=1828
May 24 16:37:34 localhost Lag: %AGENT-6-INITIALIZED: Agent 'Lag' initialized; pid=1859
May 24 16:37:34 localhost Bfd: %AGENT-6-INITIALIZED: Agent 'Bfd' initialized; pid=1852
May 24 16:37:35 localhost SuperServer: %AGENT-6-INITIALIZED: Agent 'SuperServer' initialized; pid=1861
May 24 16:37:36 localhost Ira: %AGENT-6-INITIALIZED: Agent 'Ira' initialized; pid=1869
May 24 16:37:36 localhost LedPolicy: %AGENT-6-INITIALIZED: Agent 'LedPolicy' initialized; pid=1874
May 24 16:37:36 localhost Snmp: %AGENT-6-INITIALIZED: Agent 'Snmp' initialized; pid=1854
May 24 16:37:37 localhost EventMgr: %AGENT-6-INITIALIZED: Agent 'EventMgr' initialized; pid=1878
May 24 16:37:38 localhost AgentMonitor: %AGENT-6-INITIALIZED: Agent 'AgentMonitor' initialized; pid=1897
May 24 16:37:38 localhost StandbyCpld: %AGENT-6-INITIALIZED: Agent 'StandbyCpld' initialized; pid=1892
May 24 16:37:39 localhost Aaa: %AGENT-6-INITIALIZED: Agent 'Aaa' initialized; pid=1900
May 24 16:37:39 localhost StpTxRx: %AGENT-6-INITIALIZED: Agent 'StpTxRx' initialized; pid=1886
May 24 16:37:40 localhost Tunnel: %AGENT-6-INITIALIZED: Agent 'Tunnel' initialized; pid=1901
May 24 16:37:40 localhost Launcher: %LAUNCHER-6-PROCESS_START: Configuring process 'Rib' to start in role 'AllSupervisors'
May 24 16:37:41 localhost StpTopology: %AGENT-6-INITIALIZED: Agent 'StpTopology' initialized; pid=1907
May 24 16:37:41 localhost KernelNetworkInfo: %AGENT-6-INITIALIZED: Agent 'KernelNetworkInfo' initialized; pid=1930
May 24 16:37:42 localhost PciBus: %AGENT-6-INITIALIZED: Agent 'PciBus' initialized; pid=1937
May 24 16:37:42 localhost Acl: %AGENT-6-INITIALIZED: Agent 'Acl' initialized; pid=1914
May 24 16:37:42 localhost McastCommon6: %AGENT-6-INITIALIZED: Agent 'McastCommon6' initialized; pid=1933
May 24 16:37:42 localhost LacpTxAgent: %AGENT-6-INITIALIZED: Agent 'LacpTxAgent' initialized; pid=1942
May 24 16:37:44 localhost Qos: %AGENT-6-INITIALIZED: Agent 'Qos' initialized; pid=1970
May 24 16:37:44 localhost Stp: %AGENT-6-INITIALIZED: Agent 'Stp' initialized; pid=1922
May 24 16:37:45 localhost TopoAgent: %AGENT-6-INITIALIZED: Agent 'TopoAgent' initialized; pid=1994
May 24 16:37:46 localhost L2Rib: %AGENT-6-INITIALIZED: Agent 'L2Rib' initialized; pid=1990
May 24 16:37:46 localhost PowerFuse: %AGENT-6-INITIALIZED: Agent 'PowerFuse' initialized; pid=2008
May 24 16:37:46 localhost Thermostat: %AGENT-6-INITIALIZED: Agent 'Thermostat' initialized; pid=1981
May 24 16:37:46 localhost KernelFib: %AGENT-6-INITIALIZED: Agent 'KernelFib' initialized; pid=1962
May 24 16:37:46 localhost PowerManager: %AGENT-6-INITIALIZED: Agent 'PowerManager' initialized; pid=2016
May 24 16:37:47 localhost Arp: %AGENT-6-INITIALIZED: Agent 'Arp' initialized; pid=1949
May 24 16:37:47 localhost kernel: [  178.013686] iptable_mangle loaded by (name modprobe | pid 1996) < (name kworker/u4:2 | pid 71) < (name kthreadd | pid 2) < (name swapper/0 | pid 0)(name swapper/0 | pid 0)(name swapper/0 | pid 0)(name swapper/0 | pid 0)(name swapper/0 | pid 0)(name swapper/0 | pid 0)(name swapper/0 | pid 0)(
May 24 16:37:47 localhost kernel: [  181.392171] xt_tcpudp loaded by (name modprobe | pid 2072) < (name kworker/u4:2 | pid 71) < (name kthreadd | pid 2) < (name swapper/0 | pid 0)(name swapper/0 | pid 0)(name swapper/0 | pid 0)(name swapper/0 | pid 0)(name swapper/0 | pid 0)(name swapper/0 | pid 0)(name swapper/0 | pid 0)(
May 24 16:37:48 localhost SharedSecretProfile: %AGENT-6-INITIALIZED: Agent 'SharedSecretProfile' initialized; pid=2057
May 24 16:37:48 localhost kernel: [  181.719979] xt_multiport loaded by (name modprobe | pid 2077) < (name kworker/u4:2 | pid 71) < (name kthreadd | pid 2) < (name swapper/0 | pid 0)(name swapper/0 | pid 0)(name swapper/0 | pid 0)(name swapper/0 | pid 0)(name swapper/0 | pid 0)(name swapper/0 | pid 0)(name swapper/0 | pid 0)(
May 24 16:37:48 localhost kernel: [  181.832081] xt_hl loaded by (name modprobe | pid 2079) < (name kworker/u4:3 | pid 72) < (name kthreadd | pid 2) < (name swapper/0 | pid 0)(name swapper/0 | pid 0)(name swapper/0 | pid 0)(name swapper/0 | pid 0)(name swapper/0 | pid 0)(name swapper/0 | pid 0)(name swapper/0 | pid 0)(
May 24 16:37:48 localhost kernel: [  181.844101] nf_reject_ipv4 loaded by (name modprobe | pid 2081) < (name kworker/u4:3 | pid 72) < (name kthreadd | pid 2) < (name swapper/0 | pid 0)(name swapper/0 | pid 0)(name swapper/0 | pid 0)(name swapper/0 | pid 0)(name swapper/0 | pid 0)(name swapper/0 | pid 0)(name swapper/0 | pid 0)(
May 24 16:37:48 localhost kernel: [  181.844445] ipt_REJECT loaded by (name modprobe | pid 2081) < (name kworker/u4:3 | pid 72) < (name kthreadd | pid 2) < (name swapper/0 | pid 0)(name swapper/0 | pid 0)(name swapper/0 | pid 0)(name swapper/0 | pid 0)(name swapper/0 | pid 0)(name swapper/0 | pid 0)(name swapper/0 | pid 0)(
May 24 16:37:48 localhost kernel: [  181.856104] xt_limit loaded by (name modprobe | pid 2082) < (name kworker/u4:3 | pid 72) < (name kthreadd | pid 2) < (name swapper/0 | pid 0)(name swapper/0 | pid 0)(name swapper/0 | pid 0)(name swapper/0 | pid 0)(name swapper/0 | pid 0)(name swapper/0 | pid 0)(name swapper/0 | pid 0)(
May 24 16:37:48 localhost kernel: [  181.868199] xt_LOG loaded by (name modprobe | pid 2084) < (name kworker/u4:3 | pid 72) < (name kthreadd | pid 2) < (name swapper/0 | pid 0)(name swapper/0 | pid 0)(name swapper/0 | pid 0)(name swapper/0 | pid 0)(name swapper/0 | pid 0)(name swapper/0 | pid 0)(name swapper/0 | pid 0)(
May 24 16:37:48 localhost kernel: [  181.884258] nf_defrag_ipv4 loaded by (name modprobe | pid 2088) < (name kworker/u4:3 | pid 72) < (name kthreadd | pid 2) < (name swapper/0 | pid 0)(name swapper/0 | pid 0)(name swapper/0 | pid 0)(name swapper/0 | pid 0)(name swapper/0 | pid 0)(name swapper/0 | pid 0)(name swapper/0 | pid 0)(
May 24 16:37:48 localhost kernel: [  181.884861] nf_conntrack_ipv4 loaded by (name modprobe | pid 2088) < (name kworker/u4:3 | pid 72) < (name kthreadd | pid 2) < (name swapper/0 | pid 0)(name swapper/0 | pid 0)(name swapper/0 | pid 0)(name swapper/0 | pid 0)(name swapper/0 | pid 0)(name swapper/0 | pid 0)(name swapper/0 | pid 0)(
May 24 16:37:48 localhost kernel: [  181.896100] nf_log_common loaded by (name modprobe | pid 2090) < (name kworker/u4:3 | pid 72) < (name kthreadd | pid 2) < (name swapper/0 | pid 0)(name swapper/0 | pid 0)(name swapper/0 | pid 0)(name swapper/0 | pid 0)(name swapper/0 | pid 0)(name swapper/0 | pid 0)(name swapper/0 | pid 0)(
May 24 16:37:48 localhost kernel: [  181.896398] nf_log_ipv4 loaded by (name modprobe | pid 2090) < (name kworker/u4:3 | pid 72) < (name kthreadd | pid 2) < (name swapper/0 | pid 0)(name swapper/0 | pid 0)(name swapper/0 | pid 0)(name swapper/0 | pid 0)(name swapper/0 | pid 0)(name swapper/0 | pid 0)(name swapper/0 | pid 0)(
May 24 16:37:48 localhost CapiApp: %AGENT-6-INITIALIZED: Agent 'CapiApp' initialized; pid=1881
May 24 16:37:48 localhost ReloadCauseAgent: %AGENT-6-INITIALIZED: Agent 'ReloadCauseAgent' initialized; pid=2046
May 24 16:37:49 localhost IgmpSnooping: %AGENT-6-INITIALIZED: Agent 'IgmpSnooping' initialized; pid=2056
May 24 16:37:50 localhost Max6658: %AGENT-6-INITIALIZED: Agent 'Max6658' initialized; pid=2122
May 24 16:37:50 localhost Sb820: %AGENT-6-INITIALIZED: Agent 'Sb820' initialized; pid=2142
May 24 16:37:51 localhost FanDetector: %AGENT-6-INITIALIZED: Agent 'FanDetector' initialized; pid=2134
May 24 16:37:51 localhost Ebra: %AGENT-6-INITIALIZED: Agent 'Ebra' initialized; pid=2026
May 24 16:37:51 localhost kernel: [  182.056928] ip6table_mangle loaded by (name modprobe | pid 2101) < (name kworker/u4:3 | pid 72) < (name kthreadd | pid 2) < (name swapper/0 | pid 0)(name swapper/0 | pid 0)(name swapper/0 | pid 0)(name swapper/0 | pid 0)(name swapper/0 | pid 0)(name swapper/0 | pid 0)(name swapper/0 | pid 0)(
May 24 16:37:51 localhost kernel: [  184.804167] ip6t_ipv6header loaded by (name modprobe | pid 2173) < (name kworker/u4:3 | pid 72) < (name kthreadd | pid 2) < (name swapper/0 | pid 0)(name swapper/0 | pid 0)(name swapper/0 | pid 0)(name swapper/0 | pid 0)(name swapper/0 | pid 0)(name swapper/0 | pid 0)(name swapper/0 | pid 0)(
May 24 16:37:51 localhost kernel: [  184.822776] nf_reject_ipv6 loaded by (name modprobe | pid 2174) < (name kworker/u4:3 | pid 72) < (name kthreadd | pid 2) < (name swapper/0 | pid 0)(name swapper/0 | pid 0)(name swapper/0 | pid 0)(name swapper/0 | pid 0)(name swapper/0 | pid 0)(name swapper/0 | pid 0)(name swapper/0 | pid 0)(
May 24 16:37:51 localhost kernel: [  184.823014] ip6t_REJECT loaded by (name modprobe | pid 2174) < (name kworker/u4:3 | pid 72) < (name kthreadd | pid 2) < (name swapper/0 | pid 0)(name swapper/0 | pid 0)(name swapper/0 | pid 0)(name swapper/0 | pid 0)(name swapper/0 | pid 0)(name swapper/0 | pid 0)(name swapper/0 | pid 0)(
May 24 16:37:51 localhost kernel: [  184.836430] nf_conntrack_ipv6 loaded by (name modprobe | pid 2175) < (name kworker/u4:3 | pid 72) < (name kthreadd | pid 2) < (name swapper/0 | pid 0)(name swapper/0 | pid 0)(name swapper/0 | pid 0)(name swapper/0 | pid 0)(name swapper/0 | pid 0)(name swapper/0 | pid 0)(name swapper/0 | pid 0)(
May 24 16:37:51 localhost kernel: [  184.844478] nf_log_ipv6 loaded by (name modprobe | pid 2176) < (name kworker/u4:3 | pid 72) < (name kthreadd | pid 2) < (name swapper/0 | pid 0)(name swapper/0 | pid 0)(name swapper/0 | pid 0)(name swapper/0 | pid 0)(name swapper/0 | pid 0)(name swapper/0 | pid 0)(name swapper/0 | pid 0)(
May 24 16:37:51 localhost kernel: [  184.864939] nfnetlink loaded by (name modprobe | pid 2177) < (name kworker/u4:3 | pid 72) < (name kthreadd | pid 2) < (name swapper/0 | pid 0)(name swapper/0 | pid 0)(name swapper/0 | pid 0)(name swapper/0 | pid 0)(name swapper/0 | pid 0)(name swapper/0 | pid 0)(name swapper/0 | pid 0)(
May 24 16:37:51 localhost kernel: [  184.864944] Netfilter messages via NETLINK v0.30.
May 24 16:37:51 localhost Ucd9012: %AGENT-6-INITIALIZED: Agent 'Ucd9012' initialized; pid=2128
May 24 16:37:53 localhost Chl822X: %AGENT-6-INITIALIZED: Agent 'Chl822X' initialized; pid=2191
May 24 16:37:53 localhost Fru: %FRU-6-FAN_INSERTED: Fan tray 3 has been inserted. model: FAN-7000-F
May 24 16:37:53 localhost Fru: %FRU-6-FAN_INSERTED: Fan tray 2 has been inserted. model: FAN-7000-F
May 24 16:37:53 localhost Fru: %FRU-6-FAN_INSERTED: Fan tray 1 has been inserted. model: FAN-7000-F
May 24 16:37:53 localhost Fru: %FRU-6-FAN_INSERTED: Fan tray 4 has been inserted. model: FAN-7000-F
May 24 16:37:54 localhost Thermostat: %ENVMON-6-FAN_SPEED_UNSTABLE: The speed of the fan Fan3/1 is being stabilized
May 24 16:37:54 localhost Thermostat: %ENVMON-6-FAN_SPEED_UNSTABLE: The speed of the fan Fan2/1 is being stabilized
May 24 16:37:54 localhost Thermostat: %ENVMON-6-FAN_SPEED_UNSTABLE: The speed of the fan Fan1/1 is being stabilized
May 24 16:37:54 localhost Thermostat: %ENVMON-6-FAN_SPEED_UNSTABLE: The speed of the fan Fan4/1 is being stabilized
May 24 16:37:54 localhost Smbus: %AGENT-6-INITIALIZED: Agent 'Smbus' initialized; pid=2187
May 24 16:37:54 localhost PhyEthtool: %AGENT-6-INITIALIZED: Agent 'PhyEthtool' initialized; pid=2181
May 24 16:37:54 localhost PowerSupplyDetector: %AGENT-6-INITIALIZED: Agent 'PowerSupplyDetector' initialized; pid=2196
May 24 16:37:55 localhost XcvrAgent: %AGENT-6-INITIALIZED: Agent 'XcvrAgent' initialized; pid=2199
May 24 16:37:56 localhost Lm73: %AGENT-6-INITIALIZED: Agent 'Lm73' initialized; pid=2218
May 24 16:37:56 localhost kernel: [  184.875955] nfnetlink_log loaded by (name modprobe | pid 2178) < (name kworker/u4:3 | pid 72) < (name kthreadd | pid 2) < (name swapper/0 | pid 0)(name swapper/0 | pid 0)(name swapper/0 | pid 0)(name swapper/0 | pid 0)(name swapper/0 | pid 0)(name swapper/0 | pid 0)(name swapper/0 | pid 0)(
May 24 16:37:56 localhost kernel: [  190.104128] xt_u32 loaded by (name modprobe | pid 2261) < (name kworker/u4:3 | pid 72) < (name kthreadd | pid 2) < (name swapper/0 | pid 0)(name swapper/0 | pid 0)(name swapper/0 | pid 0)(name swapper/0 | pid 0)(name swapper/0 | pid 0)(name swapper/0 | pid 0)(name swapper/0 | pid 0)(
May 24 16:37:57 localhost Sol: %AGENT-6-INITIALIZED: Agent 'Sol' initialized; pid=2216
May 24 16:37:57 localhost FpgaAgent: %AGENT-6-INITIALIZED: Agent 'FpgaAgent' initialized; pid=2224
May 24 16:37:57 localhost Scd: %AGENT-6-INITIALIZED: Agent 'Scd' initialized; pid=2207
May 24 16:37:57 localhost kernel: [  190.386467] xt_HL loaded by (name modprobe | pid 2276) < (name kworker/u4:3 | pid 72) < (name kthreadd | pid 2) < (name swapper/0 | pid 0)(name swapper/0 | pid 0)(name swapper/0 | pid 0)(name swapper/0 | pid 0)(name swapper/0 | pid 0)(name swapper/0 | pid 0)(name swapper/0 | pid 0)(
May 24 16:37:57 localhost kernel: [  190.897173] tg3 0000:00:14.6 ma1: Link is down
May 24 16:37:57 localhost kernel: [  190.978713] scd 0000:04:00.0: scd_finish_init
May 24 16:37:57 localhost kernel: [  191.010615] scd 0000:04:00.0: scd device initialization complete
May 24 16:37:59 localhost Fru: %FRU-6-TRANSCEIVER_INSERTED: A transceiver for interface Ethernet3 has been inserted. manufacturer: Arista Networks model: CAB-SFP-SFP-2M part number CAB-SFP-SFP-2M rev 0002 serial number XHC103220395
May 24 16:37:59 localhost Fru: %FRU-6-TRANSCEIVER_INSERTED: A transceiver for interface Ethernet24 has been inserted. manufacturer: Arista Networks model: CAB-SFP-SFP-1M part number CAB-SFP-SFP-1M rev 0002 serial number XHC14031G171
May 24 16:37:59 localhost Fru: %FRU-6-TRANSCEIVER_INSERTED: A transceiver for interface Ethernet51 has been inserted. manufacturer: Arista Networks model: CAB-SFP-SFP-2M part number CAB-SFP-SFP-2M rev 0002 serial number XHC12422G30R
May 24 16:37:59 localhost kernel: [  192.945197] tg3 0000:00:14.6 ma1: Link is up at 1000 Mbps, full duplex
May 24 16:37:59 localhost kernel: [  192.945202] tg3 0000:00:14.6 ma1: Flow control is on for TX and on for RX
May 24 16:37:59 localhost Fru: %FRU-6-TRANSCEIVER_INSERTED: A transceiver for interface Ethernet50 has been inserted. manufacturer: Arista Networks model: CAB-SFP-SFP-3M part number CAB-SFP-SFP-3M rev 0002 serial number XHC103830714
May 24 16:37:59 localhost Fru: %FRU-6-TRANSCEIVER_INSERTED: A transceiver for interface Ethernet4 has been inserted. manufacturer: Arista Networks model: CAB-SFP-SFP-2M part number CAB-SFP-SFP-2M rev 0002 serial number XHC14082G328
May 24 16:37:59 localhost Fru: %FRU-6-TRANSCEIVER_INSERTED: A transceiver for interface Ethernet52 has been inserted. manufacturer: Arista Networks model: CAB-SFP-SFP-2M part number CAB-SFP-SFP-2M rev 0002 serial number XHC103220422
May 24 16:37:59 localhost Fru: %FRU-6-TRANSCEIVER_INSERTED: A transceiver for interface Ethernet1 has been inserted. manufacturer: Arista Networks model: CAB-SFP-SFP-3M part number CAB-SFP-SFP-3M rev 0002 serial number XHC16463G3XJ
May 24 16:37:59 localhost Fru: %FRU-6-TRANSCEIVER_INSERTED: A transceiver for interface Ethernet49 has been inserted. manufacturer: Arista Networks model: CAB-SFP-SFP-3M part number CAB-SFP-SFP-3M rev 0002 serial number XHC103831115
May 24 16:37:59 localhost Fru: %FRU-6-TRANSCEIVER_INSERTED: A transceiver for interface Ethernet2 has been inserted. manufacturer: Arista Networks model: CAB-SFP-SFP-2M part number CAB-SFP-SFP-2M rev 0002 serial number XHC14082G30U
May 24 16:37:59 localhost Ebra: %LINEPROTO-5-UPDOWN: Line protocol on Interface Management1, changed state to up
May 24 16:38:00 localhost FocalPointV2: %AGENT-6-INITIALIZED: Agent 'FocalPointV2' initialized; pid=2149
May 24 16:38:01 localhost kernel: [  194.614113] systemd[1]: Stopped BESS Software Forwarding Service.
May 24 16:38:01 localhost Lldp: %LLDP-5-NEIGHBOR_NEW: LLDP neighbor with chassisId 001c.738c.3971 and portId "Ethernet12" added on interface Management1
May 24 16:38:02 localhost rsyslogd: [origin software="rsyslogd" swVersion="7.2.6" x-pid="936" x-info="http://www.rsyslog.com"] exiting on signal 15.
May 24 16:38:02 s7153 rsyslogd: [origin software="rsyslogd" swVersion="7.2.6" x-pid="2420" x-info="http://www.rsyslog.com"] start
May 24 16:38:02 s7153 kernel: [  196.419285] systemd[1]: Starting System Logging Service...
May 24 16:38:02 s7153 kernel: [  196.420322] systemd[1]: Started System Logging Service.
May 24 16:38:03 s7153 dnsmasq[2436]: Listening on namespace default, servers in namespace default
May 24 16:38:03 s7153 dnsmasq[2440]: started, version 2.77 cachesize 150
May 24 16:38:03 s7153 dnsmasq[2440]: compile time options: IPv6 GNU-getopt no-DBus no-i18n no-IDN no-DHCP no-scripts no-TFTP no-conntrack ipset auth no-DNSSEC loop-detect inotify
May 24 16:38:03 s7153 dnsmasq[2440]: using nameserver 10.83.29.222#53
May 24 16:38:03 s7153 dnsmasq[2440]: using nameserver 10.83.28.52#53
May 24 16:38:03 s7153 dnsmasq[2440]: read /etc/hosts - 3 addresses
May 24 16:38:04 s7153 Fru: %FRU-6-POWERSUPPLY_INSERTED: Power Supply in slot 2 has been inserted
May 24 16:38:04 s7153 Fru: %FRU-6-POWERSUPPLY_INSERTED: Power Supply in slot 1 has been inserted
May 24 16:38:04 s7153 Rib: %AGENT-6-INITIALIZED: Agent 'Rib' initialized; pid=2225
May 24 16:38:05 s7153 snmpd[2459]: Turning on AgentX master support.
May 24 16:38:05 s7153 snmpd[2482]: NET-SNMP version 5.8
May 24 16:38:05 s7153 kernel: [  199.444854] pcielw 0000:00:04.0:pcie004: link down
May 24 16:38:05 s7153 kernel: [  199.444861] pcielw 0000:00:04.0:pcie004: link down processing complete
May 24 16:38:05 s7153 kernel: [  199.556408] pci 0000:02:00.0: BAR 0: assigned [mem 0xe2000000-0xe3ffffff 64bit]
May 24 16:38:05 s7153 kernel: [  199.556477] pcielw 0000:00:04.0:pcie004: link up processing complete
May 24 16:38:06 s7153 kernel: [  199.563816] fpdma loaded by (name systemd-udevd | pid 2496) < (name systemd-udevd | pid 505) < (name systemd | pid 1) < (name swapper/0 | pid 0)(name swapper/0 | pid 0)(name swapper/0 | pid 0)(name swapper/0 | pid 0)(name swapper/0 | pid 0)(name swapper/0 | pid 0)(name swapper/0 | p
May 24 16:38:06 s7153 kernel: [  199.600457] fpdma 0000:02:00.0: PCI->APIC IRQ transform: INT B -> IRQ 16
May 24 16:38:06 s7153 kernel: [  199.608796] fpdma: fpdma_module_init: module installed
May 24 16:38:06 s7153 Rib: Commence routing updates
May 24 16:38:06 s7153 ntpd[2543]: ntpd 4.2.6p3-RC10@1.2239-o Fri Feb 21 04:06:37 UTC 2020 (1)
May 24 16:38:06 s7153 ntpd[2545]: proto: precision = 0.170 usec
May 24 16:38:06 s7153 ntpd[2545]: 0.0.0.0 c01d 0d kern kernel time sync enabled
May 24 16:38:06 s7153 ntpd[2545]: ntp_io: estimated max descriptors: 1048576, initial socket boundary: 16
May 24 16:38:06 s7153 ntpd[2545]: Listen normally on 0 v4wildcard 0.0.0.0 UDP 123
May 24 16:38:06 s7153 ntpd[2545]: Listen normally on 1 v6wildcard :: UDP 123
May 24 16:38:06 s7153 ntpd[2545]: Listen normally on 2 lo 127.0.0.1 UDP 123
May 24 16:38:06 s7153 ntpd[2545]: Listen normally on 4 lo ::1 UDP 123
May 24 16:38:06 s7153 ntpd[2545]: Listening on routing socket on fd #20 for interface updates
May 24 16:38:06 s7153 ntpd[2545]: 0.0.0.0 c016 06 restart
May 24 16:38:06 s7153 ntpd[2545]: 0.0.0.0 c012 02 freq_set kernel -27.105 PPM
May 24 16:38:06 s7153 xinetd[2554]: Reading included configuration file: /etc/xinetd.d/chargen-dgram [file=/etc/xinetd.conf] [line=56]
May 24 16:38:06 s7153 xinetd[2554]: Reading included configuration file: /etc/xinetd.d/chargen-stream [file=/etc/xinetd.d/chargen-stream] [line=67]
May 24 16:38:06 s7153 xinetd[2554]: Reading included configuration file: /etc/xinetd.d/daytime-dgram [file=/etc/xinetd.d/daytime-dgram] [line=67]
May 24 16:38:06 s7153 xinetd[2554]: Reading included configuration file: /etc/xinetd.d/daytime-stream [file=/etc/xinetd.d/daytime-stream] [line=67]
May 24 16:38:06 s7153 xinetd[2554]: Reading included configuration file: /etc/xinetd.d/discard-dgram [file=/etc/xinetd.d/discard-dgram] [line=67]
May 24 16:38:06 s7153 xinetd[2554]: Reading included configuration file: /etc/xinetd.d/discard-stream [file=/etc/xinetd.d/discard-stream] [line=67]
May 24 16:38:06 s7153 xinetd[2554]: Reading included configuration file: /etc/xinetd.d/echo-dgram [file=/etc/xinetd.d/echo-dgram] [line=67]
May 24 16:38:06 s7153 xinetd[2554]: Reading included configuration file: /etc/xinetd.d/echo-stream [file=/etc/xinetd.d/echo-stream] [line=67]
May 24 16:38:06 s7153 xinetd[2554]: Reading included configuration file: /etc/xinetd.d/ssh [file=/etc/xinetd.d/ssh] [line=67]
May 24 16:38:06 s7153 xinetd[2554]: Reading included configuration file: /etc/xinetd.d/ssh6 [file=/etc/xinetd.d/ssh6] [line=29]
May 24 16:38:06 s7153 xinetd[2554]: Reading included configuration file: /etc/xinetd.d/tcpmux-server [file=/etc/xinetd.d/tcpmux-server] [line=29]
May 24 16:38:06 s7153 xinetd[2554]: Reading included configuration file: /etc/xinetd.d/telnet [file=/etc/xinetd.d/telnet] [line=68]
May 24 16:38:06 s7153 xinetd[2554]: Reading included configuration file: /etc/xinetd.d/time-dgram [file=/etc/xinetd.d/time-dgram] [line=29]
May 24 16:38:06 s7153 xinetd[2554]: Reading included configuration file: /etc/xinetd.d/time-stream [file=/etc/xinetd.d/time-stream] [line=67]
May 24 16:38:06 s7153 xinetd[2554]: removing chargen
May 24 16:38:06 s7153 xinetd[2554]: removing chargen
May 24 16:38:06 s7153 xinetd[2554]: removing daytime
May 24 16:38:06 s7153 xinetd[2554]: removing daytime
May 24 16:38:06 s7153 xinetd[2554]: removing discard
May 24 16:38:06 s7153 xinetd[2554]: removing discard
May 24 16:38:06 s7153 xinetd[2554]: removing echo
May 24 16:38:06 s7153 xinetd[2554]: removing echo
May 24 16:38:06 s7153 xinetd[2554]: removing tcpmux
May 24 16:38:06 s7153 xinetd[2554]: removing telnet
May 24 16:38:06 s7153 xinetd[2554]: removing time
May 24 16:38:06 s7153 xinetd[2554]: removing time
May 24 16:38:06 s7153 xinetd[2554]: xinetd Version 2.3.15 started with loadavg labeled-networking options compiled in.
May 24 16:38:06 s7153 xinetd[2554]: Started working: 2 available services
May 24 16:38:06 s7153 xinetd[2554]: Starting reconfiguration
May 24 16:38:06 s7153 xinetd[2554]: Reading included configuration file: /etc/xinetd.d/chargen-dgram [file=/etc/xinetd.conf] [line=56]
May 24 16:38:06 s7153 xinetd[2554]: Reading included configuration file: /etc/xinetd.d/chargen-stream [file=/etc/xinetd.d/chargen-stream] [line=67]
May 24 16:38:06 s7153 xinetd[2554]: Reading included configuration file: /etc/xinetd.d/daytime-dgram [file=/etc/xinetd.d/daytime-dgram] [line=67]
May 24 16:38:06 s7153 xinetd[2554]: Reading included configuration file: /etc/xinetd.d/daytime-stream [file=/etc/xinetd.d/daytime-stream] [line=67]
May 24 16:38:06 s7153 xinetd[2554]: Reading included configuration file: /etc/xinetd.d/discard-dgram [file=/etc/xinetd.d/discard-dgram] [line=67]
May 24 16:38:06 s7153 xinetd[2554]: Reading included configuration file: /etc/xinetd.d/discard-stream [file=/etc/xinetd.d/discard-stream] [line=67]
May 24 16:38:06 s7153 xinetd[2554]: Reading included configuration file: /etc/xinetd.d/echo-dgram [file=/etc/xinetd.d/echo-dgram] [line=67]
May 24 16:38:06 s7153 xinetd[2554]: Reading included configuration file: /etc/xinetd.d/echo-stream [file=/etc/xinetd.d/echo-stream] [line=67]
May 24 16:38:06 s7153 xinetd[2554]: Reading included configuration file: /etc/xinetd.d/ssh [file=/etc/xinetd.d/ssh] [line=67]
May 24 16:38:06 s7153 xinetd[2554]: Reading included configuration file: /etc/xinetd.d/ssh6 [file=/etc/xinetd.d/ssh6] [line=29]
May 24 16:38:06 s7153 xinetd[2554]: Reading included configuration file: /etc/xinetd.d/tcpmux-server [file=/etc/xinetd.d/tcpmux-server] [line=29]
May 24 16:38:06 s7153 xinetd[2554]: Reading included configuration file: /etc/xinetd.d/telnet [file=/etc/xinetd.d/telnet] [line=68]
May 24 16:38:06 s7153 xinetd[2554]: Reading included configuration file: /etc/xinetd.d/time-dgram [file=/etc/xinetd.d/time-dgram] [line=29]
May 24 16:38:06 s7153 xinetd[2554]: Reading included configuration file: /etc/xinetd.d/time-stream [file=/etc/xinetd.d/time-stream] [line=67]
May 24 16:38:06 s7153 xinetd[2554]: removing chargen
May 24 16:38:06 s7153 xinetd[2554]: removing chargen
May 24 16:38:06 s7153 xinetd[2554]: removing daytime
May 24 16:38:06 s7153 xinetd[2554]: removing daytime
May 24 16:38:06 s7153 xinetd[2554]: removing discard
May 24 16:38:06 s7153 xinetd[2554]: removing discard
May 24 16:38:06 s7153 xinetd[2554]: removing echo
May 24 16:38:06 s7153 xinetd[2554]: removing echo
May 24 16:38:06 s7153 xinetd[2554]: removing tcpmux
May 24 16:38:06 s7153 xinetd[2554]: removing telnet
May 24 16:38:06 s7153 xinetd[2554]: removing time
May 24 16:38:06 s7153 xinetd[2554]: removing time
May 24 16:38:06 s7153 xinetd[2554]: Swapping defaults
May 24 16:38:06 s7153 xinetd[2554]: readjusting service ssh
May 24 16:38:06 s7153 xinetd[2554]: readjusting service ssh6
May 24 16:38:06 s7153 xinetd[2554]: Reconfigured: new=0 old=2 dropped=0 (services)
May 24 16:38:07 s7153 snmpd[2482]: AgentX subagent Net-SNMP AgentX sub-agent established session 0x56afbc68/0x56afbdf8/8
May 24 16:38:07 s7153 snmpd[2482]: AgentX subagent AGENTX Ribd (netns: default) version ribd-2.0.14, built Nonce established session 0x56aedca8/0x56b4db28/10
May 24 16:38:08 s7153 Launcher: %LAUNCHER-6-PROCESS_START: Configuring process 'Pmbus' to start in role 'ActiveSupervisor'
May 24 16:38:09 s7153 Pmbus: %AGENT-6-INITIALIZED: Agent 'Pmbus' initialized; pid=2582
May 24 16:38:09 s7153 kernel: [  203.078732] systemd[1]: Started Arista Aaa agent. On failure, only root login is enabled..
May 24 16:38:09 s7153 kernel: [  203.078815] systemd[1]: Starting This init script starts the console logger and reports to the console certain system and hardware properties....
May 24 16:38:09 s7153 Thermostat: %ENVMON-6-FAN_SPEED_UNSTABLE: The speed of the fan FanP2/1 is being stabilized
May 24 16:38:09 s7153 Thermostat: %ENVMON-6-FAN_SPEED_UNSTABLE: The speed of the fan FanP1/1 is being stabilized
May 24 16:38:11 s7153 kernel: [  204.584484] sch_prio loaded by (name modprobe | pid 2599) < (name kworker/u4:2 | pid 71) < (name kthreadd | pid 2) < (name swapper/0 | pid 0)(name swapper/0 | pid 0)(name swapper/0 | pid 0)(name swapper/0 | pid 0)(name swapper/0 | pid 0)(name swapper/0 | pid 0)(name swapper/0 | pid 0)(
May 24 16:38:11 s7153 kernel: [  204.725366] systemd[1]: Started This init script starts the console logger and reports to the console certain system and hardware properties..
May 24 16:38:11 s7153 kernel: [  204.725455] systemd[1]: Starting Getty on tty1...
May 24 16:38:11 s7153 kernel: [  204.726570] systemd[1]: Started Getty on tty1.
May 24 16:38:11 s7153 kernel: [  204.726615] systemd[1]: Starting Serial Getty on ttyS0...
May 24 16:38:11 s7153 kernel: [  204.727614] systemd[1]: Started Serial Getty on ttyS0.
May 24 16:38:11 s7153 kernel: [  204.727663] systemd[1]: Starting Login Prompts.
May 24 16:38:11 s7153 kernel: [  204.727684] systemd[1]: Reached target Login Prompts.
May 24 16:38:11 s7153 kernel: [  204.727711] systemd[1]: Starting Multi-User System.
May 24 16:38:11 s7153 Thermostat: %ENVMON-6-FAN_SPEED_STABLE: The speed of the fan Fan2/1 has been stabilized
May 24 16:38:11 s7153 Thermostat: %ENVMON-6-FAN_SPEED_STABLE: The speed of the fan Fan1/1 has been stabilized
May 24 16:38:11 s7153 Thermostat: %ENVMON-6-FAN_SPEED_STABLE: The speed of the fan Fan4/1 has been stabilized
May 24 16:38:13 s7153 ntpd[2545]: ntpd exiting on signal 15
May 24 16:38:13 s7153 Thermostat: %ENVMON-6-FAN_SPEED_STABLE: The speed of the fan Fan3/1 has been stabilized
May 24 16:38:14 s7153 ntpd[2734]: ntpd 4.2.6p3-RC10@1.2239-o Fri Feb 21 04:06:37 UTC 2020 (1)
May 24 16:38:14 s7153 ntpd[2760]: proto: precision = 0.170 usec
May 24 16:38:14 s7153 ntpd[2760]: 0.0.0.0 c01d 0d kern kernel time sync enabled
May 24 16:38:14 s7153 ntpd[2760]: ntp_io: estimated max descriptors: 1048576, initial socket boundary: 16
May 24 16:38:14 s7153 ntpd[2760]: Listen normally on 0 v4wildcard 0.0.0.0 UDP 123
May 24 16:38:14 s7153 ntpd[2760]: Listen normally on 1 v6wildcard :: UDP 123
May 24 16:38:14 s7153 ntpd[2760]: Listen normally on 2 lo 127.0.0.1 UDP 123
May 24 16:38:14 s7153 ntpd[2760]: Listen normally on 4 lo ::1 UDP 123
May 24 16:38:14 s7153 ntpd[2760]: Listening on routing socket on fd #20 for interface updates
May 24 16:38:14 s7153 ntpd[2760]: 0.0.0.0 c016 06 restart
May 24 16:38:14 s7153 ntpd[2760]: 0.0.0.0 c012 02 freq_set kernel -27.105 PPM
May 24 16:38:14 s7153 Stp: %SPANTREE-6-STABLE_CHANGE: Stp state is now stable
May 24 16:38:16 s7153 PowerManager: %PWRMGMT-4-INPUT_POWER_LOSS: PowerSupply1 has lost input power.
May 24 16:38:18 s7153 Launcher: %LAUNCHER-6-PROCESS_START: Configuring process 'AltaLanz' to start in role 'ActiveSupervisor'
